Archive member included because of file (symbol)

../ecrobot/../ecrobot/libecrobot++.a(I2c.o)
                              build/main.o (_ZN7ecrobot3I2cD2Ev)
../ecrobot/../ecrobot/libecrobot++.a(Lcd.o)
                              build/main.o (_ZN7ecrobot3LcdC1Ev)
../ecrobot/../ecrobot/libecrobot++.a(LightSensor.o)
                              build/main.o (_ZN7ecrobot11LightSensorD1Ev)
../ecrobot/../ecrobot/libecrobot++.a(Motor.o)
                              build/main.o (_ZN7ecrobot5MotorC1E6ePortMb)
../ecrobot/../ecrobot/libecrobot++.a(SonarSensor.o)
                              build/main.o (_ZN7ecrobot11SonarSensorC1E6ePortS)
../ecrobot/../ecrobot/libecrobot++.a(TouchSensor.o)
                              build/main.o (_ZN7ecrobot11TouchSensorC1E6ePortS)
../ecrobot/../ecrobot/libecrobot++.a(New.o)
                              build/MEXU.o (_Znwm)
../ecrobot/../ecrobot/libecrobot.a(ecrobot_device_hook.o)
                              build/ecrobot.o (ecrobot_device_initialize)
../ecrobot/../ecrobot/libecrobot.a(ecrobot_interface.o)
                              build/ecrobot_base.o (ecrobot_get_battery_voltage)
../ecrobot/../ecrobot/libecrobot.a(colorsensor.o)
                              ../ecrobot/../ecrobot/libecrobot.a(ecrobot_interface.o) (colorsensor_init)
../ecrobot/../ecrobot/libecrobot.a(uart.oram)
                              build/config/armv4/at91sam7s/irq.oram (uart_isr_C_0)
../ecrobot/../ecrobot/libecrobot.a(systick.oram)
                              build/config/armv4/at91sam7s/irq.oram (systick_low_priority_C)
../ecrobot/../ecrobot/libecrobot.a(byte_fifo.oram)
                              ../ecrobot/../ecrobot/libecrobot.a(uart.oram) (byte_fifo_put)
../ecrobot/../ecrobot/libecrobot.a(aic.oram)
                              ../ecrobot/../ecrobot/libecrobot.a(uart.oram) (aic_set_vector)
../ecrobot/../ecrobot/libecrobot.a(udp.oram)
                              build/config/armv4/at91sam7s/irq.oram (udp_isr_C)
../ecrobot/../ecrobot/libecrobot.a(twi.oram)
                              build/config/armv4/at91sam7s/irq.oram (twi_isr_C)
../ecrobot/../ecrobot/libecrobot.a(nxt_spi.oram)
                              build/config/armv4/at91sam7s/irq.oram (spi_isr_C)
../ecrobot/../ecrobot/libecrobot.a(nxt_motors.oram)
                              ../ecrobot/../ecrobot/libecrobot.a(ecrobot_interface.o) (nxt_motor_get_count)
../ecrobot/../ecrobot/libecrobot.a(data_abort.oram)
                              build/ecrobot_init.o (data_abort_C)
../ecrobot/../ecrobot/libecrobot.a(display.oram)
                              build/rtoscalls.o (display_update)
../ecrobot/../ecrobot/libecrobot.a(i2c.oram)
                              build/config/armv4/at91sam7s/irq.oram (i2c_timer_isr_C)
../ecrobot/../ecrobot/libecrobot.a(sound.oram)
                              ../ecrobot/../ecrobot/libecrobot.a(ecrobot_interface.o) (sound_get_time)
../ecrobot/../ecrobot/libecrobot.a(bt.oram)
                              build/ecrobot_bluetooth.o (bt_send)
../ecrobot/../ecrobot/libecrobot.a(nxt_avr.oram)
                              build/ecrobot_base.o (nxt_avr_power_down)
../ecrobot/../ecrobot/libecrobot.a(sensors.oram)
                              ../ecrobot/../ecrobot/libecrobot++.a(LightSensor.o) (unset_digi0)
../ecrobot/../ecrobot/libecrobot.a(sensors1.oram)
                              ../ecrobot/../ecrobot/libecrobot.a(colorsensor.o) (sensor_pins)
../ecrobot/../ecrobot/libecrobot.a(nxt_lcd.oram)
                              ../ecrobot/../ecrobot/libecrobot.a(display.oram) (nxt_lcd_force_update)
../ecrobot/../ecrobot/libecrobot.a(flash_loader.oram)
                              build/ecrobot_base.o (set_flash_request)
../ecrobot/../ecrobot/libecrobot.a(interrupts.oram)
                              build/ecrobot.o (interrupts_get_and_disable)
../ecrobot/../ecrobot/libecrobot.a(nxtjsp_splash.obmp)
                              build/ecrobot_base.o (nxtjsp_splash_bmp_start)
../ecrobot/../ecrobot/libecrobot.a(ecrobot_usb.o)
                              ../ecrobot/../ecrobot/libecrobot.a(flash_loader.oram) (ecrobot_init_usb)
../ecrobot/../ecrobot/libecrobot.a(flashprog.oram)
                              ../ecrobot/../ecrobot/libecrobot.a(flash_loader.oram) (flash_write_page)
/vagrant/gnuarm/lib/gcc/arm-elf/4.4.2/../../../../arm-elf/lib/thumb/interwork/libstdc++.a(pure.o)
                              build/MEXU.o (__cxa_pure_virtual)
/vagrant/gnuarm/lib/gcc/arm-elf/4.4.2/../../../../arm-elf/lib/thumb/interwork/libstdc++.a(eh_personality.o)
                              /vagrant/gnuarm/lib/gcc/arm-elf/4.4.2/../../../../arm-elf/lib/thumb/interwork/libstdc++.a(pure.o) (__gxx_personality_sj0)
/vagrant/gnuarm/lib/gcc/arm-elf/4.4.2/../../../../arm-elf/lib/thumb/interwork/libstdc++.a(eh_terminate.o)
                              /vagrant/gnuarm/lib/gcc/arm-elf/4.4.2/../../../../arm-elf/lib/thumb/interwork/libstdc++.a(eh_personality.o) (_ZN10__cxxabiv111__terminateEPFvvE)
[...]
Memory Configuration

Name             Origin             Length             Attributes
rom              0x00108000         0x00038000
vector_ram       0x00200000         0x00000040
ram              0x00200040         0x0000ffc0
*default*        0x00000000         0xffffffff

Linker script and memory map

LOAD build/kernel/banner.o
LOAD build/kernel/cyclic.o
LOAD build/kernel/dataqueue.o
LOAD build/kernel/eventflag.o
LOAD build/kernel/exception.o
LOAD build/kernel/interrupt.o
LOAD build/kernel/mailbox.o
LOAD build/kernel/mempfix.o
LOAD build/kernel/semaphore.o
LOAD build/kernel/startup.o
LOAD build/kernel/sys_manage.o
LOAD build/kernel/syslog.o
LOAD build/kernel/task.o
LOAD build/kernel/task_except.o
LOAD build/kernel/task_manage.o
LOAD build/kernel/task_sync.o
LOAD build/kernel/time_event.o
LOAD build/kernel/time_manage.o
LOAD build/kernel/wait.o
LOAD build/config/armv4/cpu_config.o
LOAD build/config/armv4/at91sam7s/sys_config.o
LOAD build/./kernel_cfg.o
LOAD build/rtoscalls.o
LOAD build/syscalls.o
LOAD build/ecrobot_bluetooth.o
LOAD build/ecrobot_base.o
LOAD build/ecrobot.o
LOAD build/library/log_output.oram
LOAD build/library/strerror.oram
LOAD build/library/t_perror.oram
LOAD build/library/vasyslog.oram
LOAD build/main.o
LOAD build/MEXU.o
LOAD build/stm.o
LOAD build/nxtvm/platform/nxt/vectors.o
LOAD build/nxt_binary_header.o
LOAD build/nxt_entry_point.o
LOAD build/ecrobot_init.o
LOAD build/config/armv4/cpu_support.oram
LOAD build/config/armv4/at91sam7s/irq.oram
LOAD ../ecrobot/../ecrobot/libecrobot++.a
LOAD ../ecrobot/../ecrobot/libecrobot.a
LOAD /vagrant/gnuarm/lib/gcc/arm-elf/4.4.2/../../../../arm-elf/lib/thumb/interwork/libstdc++.a
LOAD /vagrant/gnuarm/lib/gcc/arm-elf/4.4.2/../../../../arm-elf/lib/thumb/interwork/libm.a
START GROUP
LOAD /vagrant/gnuarm/lib/gcc/arm-elf/4.4.2/thumb/interwork/libgcc.a
LOAD /vagrant/gnuarm/lib/gcc/arm-elf/4.4.2/../../../../arm-elf/lib/thumb/interwork/libc.a
END GROUP
                0x00108000                ROM_BASE = 0x108000
                0x00038000                ROM_SIZE = 0x38000
                0x00200000                RAM_BASE = 0x200000
                0x00010000                RAM_SIZE = 0x10000

.vectors        0x00200000       0x40 load address 0x00108000
 vectors.o(*.text *.text.*)
 .text          0x00200000       0x38 build/nxtvm/platform/nxt/vectors.o
                0x00200040                . = ALIGN (0x10)
 *fill*         0x00200038        0x8 00
                0x00200000                __vectors_ram_start__ = ADDR (.vectors)
                0x00200040                __vectors_ram_end__ = (ADDR (.vectors) + SIZEOF (.vectors))
                0x00108000                __vectors_load_start__ = LOADADDR (.vectors)
                0x00108040                __vectors_load_end__ = (LOADADDR (.vectors) + SIZEOF (.vectors))

.init           0x00108040      0x280
 *ecrobot_init.o(*.text *.text.*)
 .text          0x00108040      0x280 build/ecrobot_init.o
                0x00108040                start
                0x001081ac                undef_handler
                0x001081b0                swi_handler
                0x001081b4                prefetch_abort_handler
                0x001081b8                data_abort_handler
                0x001081d4                reserved_handler
                0x001082c0                . = ALIGN (0x10)

.ram_text       0x00200040     0x3d30 load address 0x001082c0
                0x00200040                . = ALIGN (0x10)
 *.oram(*.text *.text.* *.glue*)
 .text.convert  0x00200040       0xa8 build/library/log_output.oram
 .text.syslog_printf
                0x002000e8      0x114 build/library/log_output.oram
                0x002000e8                syslog_printf
 .text.syslog_print
                0x002001fc       0x2c build/library/log_output.oram
                0x002001fc                syslog_print
 *fill*         0x00200228        0x8 00
 .text          0x00200230      0x1b0 build/config/armv4/cpu_support.oram
                0x00200230                _kernel_dispatch
                0x00200278                _kernel_exit_and_dispatch
                0x002002f8                _kernel_activate_r
                0x00200318                _kernel_ret_exc
                0x00200318                _kernel_ret_int
                0x00200354                _kernel_break_wait
                0x0020038c                sil_dly_nse
                0x002003ac                current_sr
                0x002003b4                set_sr
 .text          0x002003e0      0xcc8 build/config/armv4/at91sam7s/irq.oram
                0x002003e0                default_isr
                0x002003e0                default_fiq
                0x002003e0                spurious_isr
                0x002003e4                systick_isr_entry
                0x00200520                systick_low_priority_entry
                0x0020065c                udp_isr_entry
                0x00200798                spi_isr_entry
                0x002008d4                twi_isr_entry
                0x00200a10                sound_isr_entry
                0x00200b4c                uart_isr_entry_0
                0x00200c88                uart_isr_entry_1
                0x00200dc4                nxt_motor_isr_entry
                0x00200f00                i2c_timer_isr_entry
                0x0020103c                lejos_osek_run
                0x00201048                lejos_osek_stop
 .text.uart_process_isr
                0x002010a8       0x88 ../ecrobot/../ecrobot/libecrobot.a(uart.oram)
 .text.uart_isr_C_0
                0x00201130        0xc ../ecrobot/../ecrobot/libecrobot.a(uart.oram)
                0x00201130                uart_isr_C_0
 .text.uart_isr_C_1
                0x0020113c        0xc ../ecrobot/../ecrobot/libecrobot.a(uart.oram)
                0x0020113c                uart_isr_C_1
 .text.systick_low_priority_C
                0x00201148       0x1c ../ecrobot/../ecrobot/libecrobot.a(systick.oram)
                0x00201148                systick_low_priority_C
 .text.systick_isr_C
                0x00201164       0x24 ../ecrobot/../ecrobot/libecrobot.a(systick.oram)
                0x00201164                systick_isr_C
 .text.systick_get_ms
                0x00201188        0xc ../ecrobot/../ecrobot/libecrobot.a(systick.oram)
                0x00201188                systick_get_ms
 .text.systick_wait_ms
                0x00201194       0x1c ../ecrobot/../ecrobot/libecrobot.a(systick.oram)
                0x00201194                systick_wait_ms
 .text.systick_wait_ns
                0x002011b0       0x1c ../ecrobot/../ecrobot/libecrobot.a(systick.oram)
                0x002011b0                systick_wait_ns
 .text.systick_init
                0x002011cc       0x58 ../ecrobot/../ecrobot/libecrobot.a(systick.oram)
                0x002011cc                systick_init
 .text.systick_suspend
                0x00201224        0xc ../ecrobot/../ecrobot/libecrobot.a(systick.oram)
                0x00201224                systick_suspend
 .text.systick_resume
                0x00201230        0xc ../ecrobot/../ecrobot/libecrobot.a(systick.oram)
                0x00201230                systick_resume
 .text.byte_fifo_put
                0x0020123c       0x58 ../ecrobot/../ecrobot/libecrobot.a(byte_fifo.oram)
                0x0020123c                byte_fifo_put
 .text.byte_fifo_get
                0x00201294       0x2c ../ecrobot/../ecrobot/libecrobot.a(byte_fifo.oram)
                0x00201294                byte_fifo_get
 .text.aic_initialise
                0x002012c0       0x5c ../ecrobot/../ecrobot/libecrobot.a(aic.oram)
                0x002012c0                aic_initialise
 .text.aic_set_vector
                0x0020131c       0x30 ../ecrobot/../ecrobot/libecrobot.a(aic.oram)
                0x0020131c                aic_set_vector
 .text.aic_mask_on
                0x0020134c       0x24 ../ecrobot/../ecrobot/libecrobot.a(aic.oram)
                0x0020134c                aic_mask_on
 .text.aic_mask_off
                0x00201370       0x24 ../ecrobot/../ecrobot/libecrobot.a(aic.oram)
                0x00201370                aic_mask_off
 .text.aic_clear
                0x00201394       0x24 ../ecrobot/../ecrobot/libecrobot.a(aic.oram)
                0x00201394                aic_clear
 .text.reset    0x002013b8       0x4c ../ecrobot/../ecrobot/libecrobot.a(udp.oram)
 .text.udp_send_null
                0x00201404       0x2c ../ecrobot/../ecrobot/libecrobot.a(udp.oram)
 .text.udp_send_stall
                0x00201430       0x2c ../ecrobot/../ecrobot/libecrobot.a(udp.oram)
 .text.udp_send_control
                0x0020145c       0x60 ../ecrobot/../ecrobot/libecrobot.a(udp.oram)
 .text.udp_isr_C
                0x002014bc      0x7d0 ../ecrobot/../ecrobot/libecrobot.a(udp.oram)
                0x002014bc                udp_isr_C
 .text.twi_status
                0x00201c8c       0x20 ../ecrobot/../ecrobot/libecrobot.a(twi.oram)
                0x00201c8c                twi_status
 .text.twi_isr_C
                0x00201cac       0xc4 ../ecrobot/../ecrobot/libecrobot.a(twi.oram)
                0x00201cac                twi_isr_C
 .text.twi_reset
                0x00201d70       0xb4 ../ecrobot/../ecrobot/libecrobot.a(twi.oram)
                0x00201d70                twi_reset
 .text.twi_init
                0x00201e24       0x4c ../ecrobot/../ecrobot/libecrobot.a(twi.oram)
                0x00201e24                twi_init
 .text.twi_start_read
                0x00201e70       0x60 ../ecrobot/../ecrobot/libecrobot.a(twi.oram)
                0x00201e70                twi_start_read
 .text.twi_start_write
                0x00201ed0       0x64 ../ecrobot/../ecrobot/libecrobot.a(twi.oram)
                0x00201ed0                twi_start_write
 .text.spi_set_mode
                0x00201f34       0x40 ../ecrobot/../ecrobot/libecrobot.a(nxt_spi.oram)
 .text.spi_isr_C
                0x00201f74       0x8c ../ecrobot/../ecrobot/libecrobot.a(nxt_spi.oram)
                0x00201f74                spi_isr_C
 .text.nxt_spi_init
                0x00202000      0x12c ../ecrobot/../ecrobot/libecrobot.a(nxt_spi.oram)
                0x00202000                nxt_spi_init
 .text.nxt_spi_write
                0x0020212c       0x44 ../ecrobot/../ecrobot/libecrobot.a(nxt_spi.oram)
                0x0020212c                nxt_spi_write
 .text.nxt_spi_set_display
                0x00202170       0x10 ../ecrobot/../ecrobot/libecrobot.a(nxt_spi.oram)
                0x00202170                nxt_spi_set_display
 .text.nxt_spi_refresh
                0x00202180       0x24 ../ecrobot/../ecrobot/libecrobot.a(nxt_spi.oram)
                0x00202180                nxt_spi_refresh
 .text.nxt_motor_set_count
                0x002021a4       0x10 ../ecrobot/../ecrobot/libecrobot.a(nxt_motors.oram)
                0x002021a4                nxt_motor_set_count
 .text.nxt_motor_set_speed
                0x002021b4       0x34 ../ecrobot/../ecrobot/libecrobot.a(nxt_motors.oram)
                0x002021b4                nxt_motor_set_speed
 .text.nxt_motor_1kHz_process
                0x002021e8       0x28 ../ecrobot/../ecrobot/libecrobot.a(nxt_motors.oram)
                0x002021e8                nxt_motor_1kHz_process
 .text.nxt_motor_quad_decode
                0x00202210       0x30 ../ecrobot/../ecrobot/libecrobot.a(nxt_motors.oram)
                0x00202210                nxt_motor_quad_decode
 .text.nxt_motor_isr_C
                0x00202240       0x88 ../ecrobot/../ecrobot/libecrobot.a(nxt_motors.oram)
                0x00202240                nxt_motor_isr_C
 .text.nxt_motor_init
                0x002022c8       0x68 ../ecrobot/../ecrobot/libecrobot.a(nxt_motors.oram)
                0x002022c8                nxt_motor_init
 .text.data_abort_C
                0x00202330       0x7c ../ecrobot/../ecrobot/libecrobot.a(data_abort.oram)
                0x00202330                data_abort_C
 .text.display_update
                0x002023ac       0x14 ../ecrobot/../ecrobot/libecrobot.a(display.oram)
                0x002023ac                display_update
 .text.display_force_update
                0x002023c0        0xc ../ecrobot/../ecrobot/libecrobot.a(display.oram)
                0x002023c0                display_force_update
 .text.display_clear
                0x002023cc       0x24 ../ecrobot/../ecrobot/libecrobot.a(display.oram)
                0x002023cc                display_clear
 .text.display_goto_xy
                0x002023f0       0x14 ../ecrobot/../ecrobot/libecrobot.a(display.oram)
                0x002023f0                display_goto_xy
 .text.display_char
                0x00202404       0x60 ../ecrobot/../ecrobot/libecrobot.a(display.oram)
                0x00202404                display_char
 .text.display_string
                0x00202464       0x3c ../ecrobot/../ecrobot/libecrobot.a(display.oram)
                0x00202464                display_string
 .text.display_hex
                0x002024a0       0x50 ../ecrobot/../ecrobot/libecrobot.a(display.oram)
                0x002024a0                display_hex
 .text.display_unsigned_worker
                0x002024f0       0x70 ../ecrobot/../ecrobot/libecrobot.a(display.oram)
 .text.display_unsigned
                0x00202560        0xc ../ecrobot/../ecrobot/libecrobot.a(display.oram)
                0x00202560                display_unsigned
 .text.display_int
                0x0020256c       0x14 ../ecrobot/../ecrobot/libecrobot.a(display.oram)
                0x0020256c                display_int
 .text.display_bitmap_copy
                0x00202580       0x5c ../ecrobot/../ecrobot/libecrobot.a(display.oram)
                0x00202580                display_bitmap_copy
 .text.display_init
                0x002025dc       0x50 ../ecrobot/../ecrobot/libecrobot.a(display.oram)
                0x002025dc                display_init
 .text.i2c_timer_isr_C
                0x0020262c      0x314 ../ecrobot/../ecrobot/libecrobot.a(i2c.oram)
                0x0020262c                i2c_timer_isr_C
 .text.i2c_disable
                0x00202940       0x20 ../ecrobot/../ecrobot/libecrobot.a(i2c.oram)
                0x00202940                i2c_disable
 .text.i2c_enable
                0x00202960       0x40 ../ecrobot/../ecrobot/libecrobot.a(i2c.oram)
                0x00202960                i2c_enable
 .text.i2c_init
                0x002029a0       0xa4 ../ecrobot/../ecrobot/libecrobot.a(i2c.oram)
                0x002029a0                i2c_init
 .text.i2c_busy
                0x00202a44       0x24 ../ecrobot/../ecrobot/libecrobot.a(i2c.oram)
                0x00202a44                i2c_busy
 .text.i2c_start_transaction
                0x00202a68      0x108 ../ecrobot/../ecrobot/libecrobot.a(i2c.oram)
                0x00202a68                i2c_start_transaction
 .text.sound_fill_sample_buffer
                0x00202b70       0xe4 ../ecrobot/../ecrobot/libecrobot.a(sound.oram)
                0x00202b70                sound_fill_sample_buffer
 .text.sound_init
                0x00202c54       0xa0 ../ecrobot/../ecrobot/libecrobot.a(sound.oram)
                0x00202c54                sound_init
 .text.sound_isr_C
                0x00202cf4      0x180 ../ecrobot/../ecrobot/libecrobot.a(sound.oram)
                0x00202cf4                sound_isr_C
 .text.bt_init  0x00202e74      0x1c0 ../ecrobot/../ecrobot/libecrobot.a(bt.oram)
                0x00202e74                bt_init
 .text.nxt_avr_power_down
                0x00203034       0x10 ../ecrobot/../ecrobot/libecrobot.a(nxt_avr.oram)
                0x00203034                nxt_avr_power_down
 .text.nxt_avr_link_init
                0x00203044       0x20 ../ecrobot/../ecrobot/libecrobot.a(nxt_avr.oram)
                0x00203044                nxt_avr_link_init
 .text.nxt_avr_init
                0x00203064       0x6c ../ecrobot/../ecrobot/libecrobot.a(nxt_avr.oram)
                0x00203064                nxt_avr_init
 .text.nxt_avr_1kHz_update
                0x002030d0      0x1cc ../ecrobot/../ecrobot/libecrobot.a(nxt_avr.oram)
                0x002030d0                nxt_avr_1kHz_update
 .text.buttons_get
                0x0020329c        0xc ../ecrobot/../ecrobot/libecrobot.a(nxt_avr.oram)
                0x0020329c                buttons_get
 .text.battery_voltage
                0x002032a8       0x28 ../ecrobot/../ecrobot/libecrobot.a(nxt_avr.oram)
                0x002032a8                battery_voltage
 .text.sensor_adc
                0x002032d0       0x20 ../ecrobot/../ecrobot/libecrobot.a(nxt_avr.oram)
                0x002032d0                sensor_adc
 .text.nxt_avr_set_motor
                0x002032f0       0x34 ../ecrobot/../ecrobot/libecrobot.a(nxt_avr.oram)
                0x002032f0                nxt_avr_set_motor
 .text.nxt_avr_set_input_power
                0x00203324       0x3c ../ecrobot/../ecrobot/libecrobot.a(nxt_avr.oram)
                0x00203324                nxt_avr_set_input_power
 .text.unset_digi0
                0x00203360       0x44 ../ecrobot/../ecrobot/libecrobot.a(sensors.oram)
                0x00203360                unset_digi0
 .text.unset_digi1
                0x002033a4       0x44 ../ecrobot/../ecrobot/libecrobot.a(sensors.oram)
                0x002033a4                unset_digi1
 .text.init_sensors
                0x002033e8       0x4c ../ecrobot/../ecrobot/libecrobot.a(sensors.oram)
                0x002033e8                init_sensors
 .text.set_digi0
                0x00203434       0x44 ../ecrobot/../ecrobot/libecrobot.a(sensors.oram)
                0x00203434                set_digi0
 .text.nxt_lcd_command
                0x00203478       0x18 ../ecrobot/../ecrobot/libecrobot.a(nxt_lcd.oram)
                0x00203478                nxt_lcd_command
 .text.nxt_lcd_set_col
                0x00203490       0x24 ../ecrobot/../ecrobot/libecrobot.a(nxt_lcd.oram)
                0x00203490                nxt_lcd_set_col
 .text.nxt_lcd_set_multiplex_rate
                0x002034b4       0x18 ../ecrobot/../ecrobot/libecrobot.a(nxt_lcd.oram)
                0x002034b4                nxt_lcd_set_multiplex_rate
 .text.nxt_lcd_set_page_address
                0x002034cc       0x18 ../ecrobot/../ecrobot/libecrobot.a(nxt_lcd.oram)
                0x002034cc                nxt_lcd_set_page_address
 .text.nxt_lcd_set_pot
                0x002034e4       0x1c ../ecrobot/../ecrobot/libecrobot.a(nxt_lcd.oram)
                0x002034e4                nxt_lcd_set_pot
 .text.nxt_lcd_set_ram_address_control
                0x00203500       0x18 ../ecrobot/../ecrobot/libecrobot.a(nxt_lcd.oram)
                0x00203500                nxt_lcd_set_ram_address_control
 .text.nxt_lcd_enable
                0x00203518       0x14 ../ecrobot/../ecrobot/libecrobot.a(nxt_lcd.oram)
                0x00203518                nxt_lcd_enable
 .text.nxt_lcd_set_map_control
                0x0020352c       0x18 ../ecrobot/../ecrobot/libecrobot.a(nxt_lcd.oram)
                0x0020352c                nxt_lcd_set_map_control
 .text.nxt_lcd_reset
                0x00203544        0xc ../ecrobot/../ecrobot/libecrobot.a(nxt_lcd.oram)
                0x00203544                nxt_lcd_reset
 .text.nxt_lcd_set_bias_ratio
                0x00203550       0x18 ../ecrobot/../ecrobot/libecrobot.a(nxt_lcd.oram)
                0x00203550                nxt_lcd_set_bias_ratio
 .text.nxt_lcd_force_update
                0x00203568       0x30 ../ecrobot/../ecrobot/libecrobot.a(nxt_lcd.oram)
                0x00203568                nxt_lcd_force_update
 .text.nxt_lcd_update
                0x00203598        0xc ../ecrobot/../ecrobot/libecrobot.a(nxt_lcd.oram)
                0x00203598                nxt_lcd_update
 .text.nxt_lcd_power_up
                0x002035a4       0x48 ../ecrobot/../ecrobot/libecrobot.a(nxt_lcd.oram)
                0x002035a4                nxt_lcd_power_up
 .text.nxt_lcd_power_down
                0x002035ec        0xc ../ecrobot/../ecrobot/libecrobot.a(nxt_lcd.oram)
                0x002035ec                nxt_lcd_power_down
 .text.nxt_lcd_init
                0x002035f8       0x18 ../ecrobot/../ecrobot/libecrobot.a(nxt_lcd.oram)
                0x002035f8                nxt_lcd_init
 .text.verify_flash_page
                0x00203610       0x34 ../ecrobot/../ecrobot/libecrobot.a(flash_loader.oram)
 .text.set_flash_request
                0x00203644       0x38 ../ecrobot/../ecrobot/libecrobot.a(flash_loader.oram)
                0x00203644                set_flash_request
 .text.nxt_device_init
                0x0020367c       0x38 ../ecrobot/../ecrobot/libecrobot.a(flash_loader.oram)
                0x0020367c                nxt_device_init
 .text          0x002036b4       0x68 ../ecrobot/../ecrobot/libecrobot.a(interrupts.oram)
                0x002036b4                interrupts_get_and_disable
                0x002036d8                interrupts_enable
                0x002036e8                fiq_get_and_disable
                0x0020370c                fiq_enable
 .text.flash_write_page
                0x0020371c       0xc0 ../ecrobot/../ecrobot/libecrobot.a(flashprog.oram)
                0x0020371c                flash_write_page
                0x002037e0                . = ALIGN (0x10)
 *fill*         0x002037dc        0x4 00
 *.oram(*.rodata *.rodata.*)
 .rodata.radHEX
                0x002037e0       0x14 build/library/log_output.oram
 .rodata.str1.1
                0x002037f4       0x34 build/library/log_output.oram
 .rodata.radhex
                0x00203828       0x14 build/library/log_output.oram
 .rodata.raddec
                0x0020383c        0xc build/library/log_output.oram
 .rodata.ld     0x00203848        0x4 ../ecrobot/../ecrobot/libecrobot.a(udp.oram)
 .rodata.cfd    0x0020384c       0x20 ../ecrobot/../ecrobot/libecrobot.a(udp.oram)
 .rodata.dd     0x0020386c       0x12 ../ecrobot/../ecrobot/libecrobot.a(udp.oram)
 *fill*         0x0020387e        0x2 00
 .rodata.str1.4
                0x00203880       0x22 ../ecrobot/../ecrobot/libecrobot.a(data_abort.oram)
                                 0x24 (size before relaxing)
 .rodata.font   0x002038a2      0x280 ../ecrobot/../ecrobot/libecrobot.a(display.oram)
 *fill*         0x00203b22        0x2 00
 .rodata.str1.4
                0x00203b24       0x76 ../ecrobot/../ecrobot/libecrobot.a(display.oram)
                                 0x78 (size before relaxing)
 *fill*         0x00203b9a        0x2 00
 .rodata.i2c_pin
                0x00203b9c       0x20 ../ecrobot/../ecrobot/libecrobot.a(i2c.oram)
 .rodata.i2c_timer_isr_C
                0x00203bbc       0x38 ../ecrobot/../ecrobot/libecrobot.a(i2c.oram)
 .rodata.silence
                0x00203bf4       0x40 ../ecrobot/../ecrobot/libecrobot.a(sound.oram)
                0x00203bf4                silence
 .rodata.sample_pattern
                0x00203c34       0x84 ../ecrobot/../ecrobot/libecrobot.a(sound.oram)
                0x00203c34                sample_pattern
 .rodata        0x00203cb8        0xc ../ecrobot/../ecrobot/libecrobot.a(sound.oram)
 .rodata.avr_brainwash_string
                0x00203cc4       0x30 ../ecrobot/../ecrobot/libecrobot.a(nxt_avr.oram)
                0x00203cc4                avr_brainwash_string
 .rodata.nxt_avr_1kHz_update
                0x00203cf4       0x14 ../ecrobot/../ecrobot/libecrobot.a(nxt_avr.oram)
 .rodata.C.33.1823
                0x00203d08       0x10 ../ecrobot/../ecrobot/libecrobot.a(sensors.oram)
 .rodata.C.37.1857
                0x00203d18       0x10 ../ecrobot/../ecrobot/libecrobot.a(sensors.oram)
 .rodata.C.31.1806
                0x00203d28       0x10 ../ecrobot/../ecrobot/libecrobot.a(sensors.oram)
 .rodata.str1.4
                0x00203d38       0x24 ../ecrobot/../ecrobot/libecrobot.a(flash_loader.oram)
 *fill*         0x00203d5c        0x4 00
 .rodata.str1.4.stub
                0x00203d60       0x10 linker stubs
                0x00203d70                . = ALIGN (0x10)
 *fill*         0x00203d70        0x0 00
                0x00200040                __ramtext_ram_start__ = ADDR (.ram_text)
                0x00203d70                __ramtext_ram_end__ = (ADDR (.ram_text) + SIZEOF (.ram_text))
                0x001082c0                __ramtext_load_start__ = LOADADDR (.ram_text)
                0x0010bff0                __ramtext_load_end__ = (__ramtext_load_start__ + SIZEOF (.ram_text))

.wav_data       0x0010bff0        0x0
 *.owav(*.data *.data.*)
                0x0010bff0                . = ALIGN (0x10)

.bmp_data       0x0010bff0      0x440
 *.obmp(*.data *.data.*)
 .data          0x0010bff0      0x43e ../ecrobot/../ecrobot/libecrobot.a(nxtjsp_splash.obmp)
                0x0010bff0                nxtjsp_splash_bmp_start
                0x0010c42e                nxtjsp_splash_bmp_end
                0x0010c430                . = ALIGN (0x10)
 *fill*         0x0010c42e        0x2 00

.spr_data       0x0010c430        0x0
 *.ospr(*.data *.data.*)
                0x0010c430                . = ALIGN (0x10)

.data           0x00203d70      0x8e0 load address 0x0010c430
 *(*.data *.data.*)
 .data.prev_light_status
                0x00203d70        0x4 build/main.o
                0x00203d70                prev_light_status
 .data.prev_sonar_status
                0x00203d74        0x4 build/main.o
                0x00203d74                prev_sonar_status
 .data.deviceStatus
                0x00203d78        0x1 ../ecrobot/../ecrobot/libecrobot.a(ecrobot_interface.o)
 .data.named    0x00203d79       0x22 ../ecrobot/../ecrobot/libecrobot.a(udp.oram)
 .data.snd      0x00203d9b       0x1a ../ecrobot/../ecrobot/libecrobot.a(udp.oram)
 *fill*         0x00203db5        0x3 00
 .data.configured
                0x00203db8        0x4 ../ecrobot/../ecrobot/libecrobot.a(udp.oram)
 .data.mode     0x00203dbc        0x1 ../ecrobot/../ecrobot/libecrobot.a(nxt_spi.oram)
                0x00203dbc                mode
 *fill*         0x00203dbd        0x3 00
 .bss.data      0x00203dc0        0x4 ../ecrobot/../ecrobot/libecrobot.a(nxt_spi.oram)
                0x00203dc0                data
 .data.display_auto_update
                0x00203dc4        0x4 ../ecrobot/../ecrobot/libecrobot.a(display.oram)
                0x00203dc4                display_auto_update
 .data.display_buffer
                0x00203dc8        0x4 ../ecrobot/../ecrobot/libecrobot.a(display.oram)
 .data._ZN10__cxxabiv120__unexpected_handlerE
                0x00203dcc        0x4 /vagrant/gnuarm/lib/gcc/arm-elf/4.4.2/../../../../arm-elf/lib/thumb/interwork/libstdc++.a(eh_unex_handler.o)
                0x00203dcc                _ZN10__cxxabiv120__unexpected_handlerE
 .data._ZN10__cxxabiv119__terminate_handlerE
                0x00203dd0        0x4 /vagrant/gnuarm/lib/gcc/arm-elf/4.4.2/../../../../arm-elf/lib/thumb/interwork/libstdc++.a(eh_term_handler.o)
                0x00203dd0                _ZN10__cxxabiv119__terminate_handlerE
 .data          0x00203dd4      0x428 /vagrant/gnuarm/lib/gcc/arm-elf/4.4.2/../../../../arm-elf/lib/thumb/interwork/libc.a(lib_a-impure.o)
                0x00203dd4                _impure_ptr
 .data          0x002041fc      0x410 /vagrant/gnuarm/lib/gcc/arm-elf/4.4.2/../../../../arm-elf/lib/thumb/interwork/libc.a(lib_a-mallocr.o)
                0x002041fc                __malloc_av_
                0x00204604                __malloc_sbrk_base
                0x00204608                __malloc_trim_threshold
 .data          0x0020460c       0x44 /vagrant/gnuarm/lib/gcc/arm-elf/4.4.2/../../../../arm-elf/lib/thumb/interwork/libc.a(lib_a-locale.o)
                0x0020464c                __mb_cur_max
                0x00204650                . = ALIGN (0x10)
                0x00203d70                __data_ram_start__ = ADDR (.data)
                0x00204650                __data_ram_end__ = (ADDR (.data) + SIZEOF (.data))
                0x0010c430                __data_load_start__ = LOADADDR (.data)
                0x0010cd10                __data_load_end__ = (__data_load_start__ + SIZEOF (.data))

.text           0x0010cd10     0xee90
                0x0010cd10                . = ALIGN (0x10)
 *(*.text *.text.* *.glue*)
 .glue_7        0x0010cd10       0x18 linker stubs
                0x0010cd10                ___kernel_call_texrtn_from_arm
                0x0010cd1c                __kernel_start_from_arm
 .glue_7t       0x00000000        0x0 linker stubs
 .text._kernel_print_banner
                0x0010cd28       0x2c build/kernel/banner.o
                0x0010cd28                _kernel_print_banner
 .text.unlock_cpu
                0x0010cd54       0x14 build/kernel/cyclic.o
 .text.lock_cpu
                0x0010cd68       0x14 build/kernel/cyclic.o
 .text._kernel_tmevtb_enqueue_cyc
                0x0010cd7c       0x20 build/kernel/cyclic.o
                0x0010cd7c                _kernel_tmevtb_enqueue_cyc
 .text._kernel_call_cychdr
                0x0010cd9c       0x2c build/kernel/cyclic.o
                0x0010cd9c                _kernel_call_cychdr
 .text._kernel_cyclic_initialize
                0x0010cdc8       0x4c build/kernel/cyclic.o
                0x0010cdc8                _kernel_cyclic_initialize
 .text._kernel_interrupt_initialize
                0x0010ce14       0x2c build/kernel/interrupt.o
                0x0010ce14                _kernel_interrupt_initialize
 .text._kernel_semaphore_initialize
                0x0010ce40       0x34 build/kernel/semaphore.o
                0x0010ce40                _kernel_semaphore_initialize
 .text.kernel_start
                0x0010ce74       0x30 build/kernel/startup.o
                0x0010ce74                kernel_start
 .text.sense_lock
                0x0010cea4       0x10 build/kernel/sys_manage.o
 .text.lock_cpu
                0x0010ceb4       0x14 build/kernel/sys_manage.o
 .text.loc_cpu  0x0010cec8       0x28 build/kernel/sys_manage.o
                0x0010cec8                loc_cpu
 .text.unlock_cpu
                0x0010cef0       0x14 build/kernel/sys_manage.o
 .text.unl_cpu  0x0010cf04       0x28 build/kernel/sys_manage.o
                0x0010cf04                unl_cpu
 .text._kernel_syslog_initialize
                0x0010cf2c       0x38 build/kernel/syslog.o
                0x0010cf2c                _kernel_syslog_initialize
 .text.lock_cpu
                0x0010cf64       0x14 build/kernel/syslog.o
 .text.unlock_cpu
                0x0010cf78       0x14 build/kernel/syslog.o
 .text.vwri_log
                0x0010cf8c       0xc0 build/kernel/syslog.o
                0x0010cf8c                vwri_log
 .text._kernel_make_runnable
                0x0010d04c       0x54 build/kernel/task.o
                0x0010d04c                _kernel_make_runnable
 .text._kernel_make_active
                0x0010d0a0       0x2c build/kernel/task.o
                0x0010d0a0                _kernel_make_active
 .text._kernel_task_initialize
                0x0010d0cc       0xb0 build/kernel/task.o
                0x0010d0cc                _kernel_task_initialize
 .text._kernel_call_texrtn
                0x0010d17c       0x60 build/kernel/task.o
                0x0010d17c                _kernel_call_texrtn
 .text.queue_empty
                0x0010d1dc       0x40 build/kernel/task.o
 .text._kernel_search_schedtsk
                0x0010d21c       0x6c build/kernel/task.o
                0x0010d21c                _kernel_search_schedtsk
 .text._kernel_make_non_runnable
                0x0010d288       0x70 build/kernel/task.o
                0x0010d288                _kernel_make_non_runnable
 .text._kernel_exit_task
                0x0010d2f8       0x48 build/kernel/task.o
                0x0010d2f8                _kernel_exit_task
 .text.sense_lock
                0x0010d340       0x10 build/kernel/task_manage.o
 .text.lock_cpu
                0x0010d350       0x14 build/kernel/task_manage.o
 .text.ext_tsk  0x0010d364       0x78 build/kernel/task_manage.o
                0x0010d364                ext_tsk
 .text.sense_lock
                0x0010d3dc       0x10 build/kernel/task_sync.o
 .text.lock_cpu
                0x0010d3ec       0x14 build/kernel/task_sync.o
 .text.unlock_cpu
                0x0010d400       0x14 build/kernel/task_sync.o
 .text.dly_tsk  0x0010d414       0x80 build/kernel/task_sync.o
                0x0010d414                dly_tsk
 .text.wup_tsk  0x0010d494       0x90 build/kernel/task_sync.o
                0x0010d494                wup_tsk
 .text.tslp_tsk
                0x0010d524       0x7c build/kernel/task_sync.o
                0x0010d524                tslp_tsk
 .text._kernel_tmevt_initialize
                0x0010d5a0       0x28 build/kernel/time_event.o
                0x0010d5a0                _kernel_tmevt_initialize
 .text._kernel_tmevt_down
                0x0010d5c8       0x84 build/kernel/time_event.o
                0x0010d5c8                _kernel_tmevt_down
 .text._kernel_tmevtb_insert
                0x0010d64c       0x7c build/kernel/time_event.o
                0x0010d64c                _kernel_tmevtb_insert
 .text._kernel_tmevtb_delete
                0x0010d6c8       0xc4 build/kernel/time_event.o
                0x0010d6c8                _kernel_tmevtb_delete
 .text.lock_cpu
                0x0010d78c       0x14 build/kernel/time_event.o
 .text.unlock_cpu
                0x0010d7a0       0x14 build/kernel/time_event.o
 .text.isig_tim
                0x0010d7b4       0xb8 build/kernel/time_event.o
                0x0010d7b4                isig_tim
 .text.make_non_wait
                0x0010d86c       0x44 build/kernel/wait.o
 .text._kernel_wait_tmout_ok
                0x0010d8b0       0x20 build/kernel/wait.o
                0x0010d8b0                _kernel_wait_tmout_ok
 .text._kernel_wait_tmout
                0x0010d8d0       0x30 build/kernel/wait.o
                0x0010d8d0                _kernel_wait_tmout
 .text._kernel_wait_complete
                0x0010d900       0x24 build/kernel/wait.o
                0x0010d900                _kernel_wait_complete
 .text._kernel_make_wait_tmout
                0x0010d924       0x70 build/kernel/wait.o
                0x0010d924                _kernel_make_wait_tmout
 .text._kernel_cpu_initialize
                0x0010d994        0xc build/config/armv4/cpu_config.o
                0x0010d994                _kernel_cpu_initialize
 .text._kernel_sys_initialize
                0x0010d9a0        0x4 build/config/armv4/at91sam7s/sys_config.o
                0x0010d9a0                _kernel_sys_initialize
 .text._kernel_sys_putc
                0x0010d9a4        0x4 build/config/armv4/at91sam7s/sys_config.o
                0x0010d9a4                _kernel_sys_putc
 .text.define_inh
                0x0010d9a8       0x3c build/config/armv4/at91sam7s/sys_config.o
                0x0010d9a8                define_inh
 .text._kernel_call_inirtn
                0x0010d9e4        0x4 build/./kernel_cfg.o
                0x0010d9e4                _kernel_call_inirtn
 .text._kernel_object_initialize
                0x0010d9e8       0x18 build/./kernel_cfg.o
                0x0010d9e8                _kernel_object_initialize
 .text.AssertDeviceConstructor
                0x0010da00       0x2c build/rtoscalls.o
                0x0010da00                AssertDeviceConstructor
 .text.SleepI2C
                0x0010da2c       0x20 build/rtoscalls.o
                0x0010da2c                SleepI2C
 .text._sbrk_r  0x0010da4c       0x20 build/syscalls.o
                0x0010da4c                _sbrk_r
 .text.init_OS_flag
                0x0010da6c        0xc build/ecrobot_base.o
                0x0010da6c                init_OS_flag
 .text.set_OS_flag
                0x0010da78        0xc build/ecrobot_base.o
                0x0010da78                set_OS_flag
 .text.get_OS_flag
                0x0010da84        0xc build/ecrobot_base.o
                0x0010da84                get_OS_flag
 .text.cpp_constructor
                0x0010da90       0x28 build/ecrobot_base.o
                0x0010da90                cpp_constructor
 .text.cpp_destructor
                0x0010dab8       0x28 build/ecrobot_base.o
                0x0010dab8                cpp_destructor
 .text.execution_mode
                0x0010dae0       0x14 build/ecrobot_base.o
                0x0010dae0                execution_mode
 .text.shutdown_NXT
                0x0010daf4       0x2c build/ecrobot_base.o
                0x0010daf4                shutdown_NXT
 .text.restart_NXT
                0x0010db20       0x2c build/ecrobot_base.o
                0x0010db20                restart_NXT
 .text.check_NXT_buttons
                0x0010db4c       0x38 build/ecrobot_base.o
                0x0010db4c                check_NXT_buttons
 .text.add_status_info
                0x0010db84       0x68 build/ecrobot_base.o
                0x0010db84                add_status_info
 .text.show_main_screen
                0x0010dbec       0x48 build/ecrobot_base.o
                0x0010dbec                show_main_screen
 .text.display_status_bar
                0x0010dc34       0x5c build/ecrobot_base.o
                0x0010dc34                display_status_bar
 .text.show_splash_screen
                0x0010dc90       0x98 build/ecrobot_base.o
                0x0010dc90                show_splash_screen
 .text.main     0x0010dd28      0x108 build/ecrobot.o
                0x0010dd28                main
 .text._ZN7ecrobot11SonarSensorD1Ev
                0x0010de30       0x14 build/main.o
                0x0010de30                _ZN7ecrobot11SonarSensorD1Ev
 .text._ZN7ecrobot11SonarSensorD0Ev
                0x0010de44       0x1c build/main.o
                0x0010de44                _ZN7ecrobot11SonarSensorD0Ev
 .text._ZN7ecrobot11TouchSensorD1Ev
                0x0010de60       0x18 build/main.o
                0x0010de60                _ZN7ecrobot11TouchSensorD1Ev
 .text._ZN7ecrobot11TouchSensorD0Ev
                0x0010de78       0x20 build/main.o
                0x0010de78                _ZN7ecrobot11TouchSensorD0Ev
 .text._ZN7ecrobot6SensorD0Ev
                0x0010de98       0x20 build/main.o
                0x0010de98                _ZN7ecrobot6SensorD0Ev
 .text._ZN7ecrobot6SensorD1Ev
                0x0010deb8       0x18 build/main.o
                0x0010deb8                _ZN7ecrobot6SensorD1Ev
 .text.turnLeft
                0x0010ded0       0x20 build/main.o
                0x0010ded0                turnLeft
 .text.turnRight
                0x0010def0       0x20 build/main.o
                0x0010def0                turnRight
 .text.stop     0x0010df10       0x20 build/main.o
                0x0010df10                stop
 .text.tsk_main
                0x0010df30       0x10 build/main.o
                0x0010df30                tsk_main
 .text._Z11mexu_unlockv
                0x0010df40        0xc build/main.o
                0x0010df40                _Z11mexu_unlockv
 .text._Z9mexu_lockv
                0x0010df4c        0xc build/main.o
                0x0010df4c                _Z9mexu_lockv
 .text.tsk_timer
                0x0010df58       0x10 build/main.o
                0x0010df58                tsk_timer
 .text.jsp_systick_low_priority
                0x0010df68       0x18 build/main.o
                0x0010df68                jsp_systick_low_priority
 .text._Z23generate_external_sonarv
                0x0010df80       0x14 build/main.o
                0x0010df80                _Z23generate_external_sonarv
 .text._Z31generate_external_TouchRelease2v
                0x0010df94       0x14 build/main.o
                0x0010df94                _Z31generate_external_TouchRelease2v
 .text._Z29generate_external_TouchPress2v
                0x0010dfa8       0x14 build/main.o
                0x0010dfa8                _Z29generate_external_TouchPress2v
 .text._Z30generate_external_TouchReleasev
                0x0010dfbc       0x14 build/main.o
                0x0010dfbc                _Z30generate_external_TouchReleasev
 .text._Z28generate_external_TouchPressv
                0x0010dfd0       0x14 build/main.o
                0x0010dfd0                _Z28generate_external_TouchPressv
 .text._Z28generate_external_LightBlackv
                0x0010dfe4       0x14 build/main.o
                0x0010dfe4                _Z28generate_external_LightBlackv
 .text._Z28generate_external_LightWhitev
                0x0010dff8       0x14 build/main.o
                0x0010dff8                _Z28generate_external_LightWhitev
 .text.tsk_event
                0x0010e00c      0x15c build/main.o
                0x0010e00c                tsk_event
 .text.T.18     0x0010e168       0x98 build/main.o
 .text._GLOBAL__I__Z28generate_external_LightWhitev
                0x0010e200        0xc build/main.o
 .text._GLOBAL__D__Z28generate_external_LightWhitev
                0x0010e20c        0xc build/main.o
 .text._ZN12StateMachineC2Ev
                0x0010e218       0x2c build/MEXU.o
                0x0010e218                _ZN12StateMachineC2Ev
 .text._ZN12EventManagerC1Ev
                0x0010e244        0x8 build/MEXU.o
                0x0010e244                _ZN12EventManagerC1Ev
 .text._ZN12EventManager6addSTMEP12StateMachine
                0x0010e24c        0xc build/MEXU.o
                0x0010e24c                _ZN12EventManager6addSTMEP12StateMachine
 .text._ZN12EventManager9sendEventEP12StateMachinei
                0x0010e258       0x30 build/MEXU.o
                0x0010e258                _ZN12EventManager9sendEventEP12StateMachinei
 .text._ZN12StateMachine9sendEventEi
                0x0010e288       0x18 build/MEXU.o
                0x0010e288                _ZN12StateMachine9sendEventEi
 .text._ZN21MEXUTimerEventManager4tickEv
                0x0010e2a0       0x58 build/MEXU.o
                0x0010e2a0                _ZN21MEXUTimerEventManager4tickEv
 .text._ZN12EventManager7executeEv
                0x0010e2f8       0x30 build/MEXU.o
                0x0010e2f8                _ZN12EventManager7executeEv
 .text._ZN3foo6actionENS_6statesE
                0x0010e328       0x10 build/stm.o
                0x0010e328                _ZN3foo6actionENS_6statesE
 .text._ZN3foo7executeEP9MEXUEvent
                0x0010e338       0x2c build/stm.o
                0x0010e338                _ZN3foo7executeEP9MEXUEvent
 .text._ZN11Transporter6actionENS_6statesE
                0x0010e364       0x30 build/stm.o
                0x0010e364                _ZN11Transporter6actionENS_6statesE
 .text._ZN11Transporter7executeEP9MEXUEvent
                0x0010e394       0x2c build/stm.o
                0x0010e394                _ZN11Transporter7executeEP9MEXUEvent
 .text.T.11     0x0010e3c0       0x68 build/stm.o
 .text._GLOBAL__I__ZN11Transporter6matrixE
                0x0010e428        0xc build/stm.o
 .text._GLOBAL__D__ZN11Transporter6matrixE
                0x0010e434        0xc build/stm.o
 .text._ZN7ecrobot3I2cC2E6ePortS6ePower
                0x0010e440       0x30 ../ecrobot/../ecrobot/libecrobot++.a(I2c.o)
                0x0010e440                _ZN7ecrobot3I2cC2E6ePortS6ePower
 .text._ZN7ecrobot3I2cD2Ev
                0x0010e470       0x20 ../ecrobot/../ecrobot/libecrobot++.a(I2c.o)
                0x0010e470                _ZN7ecrobot3I2cD2Ev
 .text._ZN7ecrobot3I2cD1Ev
                0x0010e490       0x20 ../ecrobot/../ecrobot/libecrobot++.a(I2c.o)
                0x0010e490                _ZN7ecrobot3I2cD1Ev
 .text._ZN7ecrobot3I2cD0Ev
                0x0010e4b0       0x28 ../ecrobot/../ecrobot/libecrobot++.a(I2c.o)
                0x0010e4b0                _ZN7ecrobot3I2cD0Ev
 .text._ZNK7ecrobot3I2c7receiveEmPhm
                0x0010e4d8       0x40 ../ecrobot/../ecrobot/libecrobot++.a(I2c.o)
                0x0010e4d8                _ZNK7ecrobot3I2c7receiveEmPhm
 .text._ZN7ecrobot3LcdC1Ev
                0x0010e518        0x8 ../ecrobot/../ecrobot/libecrobot++.a(Lcd.o)
                0x0010e518                _ZN7ecrobot3LcdC1Ev
 .text._ZN7ecrobot3Lcd4putfEPKcz
                0x0010e520       0x98 ../ecrobot/../ecrobot/libecrobot++.a(Lcd.o)
                0x0010e520                _ZN7ecrobot3Lcd4putfEPKcz
 .text._ZN7ecrobot3Lcd4dispEv
                0x0010e5b8        0xc ../ecrobot/../ecrobot/libecrobot++.a(Lcd.o)
                0x0010e5b8                _ZN7ecrobot3Lcd4dispEv
 .text._ZN7ecrobot11LightSensorD0Ev
                0x0010e5c4       0x30 ../ecrobot/../ecrobot/libecrobot++.a(LightSensor.o)
                0x0010e5c4                _ZN7ecrobot11LightSensorD0Ev
 .text._ZNK7ecrobot11LightSensor13getBrightnessEv
                0x0010e5f4       0x1c ../ecrobot/../ecrobot/libecrobot++.a(LightSensor.o)
                0x0010e5f4                _ZNK7ecrobot11LightSensor13getBrightnessEv
 .text._ZN7ecrobot11LightSensor7setLampEb
                0x0010e610       0x1c ../ecrobot/../ecrobot/libecrobot++.a(LightSensor.o)
                0x0010e610                _ZN7ecrobot11LightSensor7setLampEb
 .text._ZN7ecrobot11LightSensorC1E6ePortSb
                0x0010e62c       0x3c ../ecrobot/../ecrobot/libecrobot++.a(LightSensor.o)
                0x0010e62c                _ZN7ecrobot11LightSensorC1E6ePortSb
 .text._ZN7ecrobot11LightSensorD1Ev
                0x0010e668       0x28 ../ecrobot/../ecrobot/libecrobot++.a(LightSensor.o)
                0x0010e668                _ZN7ecrobot11LightSensorD1Ev
 .text._ZN7ecrobot5MotorC1E6ePortMb
                0x0010e690       0x18 ../ecrobot/../ecrobot/libecrobot++.a(Motor.o)
                0x0010e690                _ZN7ecrobot5MotorC1E6ePortMb
 .text._ZN7ecrobot5MotorD1Ev
                0x0010e6a8       0x10 ../ecrobot/../ecrobot/libecrobot++.a(Motor.o)
                0x0010e6a8                _ZN7ecrobot5MotorD1Ev
 .text._ZN7ecrobot5Motor6setPWMEa
                0x0010e6b8       0x3c ../ecrobot/../ecrobot/libecrobot++.a(Motor.o)
                0x0010e6b8                _ZN7ecrobot5Motor6setPWMEa
 .text._ZN7ecrobot11SonarSensorC1E6ePortS
                0x0010e6f4       0x18 ../ecrobot/../ecrobot/libecrobot++.a(SonarSensor.o)
                0x0010e6f4                _ZN7ecrobot11SonarSensorC1E6ePortS
 .text._ZNK7ecrobot11SonarSensor11getDistanceEv
                0x0010e70c       0x1c ../ecrobot/../ecrobot/libecrobot++.a(SonarSensor.o)
                0x0010e70c                _ZNK7ecrobot11SonarSensor11getDistanceEv
 .text._ZN7ecrobot11TouchSensorC1E6ePortS
                0x0010e728       0x30 ../ecrobot/../ecrobot/libecrobot++.a(TouchSensor.o)
                0x0010e728                _ZN7ecrobot11TouchSensorC1E6ePortS
 .text._ZNK7ecrobot11TouchSensor9isPressedEv
                0x0010e758       0x20 ../ecrobot/../ecrobot/libecrobot++.a(TouchSensor.o)
                0x0010e758                _ZNK7ecrobot11TouchSensor9isPressedEv
 .text._Znwm    0x0010e778       0x10 ../ecrobot/../ecrobot/libecrobot++.a(New.o)
                0x0010e778                _Znwm
 .text._ZdlPv   0x0010e788        0xc ../ecrobot/../ecrobot/libecrobot++.a(New.o)
                0x0010e788                _ZdlPv
 .text.ecrobot_device_initialize
                0x0010e794        0x4 ../ecrobot/../ecrobot/libecrobot.a(ecrobot_device_hook.o)
                0x0010e794                ecrobot_device_initialize
 .text.ecrobot_device_terminate
                0x0010e798        0x4 ../ecrobot/../ecrobot/libecrobot.a(ecrobot_device_hook.o)
                0x0010e798                ecrobot_device_terminate
 .text.ecrobot_get_battery_voltage
                0x0010e79c        0xc ../ecrobot/../ecrobot/libecrobot.a(ecrobot_interface.o)
                0x0010e79c                ecrobot_get_battery_voltage
 .text.ecrobot_get_button_state
                0x0010e7a8        0xc ../ecrobot/../ecrobot/libecrobot.a(ecrobot_interface.o)
                0x0010e7a8                ecrobot_get_button_state
 .text.ecrobot_init_nxtstate
                0x0010e7b4       0x28 ../ecrobot/../ecrobot/libecrobot.a(ecrobot_interface.o)
                0x0010e7b4                ecrobot_init_nxtstate
 .text.ecrobot_poll_nxtstate
                0x0010e7dc       0x64 ../ecrobot/../ecrobot/libecrobot.a(ecrobot_interface.o)
                0x0010e7dc                ecrobot_poll_nxtstate
 .text.ecrobot_setDeviceInitialized
                0x0010e840       0x18 ../ecrobot/../ecrobot/libecrobot.a(ecrobot_interface.o)
                0x0010e840                ecrobot_setDeviceInitialized
 .text.ecrobot_initDeviceStatus
                0x0010e858        0xc ../ecrobot/../ecrobot/libecrobot.a(ecrobot_interface.o)
                0x0010e858                ecrobot_initDeviceStatus
 .text.ecrobot_bmp2lcd
                0x0010e864      0x1c8 ../ecrobot/../ecrobot/libecrobot.a(ecrobot_interface.o)
                0x0010e864                ecrobot_bmp2lcd
 .text.__cxa_pure_virtual
                0x0010ea2c       0x14 /vagrant/gnuarm/lib/gcc/arm-elf/4.4.2/../../../../arm-elf/lib/thumb/interwork/libstdc++.a(pure.o)
                0x0010ea2c                __cxa_pure_virtual
 .text._ZL16get_adjusted_ptrPKSt9type_infoS1_PPv
                0x0010ea40       0x48 /vagrant/gnuarm/lib/gcc/arm-elf/4.4.2/../../../../arm-elf/lib/thumb/interwork/libstdc++.a(eh_personality.o)
 .text._ZL21base_of_encoded_valuehP15_Unwind_Context
                0x0010ea88       0x50 /vagrant/gnuarm/lib/gcc/arm-elf/4.4.2/../../../../arm-elf/lib/thumb/interwork/libstdc++.a(eh_personality.o)
 .text._ZL28read_encoded_value_with_basehjPKhPj
                0x0010ead8       0xf0 /vagrant/gnuarm/lib/gcc/arm-elf/4.4.2/../../../../arm-elf/lib/thumb/interwork/libstdc++.a(eh_personality.o)
 .text._ZL17parse_lsda_headerP15_Unwind_ContextPKhP16lsda_header_info
                0x0010ebc8       0x98 /vagrant/gnuarm/lib/gcc/arm-elf/4.4.2/../../../../arm-elf/lib/thumb/interwork/libstdc++.a(eh_personality.o)
 .text._ZL15get_ttype_entryP16lsda_header_infom
                0x0010ec60       0x54 /vagrant/gnuarm/lib/gcc/arm-elf/4.4.2/../../../../arm-elf/lib/thumb/interwork/libstdc++.a(eh_personality.o)
 .text._ZL20check_exception_specP16lsda_header_infoPKSt9type_infoPvl
                0x0010ecb4       0x60 /vagrant/gnuarm/lib/gcc/arm-elf/4.4.2/../../../../arm-elf/lib/thumb/interwork/libstdc++.a(eh_personality.o)
 .text.__cxa_call_unexpected
                0x0010ed14      0x10c /vagrant/gnuarm/lib/gcc/arm-elf/4.4.2/../../../../arm-elf/lib/thumb/interwork/libstdc++.a(eh_personality.o)
                0x0010ed14                __cxa_call_unexpected
 .text.__gxx_personality_sj0
                0x0010ee20      0x3f4 /vagrant/gnuarm/lib/gcc/arm-elf/4.4.2/../../../../arm-elf/lib/thumb/interwork/libstdc++.a(eh_personality.o)
                0x0010ee20                __gxx_personality_sj0
 .text._ZN10__cxxabiv111__terminateEPFvvE
                0x0010f214       0x78 /vagrant/gnuarm/lib/gcc/arm-elf/4.4.2/../../../../arm-elf/lib/thumb/interwork/libstdc++.a(eh_terminate.o)
                0x0010f214                _ZN10__cxxabiv111__terminateEPFvvE
 .text._ZSt9terminatev
                0x0010f28c       0x10 /vagrant/gnuarm/lib/gcc/arm-elf/4.4.2/../../../../arm-elf/lib/thumb/interwork/libstdc++.a(eh_terminate.o)
                0x0010f28c                _ZSt9terminatev
 .text._ZN10__cxxabiv112__unexpectedEPFvvE
                0x0010f29c        0xc /vagrant/gnuarm/lib/gcc/arm-elf/4.4.2/../../../../arm-elf/lib/thumb/interwork/libstdc++.a(eh_terminate.o)
                0x0010f29c                _ZN10__cxxabiv112__unexpectedEPFvvE
 .text._ZSt10unexpectedv
                0x0010f2a8       0x10 /vagrant/gnuarm/lib/gcc/arm-elf/4.4.2/../../../../arm-elf/lib/thumb/interwork/libstdc++.a(eh_terminate.o)
                0x0010f2a8                _ZSt10unexpectedv
 .text.__cxa_rethrow
                0x0010f2b8       0x4c /vagrant/gnuarm/lib/gcc/arm-elf/4.4.2/../../../../arm-elf/lib/thumb/interwork/libstdc++.a(eh_throw.o)
                0x0010f2b8                __cxa_rethrow
 .text.__cxa_throw
                0x0010f304       0x50 /vagrant/gnuarm/lib/gcc/arm-elf/4.4.2/../../../../arm-elf/lib/thumb/interwork/libstdc++.a(eh_throw.o)
                0x0010f304                __cxa_throw
 .text._ZL23__gxx_exception_cleanup19_Unwind_Reason_CodeP17_Unwind_Exception
                0x0010f354       0x34 /vagrant/gnuarm/lib/gcc/arm-elf/4.4.2/../../../../arm-elf/lib/thumb/interwork/libstdc++.a(eh_throw.o)
 .text._GLOBAL__I___cxa_allocate_exception
                0x0010f388        0x4 /vagrant/gnuarm/lib/gcc/arm-elf/4.4.2/../../../../arm-elf/lib/thumb/interwork/libstdc++.a(eh_alloc.o)
 .text.__cxa_free_exception
                0x0010f38c       0x38 /vagrant/gnuarm/lib/gcc/arm-elf/4.4.2/../../../../arm-elf/lib/thumb/interwork/libstdc++.a(eh_alloc.o)
                0x0010f38c                __cxa_free_exception
 .text.__cxa_allocate_exception
                0x0010f3c4       0xec /vagrant/gnuarm/lib/gcc/arm-elf/4.4.2/../../../../arm-elf/lib/thumb/interwork/libstdc++.a(eh_alloc.o)
                0x0010f3c4                __cxa_allocate_exception
 .text.__cxa_call_terminate
                0x0010f4b0       0x34 /vagrant/gnuarm/lib/gcc/arm-elf/4.4.2/../../../../arm-elf/lib/thumb/interwork/libstdc++.a(eh_call.o)
                0x0010f4b0                __cxa_call_terminate
 .text.__cxa_end_catch
                0x0010f4e4       0x70 /vagrant/gnuarm/lib/gcc/arm-elf/4.4.2/../../../../arm-elf/lib/thumb/interwork/libstdc++.a(eh_catch.o)
                0x0010f4e4                __cxa_end_catch
 .text.__cxa_begin_catch
                0x0010f554       0xbc /vagrant/gnuarm/lib/gcc/arm-elf/4.4.2/../../../../arm-elf/lib/thumb/interwork/libstdc++.a(eh_catch.o)
                0x0010f554                __cxa_begin_catch
 .text._ZNSt9exceptionD1Ev
                0x0010f610        0xc /vagrant/gnuarm/lib/gcc/arm-elf/4.4.2/../../../../arm-elf/lib/thumb/interwork/libstdc++.a(eh_exception.o)
                0x0010f610                _ZNSt9exceptionD1Ev
 .text._ZNSt13bad_exceptionD1Ev
                0x0010f61c        0xc /vagrant/gnuarm/lib/gcc/arm-elf/4.4.2/../../../../arm-elf/lib/thumb/interwork/libstdc++.a(eh_exception.o)
                0x0010f61c                _ZNSt13bad_exceptionD1Ev
 .text._ZNKSt9exception4whatEv
                0x0010f628        0x8 /vagrant/gnuarm/lib/gcc/arm-elf/4.4.2/../../../../arm-elf/lib/thumb/interwork/libstdc++.a(eh_exception.o)
                0x0010f628                _ZNKSt9exception4whatEv
 .text._ZNKSt13bad_exception4whatEv
                0x0010f630        0x8 /vagrant/gnuarm/lib/gcc/arm-elf/4.4.2/../../../../arm-elf/lib/thumb/interwork/libstdc++.a(eh_exception.o)
                0x0010f630                _ZNKSt13bad_exception4whatEv
 .text._ZNSt9exceptionD0Ev
                0x0010f638       0x14 /vagrant/gnuarm/lib/gcc/arm-elf/4.4.2/../../../../arm-elf/lib/thumb/interwork/libstdc++.a(eh_exception.o)
                0x0010f638                _ZNSt9exceptionD0Ev
 .text._ZNSt13bad_exceptionD0Ev
                0x0010f64c       0x14 /vagrant/gnuarm/lib/gcc/arm-elf/4.4.2/../../../../arm-elf/lib/thumb/interwork/libstdc++.a(eh_exception.o)
                0x0010f64c                _ZNSt13bad_exceptionD0Ev
 .text.__cxa_get_globals_fast
                0x0010f660        0x8 /vagrant/gnuarm/lib/gcc/arm-elf/4.4.2/../../../../arm-elf/lib/thumb/interwork/libstdc++.a(eh_globals.o)
                0x0010f660                __cxa_get_globals_fast
 .text.__cxa_get_globals
                0x0010f668        0x8 /vagrant/gnuarm/lib/gcc/arm-elf/4.4.2/../../../../arm-elf/lib/thumb/interwork/libstdc++.a(eh_globals.o)
                0x0010f668                __cxa_get_globals
 .text._ZNK10__cxxabiv120__si_class_type_info20__do_find_public_srcElPKvPKNS_17__class_type_infoES2_
                0x0010f670       0x2c /vagrant/gnuarm/lib/gcc/arm-elf/4.4.2/../../../../arm-elf/lib/thumb/interwork/libstdc++.a(si_class_type_info.o)
                0x0010f670                _ZNK10__cxxabiv120__si_class_type_info20__do_find_public_srcElPKvPKNS_17__class_type_infoES2_
 .text._ZNK10__cxxabiv120__si_class_type_info12__do_dyncastElNS_17__class_type_info10__sub_kindEPKS1_PKvS4_S6_RNS1_16__dyncast_resultE
                0x0010f69c       0x88 /vagrant/gnuarm/lib/gcc/arm-elf/4.4.2/../../../../arm-elf/lib/thumb/interwork/libstdc++.a(si_class_type_info.o)
                0x0010f69c                _ZNK10__cxxabiv120__si_class_type_info12__do_dyncastElNS_17__class_type_info10__sub_kindEPKS1_PKvS4_S6_RNS1_16__dyncast_resultE
 .text._ZNK10__cxxabiv120__si_class_type_info11__do_upcastEPKNS_17__class_type_infoEPKvRNS1_15__upcast_resultE
                0x0010f724       0x30 /vagrant/gnuarm/lib/gcc/arm-elf/4.4.2/../../../../arm-elf/lib/thumb/interwork/libstdc++.a(si_class_type_info.o)
                0x0010f724                _ZNK10__cxxabiv120__si_class_type_info11__do_upcastEPKNS_17__class_type_infoEPKvRNS1_15__upcast_resultE
 .text._ZN10__cxxabiv120__si_class_type_infoD1Ev
                0x0010f754       0x14 /vagrant/gnuarm/lib/gcc/arm-elf/4.4.2/../../../../arm-elf/lib/thumb/interwork/libstdc++.a(si_class_type_info.o)
                0x0010f754                _ZN10__cxxabiv120__si_class_type_infoD1Ev
 .text._ZN10__cxxabiv120__si_class_type_infoD0Ev
                0x0010f768       0x1c /vagrant/gnuarm/lib/gcc/arm-elf/4.4.2/../../../../arm-elf/lib/thumb/interwork/libstdc++.a(si_class_type_info.o)
                0x0010f768                _ZN10__cxxabiv120__si_class_type_infoD0Ev
 .text._ZNSt9type_infoD2Ev
                0x0010f784        0xc /vagrant/gnuarm/lib/gcc/arm-elf/4.4.2/../../../../arm-elf/lib/thumb/interwork/libstdc++.a(tinfo.o)
                0x0010f784                _ZNSt9type_infoD2Ev
 .text._ZNSt9type_infoD1Ev
                0x0010f790        0xc /vagrant/gnuarm/lib/gcc/arm-elf/4.4.2/../../../../arm-elf/lib/thumb/interwork/libstdc++.a(tinfo.o)
                0x0010f790                _ZNSt9type_infoD1Ev
 .text._ZNKSt9type_info14__is_pointer_pEv
                0x0010f79c        0x4 /vagrant/gnuarm/lib/gcc/arm-elf/4.4.2/../../../../arm-elf/lib/thumb/interwork/libstdc++.a(tinfo.o)
                0x0010f79c                _ZNKSt9type_info14__is_pointer_pEv
 .text._ZNKSt9type_info15__is_function_pEv
                0x0010f7a0        0x4 /vagrant/gnuarm/lib/gcc/arm-elf/4.4.2/../../../../arm-elf/lib/thumb/interwork/libstdc++.a(tinfo.o)
                0x0010f7a0                _ZNKSt9type_info15__is_function_pEv
 .text._ZNKSt9type_info10__do_catchEPKS_PPvj
                0x0010f7a4        0xc /vagrant/gnuarm/lib/gcc/arm-elf/4.4.2/../../../../arm-elf/lib/thumb/interwork/libstdc++.a(tinfo.o)
                0x0010f7a4                _ZNKSt9type_info10__do_catchEPKS_PPvj
 .text._ZNKSt9type_info11__do_upcastEPKN10__cxxabiv117__class_type_infoEPPv
                0x0010f7b0        0x4 /vagrant/gnuarm/lib/gcc/arm-elf/4.4.2/../../../../arm-elf/lib/thumb/interwork/libstdc++.a(tinfo.o)
                0x0010f7b0                _ZNKSt9type_info11__do_upcastEPKN10__cxxabiv117__class_type_infoEPPv
 .text._ZNSt9type_infoD0Ev
                0x0010f7b4       0x14 /vagrant/gnuarm/lib/gcc/arm-elf/4.4.2/../../../../arm-elf/lib/thumb/interwork/libstdc++.a(tinfo.o)
                0x0010f7b4                _ZNSt9type_infoD0Ev
 .text._ZN9__gnu_cxx27__verbose_terminate_handlerEv
                0x0010f7c8      0x194 /vagrant/gnuarm/lib/gcc/arm-elf/4.4.2/../../../../arm-elf/lib/thumb/interwork/libstdc++.a(vterminate.o)
                0x0010f7c8                _ZN9__gnu_cxx27__verbose_terminate_handlerEv
 .text._ZNK10__cxxabiv117__class_type_info10__do_catchEPKSt9type_infoPPvj
                0x0010f95c       0x2c /vagrant/gnuarm/lib/gcc/arm-elf/4.4.2/../../../../arm-elf/lib/thumb/interwork/libstdc++.a(class_type_info.o)
                0x0010f95c                _ZNK10__cxxabiv117__class_type_info10__do_catchEPKSt9type_infoPPvj
 .text._ZNK10__cxxabiv117__class_type_info11__do_upcastEPKS0_PPv
                0x0010f988       0x3c /vagrant/gnuarm/lib/gcc/arm-elf/4.4.2/../../../../arm-elf/lib/thumb/interwork/libstdc++.a(class_type_info.o)
                0x0010f988                _ZNK10__cxxabiv117__class_type_info11__do_upcastEPKS0_PPv
 .text._ZNK10__cxxabiv117__class_type_info20__do_find_public_srcElPKvPKS0_S2_
                0x0010f9c4       0x10 /vagrant/gnuarm/lib/gcc/arm-elf/4.4.2/../../../../arm-elf/lib/thumb/interwork/libstdc++.a(class_type_info.o)
                0x0010f9c4                _ZNK10__cxxabiv117__class_type_info20__do_find_public_srcElPKvPKS0_S2_
 .text._ZNK10__cxxabiv117__class_type_info12__do_dyncastElNS0_10__sub_kindEPKS0_PKvS3_S5_RNS0_16__dyncast_resultE
                0x0010f9d4       0x34 /vagrant/gnuarm/lib/gcc/arm-elf/4.4.2/../../../../arm-elf/lib/thumb/interwork/libstdc++.a(class_type_info.o)
                0x0010f9d4                _ZNK10__cxxabiv117__class_type_info12__do_dyncastElNS0_10__sub_kindEPKS0_PKvS3_S5_RNS0_16__dyncast_resultE
 .text._ZNK10__cxxabiv117__class_type_info11__do_upcastEPKS0_PKvRNS0_15__upcast_resultE
                0x0010fa08       0x1c /vagrant/gnuarm/lib/gcc/arm-elf/4.4.2/../../../../arm-elf/lib/thumb/interwork/libstdc++.a(class_type_info.o)
                0x0010fa08                _ZNK10__cxxabiv117__class_type_info11__do_upcastEPKS0_PKvRNS0_15__upcast_resultE
 .text._ZN10__cxxabiv117__class_type_infoD1Ev
                0x0010fa24       0x14 /vagrant/gnuarm/lib/gcc/arm-elf/4.4.2/../../../../arm-elf/lib/thumb/interwork/libstdc++.a(class_type_info.o)
                0x0010fa24                _ZN10__cxxabiv117__class_type_infoD1Ev
 .text._ZN10__cxxabiv117__class_type_infoD2Ev
                0x0010fa38       0x14 /vagrant/gnuarm/lib/gcc/arm-elf/4.4.2/../../../../arm-elf/lib/thumb/interwork/libstdc++.a(class_type_info.o)
                0x0010fa38                _ZN10__cxxabiv117__class_type_infoD2Ev
 .text._ZN10__cxxabiv117__class_type_infoD0Ev
                0x0010fa4c       0x1c /vagrant/gnuarm/lib/gcc/arm-elf/4.4.2/../../../../arm-elf/lib/thumb/interwork/libstdc++.a(class_type_info.o)
                0x0010fa4c                _ZN10__cxxabiv117__class_type_infoD0Ev
 .text          0x0010fa68     0x2f08 /vagrant/gnuarm/lib/gcc/arm-elf/4.4.2/../../../../arm-elf/lib/thumb/interwork/libstdc++.a(cp-demangle.o)
                0x00112570                __gcclibcxx_demangle_callback
                0x001125a0                __cxa_demangle
 .text.__cxa_current_exception_type
                0x00112970       0x24 /vagrant/gnuarm/lib/gcc/arm-elf/4.4.2/../../../../arm-elf/lib/thumb/interwork/libstdc++.a(eh_type.o)
                0x00112970                __cxa_current_exception_type
 .text          0x00112994       0x8c /vagrant/gnuarm/lib/gcc/arm-elf/4.4.2/thumb/interwork/libgcc.a(_udivsi3.o)
                0x00112994                __udivsi3
                0x00112994                __aeabi_uidiv
                0x00112a10                __aeabi_uidivmod
 .text          0x00112a20       0xa4 /vagrant/gnuarm/lib/gcc/arm-elf/4.4.2/thumb/interwork/libgcc.a(_divsi3.o)
                0x00112a20                __aeabi_idiv
                0x00112a20                __divsi3
                0x00112ab4                __aeabi_idivmod
 .text          0x00112ac4       0xc8 /vagrant/gnuarm/lib/gcc/arm-elf/4.4.2/thumb/interwork/libgcc.a(_umodsi3.o)
                0x00112ac4                __umodsi3
 .text          0x00112b8c       0xd8 /vagrant/gnuarm/lib/gcc/arm-elf/4.4.2/thumb/interwork/libgcc.a(_modsi3.o)
                0x00112b8c                __modsi3
 .text          0x00112c64        0x4 /vagrant/gnuarm/lib/gcc/arm-elf/4.4.2/thumb/interwork/libgcc.a(_dvmd_tls.o)
                0x00112c64                __aeabi_ldiv0
                0x00112c64                __div0
                0x00112c64                __aeabi_idiv0
 .text          0x00112c68      0x430 /vagrant/gnuarm/lib/gcc/arm-elf/4.4.2/thumb/interwork/libgcc.a(_arm_addsubdf3.o)
                0x00112c68                __aeabi_drsub
                0x00112c70                __aeabi_dsub
                0x00112c70                __subdf3
                0x00112c74                __adddf3
                0x00112c74                __aeabi_dadd
                0x00112f84                __aeabi_ui2d
                0x00112f84                __floatunsidf
                0x00112fac                __floatsidf
                0x00112fac                __aeabi_i2d
                0x00112fd8                __extendsfdf2
                0x00112fd8                __aeabi_f2d
                0x00113018                __aeabi_ul2d
                0x00113018                __floatundidf
                0x0011302c                __floatdidf
                0x0011302c                __aeabi_l2d
 .text          0x00113098      0x49c /vagrant/gnuarm/lib/gcc/arm-elf/4.4.2/thumb/interwork/libgcc.a(_arm_muldivdf3.o)
                0x00113098                __aeabi_dmul
                0x00113098                __muldf3
                0x00113328                __aeabi_ddiv
                0x00113328                __divdf3
 .text          0x00113534      0x140 /vagrant/gnuarm/lib/gcc/arm-elf/4.4.2/thumb/interwork/libgcc.a(_arm_cmpdf2.o)
                0x00113534                __gtdf2
                0x00113534                __gedf2
                0x0011353c                __ltdf2
                0x0011353c                __ledf2
                0x00113544                __cmpdf2
                0x00113544                __eqdf2
                0x00113544                __nedf2
                0x001135c8                __aeabi_cdrcmple
                0x001135e4                __aeabi_cdcmple
                0x001135e4                __aeabi_cdcmpeq
                0x001135fc                __aeabi_dcmpeq
                0x00113614                __aeabi_dcmplt
                0x0011362c                __aeabi_dcmple
                0x00113644                __aeabi_dcmpge
                0x0011365c                __aeabi_dcmpgt
 .text          0x00113674      0x3c0 /vagrant/gnuarm/lib/gcc/arm-elf/4.4.2/thumb/interwork/libgcc.a(unwind-sjlj.o)
                0x00113674                _Unwind_SjLj_Register
                0x0011369c                _Unwind_SjLj_Unregister
                0x001136a8                _Unwind_GetGR
                0x001136b4                _Unwind_GetCFA
                0x001136c4                _Unwind_SetGR
                0x001136d0                _Unwind_GetIP
                0x001136d8                _Unwind_GetIPInfo
                0x001136ec                _Unwind_SetIP
                0x001136f4                _Unwind_GetLanguageSpecificData
                0x001136fc                _Unwind_GetRegionStart
                0x00113700                _Unwind_FindEnclosingFunction
                0x00113704                _Unwind_GetDataRelBase
                0x00113708                _Unwind_GetTextRelBase
                0x001137ec                _Unwind_DeleteException
                0x00113800                _Unwind_Backtrace
                0x001138e8                _Unwind_SjLj_Resume
                0x00113924                _Unwind_SjLj_ForcedUnwind
                0x0011395c                _Unwind_SjLj_RaiseException
                0x001139ec                _Unwind_SjLj_Resume_or_Rethrow
 .text          0x00113a34       0x10 /vagrant/gnuarm/lib/gcc/arm-elf/4.4.2/../../../../arm-elf/lib/thumb/interwork/libc.a(lib_a-abort.o)
                0x00113a34                abort
 .text          0x00113a44       0x54 /vagrant/gnuarm/lib/gcc/arm-elf/4.4.2/../../../../arm-elf/lib/thumb/interwork/libc.a(lib_a-fputc.o)
                0x00113a44                fputc
                0x00113a70                _fputc_r
 .text          0x00113a98       0x74 /vagrant/gnuarm/lib/gcc/arm-elf/4.4.2/../../../../arm-elf/lib/thumb/interwork/libc.a(lib_a-fputs.o)
                0x00113a98                _fputs_r
                0x00113af4                fputs
 .text          0x00113b0c      0x328 /vagrant/gnuarm/lib/gcc/arm-elf/4.4.2/../../../../arm-elf/lib/thumb/interwork/libc.a(lib_a-fvwrite.o)
                0x00113b0c                __sfvwrite_r
 .text          0x00113e34       0xa4 /vagrant/gnuarm/lib/gcc/arm-elf/4.4.2/../../../../arm-elf/lib/thumb/interwork/libc.a(lib_a-fwrite.o)
                0x00113e34                _fwrite_r
                0x00113eb0                fwrite
 .text          0x00113ed8       0x28 /vagrant/gnuarm/lib/gcc/arm-elf/4.4.2/../../../../arm-elf/lib/thumb/interwork/libc.a(lib_a-malloc.o)
                0x00113ed8                free
                0x00113eec                malloc
 .text          0x00113f00      0x51c /vagrant/gnuarm/lib/gcc/arm-elf/4.4.2/../../../../arm-elf/lib/thumb/interwork/libc.a(lib_a-mallocr.o)
                0x00113f00                _malloc_r
 .text          0x0011441c       0x80 /vagrant/gnuarm/lib/gcc/arm-elf/4.4.2/../../../../arm-elf/lib/thumb/interwork/libc.a(lib_a-memchr.o)
                0x0011441c                memchr
 .text          0x0011449c       0x58 /vagrant/gnuarm/lib/gcc/arm-elf/4.4.2/../../../../arm-elf/lib/thumb/interwork/libc.a(lib_a-memcmp.o)
                0x0011449c                memcmp
 .text          0x001144f4       0x80 /vagrant/gnuarm/lib/gcc/arm-elf/4.4.2/../../../../arm-elf/lib/thumb/interwork/libc.a(lib_a-memcpy.o)
                0x001144f4                memcpy
 .text          0x00114574       0xa0 /vagrant/gnuarm/lib/gcc/arm-elf/4.4.2/../../../../arm-elf/lib/thumb/interwork/libc.a(lib_a-memmove.o)
                0x00114574                memmove
 .text          0x00114614       0x94 /vagrant/gnuarm/lib/gcc/arm-elf/4.4.2/../../../../arm-elf/lib/thumb/interwork/libc.a(lib_a-memset.o)
                0x00114614                memset
 .text          0x001146a8        0x8 /vagrant/gnuarm/lib/gcc/arm-elf/4.4.2/../../../../arm-elf/lib/thumb/interwork/libc.a(lib_a-mlock.o)
                0x001146a8                __malloc_lock
                0x001146ac                __malloc_unlock
 .text          0x001146b0       0xc4 /vagrant/gnuarm/lib/gcc/arm-elf/4.4.2/../../../../arm-elf/lib/thumb/interwork/libc.a(lib_a-putc.o)
                0x001146b0                putc
                0x00114714                _putc_r
 .text          0x00114774       0x18 /vagrant/gnuarm/lib/gcc/arm-elf/4.4.2/../../../../arm-elf/lib/thumb/interwork/libc.a(lib_a-realloc.o)
                0x00114774                realloc
 .text          0x0011478c      0x354 /vagrant/gnuarm/lib/gcc/arm-elf/4.4.2/../../../../arm-elf/lib/thumb/interwork/libc.a(lib_a-reallocr.o)
                0x0011478c                _realloc_r
 .text          0x00114ae0      0x184 /vagrant/gnuarm/lib/gcc/arm-elf/4.4.2/../../../../arm-elf/lib/thumb/interwork/libc.a(lib_a-signal.o)
                0x00114ae0                _raise_r
                0x00114b3c                raise
                0x00114b50                _init_signal_r
                0x00114b88                _init_signal
                0x00114b9c                __sigtramp_r
                0x00114bf4                __sigtramp
                0x00114c08                _signal_r
                0x00114c48                signal
 .text          0x00114c64       0x38 /vagrant/gnuarm/lib/gcc/arm-elf/4.4.2/../../../../arm-elf/lib/thumb/interwork/libc.a(lib_a-signalr.o)
                0x00114c64                _getpid_r
                0x00114c70                _kill_r
 .text          0x00114c9c       0x84 /vagrant/gnuarm/lib/gcc/arm-elf/4.4.2/../../../../arm-elf/lib/thumb/interwork/libc.a(lib_a-sprintf.o)
                0x00114c9c                sprintf
                0x00114ce0                _sprintf_r
 .text          0x00114d20       0x14 /vagrant/gnuarm/lib/gcc/arm-elf/4.4.2/../../../../arm-elf/lib/thumb/interwork/libc.a(lib_a-strcmp.o)
                0x00114d20                strcmp
 .text          0x00114d34       0x10 /vagrant/gnuarm/lib/gcc/arm-elf/4.4.2/../../../../arm-elf/lib/thumb/interwork/libc.a(lib_a-strcpy.o)
                0x00114d34                strcpy
 .text          0x00114d44       0x10 /vagrant/gnuarm/lib/gcc/arm-elf/4.4.2/../../../../arm-elf/lib/thumb/interwork/libc.a(lib_a-strlen.o)
                0x00114d44                strlen
 .text          0x00114d54       0xac /vagrant/gnuarm/lib/gcc/arm-elf/4.4.2/../../../../arm-elf/lib/thumb/interwork/libc.a(lib_a-strncmp.o)
                0x00114d54                strncmp
 .text          0x00114e00     0x1338 /vagrant/gnuarm/lib/gcc/arm-elf/4.4.2/../../../../arm-elf/lib/thumb/interwork/libc.a(lib_a-svfprintf.o)
                0x00114e00                _svfprintf_r
 .text          0x00116138      0x5e8 /vagrant/gnuarm/lib/gcc/arm-elf/4.4.2/../../../../arm-elf/lib/thumb/interwork/libc.a(lib_a-syscalls.o)
                0x00116138                initialise_monitor_handles
                0x001161b0                _kill
                0x001161e0                _exit
                0x001161f8                _getpid
                0x001161fc                _link
                0x00116204                _raise
                0x00116208                _gettimeofday
                0x00116234                _times
                0x00116278                _rename
                0x001162c0                _system
                0x00116314                _unlink
                0x00116350                _swiopen
                0x001163dc                _open
                0x001163f8                _sbrk
                0x00116478                _isatty
                0x001164a8                _swiclose
                0x001164f0                _close
                0x00116504                _swiwrite
                0x0011652c                _write
                0x00116590                _swilseek
                0x00116624                _lseek
                0x00116638                _swiread
                0x00116660                _read
                0x001166c0                _stat
                0x001166fc                _fstat
 .text          0x00116720       0x20 /vagrant/gnuarm/lib/gcc/arm-elf/4.4.2/../../../../arm-elf/lib/thumb/interwork/libc.a(lib_a-syswrite.o)
                0x00116720                write
 .text          0x00116740       0xdc /vagrant/gnuarm/lib/gcc/arm-elf/4.4.2/../../../../arm-elf/lib/thumb/interwork/libc.a(lib_a-wbuf.o)
                0x00116740                __swbuf_r
                0x00116804                __swbuf
 .text          0x0011681c       0x2c /vagrant/gnuarm/lib/gcc/arm-elf/4.4.2/../../../../arm-elf/lib/thumb/interwork/libc.a(lib_a-writer.o)
                0x0011681c                _write_r
 .text          0x00116848       0xd0 /vagrant/gnuarm/lib/gcc/arm-elf/4.4.2/../../../../arm-elf/lib/thumb/interwork/libc.a(lib_a-wsetup.o)
                0x00116848                __swsetup_r
 .text          0x00116918     0x1020 /vagrant/gnuarm/lib/gcc/arm-elf/4.4.2/../../../../arm-elf/lib/thumb/interwork/libc.a(lib_a-dtoa.o)
                0x00116a78                _dtoa_r
 .text          0x00117938        0xc /vagrant/gnuarm/lib/gcc/arm-elf/4.4.2/../../../../arm-elf/lib/thumb/interwork/libc.a(lib_a-errno.o)
                0x00117938                __errno
 .text          0x00117944      0x180 /vagrant/gnuarm/lib/gcc/arm-elf/4.4.2/../../../../arm-elf/lib/thumb/interwork/libc.a(lib_a-fflush.o)
                0x00117944                _fflush_r
                0x00117a94                fflush
 .text          0x00117ac4      0x1d4 /vagrant/gnuarm/lib/gcc/arm-elf/4.4.2/../../../../arm-elf/lib/thumb/interwork/libc.a(lib_a-findfp.o)
                0x00117ac4                __sfp_lock_acquire
                0x00117ac8                __sfp_lock_release
                0x00117acc                __sinit_lock_acquire
                0x00117ad0                __sinit_lock_release
                0x00117adc                __fp_unlock_all
                0x00117af4                __fp_lock_all
                0x00117b0c                _cleanup_r
                0x00117b1c                _cleanup
                0x00117b7c                __sinit
                0x00117bd8                __sfmoreglue
                0x00117c08                __sfp
 .text          0x00117c98      0x250 /vagrant/gnuarm/lib/gcc/arm-elf/4.4.2/../../../../arm-elf/lib/thumb/interwork/libc.a(lib_a-freer.o)
                0x00117c98                _malloc_trim_r
                0x00117d3c                _free_r
 .text          0x00117ee8       0xc4 /vagrant/gnuarm/lib/gcc/arm-elf/4.4.2/../../../../arm-elf/lib/thumb/interwork/libc.a(lib_a-fwalk.o)
                0x00117ee8                _fwalk_reent
                0x00117f4c                _fwalk
 .text          0x00117fac       0x88 /vagrant/gnuarm/lib/gcc/arm-elf/4.4.2/../../../../arm-elf/lib/thumb/interwork/libc.a(lib_a-locale.o)
                0x00117fac                __locale_charset
                0x00117fb4                __locale_msgcharset
                0x00117fc0                __locale_cjk_lang
                0x00117fc4                _localeconv_r
                0x00117fcc                localeconv
                0x00117fd4                _setlocale_r
                0x0011801c                setlocale
 .text          0x00118034       0xe4 /vagrant/gnuarm/lib/gcc/arm-elf/4.4.2/../../../../arm-elf/lib/thumb/interwork/libc.a(lib_a-makebuf.o)
                0x00118034                __smakebuf_r
 .text          0x00118118      0x9a4 /vagrant/gnuarm/lib/gcc/arm-elf/4.4.2/../../../../arm-elf/lib/thumb/interwork/libc.a(lib_a-mprec.o)
                0x00118118                _Bfree
                0x0011812c                __hi0bits
                0x00118174                __lo0bits
                0x001181d8                __mcmp
                0x00118218                __ulp
                0x00118264                __b2d
                0x00118310                __ratio
                0x00118374                _mprec_log10
                0x001183b4                __copybits
                0x001183fc                __any_on
                0x00118448                _Balloc
                0x0011849c                __d2b
                0x0011857c                __mdiff
                0x00118690                __lshift
                0x00118750                __multiply
                0x001188b0                __i2b
                0x001188c8                __multadd
                0x00118968                __pow5mult
                0x00118a20                __s2b
 .text          0x00118abc       0x84 /vagrant/gnuarm/lib/gcc/arm-elf/4.4.2/../../../../arm-elf/lib/thumb/interwork/libc.a(lib_a-s_fpclassify.o)
                0x00118abc                __fpclassifyd
 .text          0x00118b40       0xac /vagrant/gnuarm/lib/gcc/arm-elf/4.4.2/../../../../arm-elf/lib/thumb/interwork/libc.a(lib_a-stdio.o)
                0x00118b40                __seofread
                0x00118b44                __sclose
                0x00118b54                __sseek
                0x00118b84                __swrite
                0x00118bc0                __sread
 .text          0x00118bec      0xa60 /vagrant/gnuarm/lib/gcc/arm-elf/4.4.2/../../../../arm-elf/lib/thumb/interwork/libc.a(lib_a-svfiprintf.o)
                0x00118bec                __ssprint_r
                0x00118d20                _svfiprintf_r
 .text          0x0011964c       0x5c /vagrant/gnuarm/lib/gcc/arm-elf/4.4.2/../../../../arm-elf/lib/thumb/interwork/libc.a(lib_a-callocr.o)
                0x0011964c                _calloc_r
 .text          0x001196a8       0x28 /vagrant/gnuarm/lib/gcc/arm-elf/4.4.2/../../../../arm-elf/lib/thumb/interwork/libc.a(lib_a-closer.o)
                0x001196a8                _close_r
 .text          0x001196d0       0xbc /vagrant/gnuarm/lib/gcc/arm-elf/4.4.2/../../../../arm-elf/lib/thumb/interwork/libc.a(lib_a-fclose.o)
                0x001196d0                _fclose_r
                0x00119774                fclose
 .text          0x0011978c       0x2c /vagrant/gnuarm/lib/gcc/arm-elf/4.4.2/../../../../arm-elf/lib/thumb/interwork/libc.a(lib_a-fstatr.o)
                0x0011978c                _fstat_r
 .text          0x001197b8       0x28 /vagrant/gnuarm/lib/gcc/arm-elf/4.4.2/../../../../arm-elf/lib/thumb/interwork/libc.a(lib_a-isattyr.o)
                0x001197b8                _isatty_r
 .text          0x001197e0       0x2c /vagrant/gnuarm/lib/gcc/arm-elf/4.4.2/../../../../arm-elf/lib/thumb/interwork/libc.a(lib_a-lseekr.o)
                0x001197e0                _lseek_r
 .text          0x0011980c       0x2c /vagrant/gnuarm/lib/gcc/arm-elf/4.4.2/../../../../arm-elf/lib/thumb/interwork/libc.a(lib_a-readr.o)
                0x0011980c                _read_r
 .text          0x00119838       0x5c /vagrant/gnuarm/lib/gcc/arm-elf/4.4.2/thumb/interwork/libgcc.a(_arm_fixdfsi.o)
                0x00119838                __fixdfsi
                0x00119838                __aeabi_d2iz
                0x001198a0                . = ALIGN (0x10)
 *fill*         0x00119894        0xc 00
 *(*.rodata *.rodata.*)
 .rodata.banner
                0x001198a0      0x200 build/kernel/banner.o
 .rodata.search_table.1413
                0x00119aa0       0x10 build/kernel/task.o
 .rodata.str1.1
                0x00119ab0       0x92 build/kernel/task.o
 .rodata.str1.1
                0x00119b42       0x83 build/kernel/task_manage.o
 .rodata.str1.1
                0x00119bc5       0x54 build/kernel/wait.o
 .rodata.str1.1
                0x00119c19       0x82 build/config/armv4/at91sam7s/sys_config.o
 *fill*         0x00119c9b        0x1 00
 .rodata._kernel_tinib_table
                0x00119c9c       0x40 build/./kernel_cfg.o
                0x00119c9c                _kernel_tinib_table
 .rodata._kernel_torder_table
                0x00119cdc        0x8 build/./kernel_cfg.o
                0x00119cdc                _kernel_torder_table
 .rodata._kernel_inhinib_table
                0x00119ce4        0xc build/./kernel_cfg.o
                0x00119ce4                _kernel_inhinib_table
 .rodata._kernel_tmax_tskid
                0x00119cf0        0x4 build/./kernel_cfg.o
                0x00119cf0                _kernel_tmax_tskid
 .rodata._kernel_seminib_table
                0x00119cf4        0xc build/./kernel_cfg.o
                0x00119cf4                _kernel_seminib_table
 .rodata._kernel_cycinib_table
                0x00119d00       0x14 build/./kernel_cfg.o
                0x00119d00                _kernel_cycinib_table
 .rodata._kernel_tmax_cycid
                0x00119d14        0x4 build/./kernel_cfg.o
                0x00119d14                _kernel_tmax_cycid
 .rodata._kernel_tmax_semid
                0x00119d18        0x4 build/./kernel_cfg.o
                0x00119d18                _kernel_tmax_semid
 .rodata._kernel_tnum_inhno
                0x00119d1c        0x4 build/./kernel_cfg.o
                0x00119d1c                _kernel_tnum_inhno
 .rodata.str1.1
                0x00119d20       0x6c build/ecrobot_base.o
 .rodata.exec_addr
                0x00119d8c        0x4 build/ecrobot_base.o
                0x00119d8c                exec_addr
 .rodata._ZTVN7ecrobot11SonarSensorE
                0x00119d90       0x10 build/main.o
                0x00119d90                _ZTVN7ecrobot11SonarSensorE
 .rodata._ZTVN7ecrobot11TouchSensorE
                0x00119da0       0x10 build/main.o
                0x00119da0                _ZTVN7ecrobot11TouchSensorE
 .rodata._ZTVN7ecrobot6SensorE
                0x00119db0       0x10 build/main.o
                0x00119db0                _ZTVN7ecrobot6SensorE
 .rodata.str1.1
                0x00119dc0       0x3a build/main.o
 *fill*         0x00119dfa        0x2 00
 .rodata._ZTV12StateMachine
                0x00119dfc        0xc build/MEXU.o
                0x00119dfc                _ZTV12StateMachine
 .rodata._ZTV3foo
                0x00119e08        0xc build/stm.o
                0x00119e08                _ZTV3foo
 .rodata._ZTV11Transporter
                0x00119e14        0xc build/stm.o
                0x00119e14                _ZTV11Transporter
 .rodata._ZN11Transporter6matrixE
                0x00119e20       0x70 build/stm.o
                0x00119e20                _ZN11Transporter6matrixE
 .rodata._ZN3foo6matrixE
                0x00119e90       0x1c build/stm.o
                0x00119e90                _ZN3foo6matrixE
 .rodata.str1.4
                0x00119eac        0xb ../ecrobot/../ecrobot/libecrobot++.a(I2c.o)
                                  0xc (size before relaxing)
 *fill*         0x00119eb7        0x1 00
 .rodata.str1.4
                0x00119eb8        0xe ../ecrobot/../ecrobot/libecrobot++.a(LightSensor.o)
                                 0x10 (size before relaxing)
 *fill*         0x00119ec6        0x2 00
 .rodata.str1.4
                0x00119ec8        0xd ../ecrobot/../ecrobot/libecrobot++.a(Motor.o)
                                 0x10 (size before relaxing)
 .rodata.str1.4
                0x00000000       0x10 ../ecrobot/../ecrobot/libecrobot++.a(TouchSensor.o)
 *fill*         0x00119ed5        0x3 00
 .rodata.str1.4
                0x00119ed8       0x1c /vagrant/gnuarm/lib/gcc/arm-elf/4.4.2/../../../../arm-elf/lib/thumb/interwork/libstdc++.a(pure.o)
 .rodata._ZL28read_encoded_value_with_basehjPKhPj
                0x00119ef4       0x34 /vagrant/gnuarm/lib/gcc/arm-elf/4.4.2/../../../../arm-elf/lib/thumb/interwork/libstdc++.a(eh_personality.o)
 .rodata._ZTVSt13bad_exception
                0x00119f28       0x14 /vagrant/gnuarm/lib/gcc/arm-elf/4.4.2/../../../../arm-elf/lib/thumb/interwork/libstdc++.a(eh_exception.o)
                0x00119f28                _ZTVSt13bad_exception
 .rodata._ZTVSt9exception
                0x00119f3c       0x14 /vagrant/gnuarm/lib/gcc/arm-elf/4.4.2/../../../../arm-elf/lib/thumb/interwork/libstdc++.a(eh_exception.o)
                0x00119f3c                _ZTVSt9exception
 .rodata._ZTSN10__cxxabiv119__foreign_exceptionE
                0x00119f50       0x24 /vagrant/gnuarm/lib/gcc/arm-elf/4.4.2/../../../../arm-elf/lib/thumb/interwork/libstdc++.a(eh_exception.o)
                0x00119f50                _ZTSN10__cxxabiv119__foreign_exceptionE
 .rodata._ZTIN10__cxxabiv119__foreign_exceptionE
                0x00119f74        0x8 /vagrant/gnuarm/lib/gcc/arm-elf/4.4.2/../../../../arm-elf/lib/thumb/interwork/libstdc++.a(eh_exception.o)
                0x00119f74                _ZTIN10__cxxabiv119__foreign_exceptionE
 .rodata._ZTSN10__cxxabiv115__forced_unwindE
                0x00119f7c       0x20 /vagrant/gnuarm/lib/gcc/arm-elf/4.4.2/../../../../arm-elf/lib/thumb/interwork/libstdc++.a(eh_exception.o)
                0x00119f7c                _ZTSN10__cxxabiv115__forced_unwindE
 .rodata._ZTIN10__cxxabiv115__forced_unwindE
                0x00119f9c        0x8 /vagrant/gnuarm/lib/gcc/arm-elf/4.4.2/../../../../arm-elf/lib/thumb/interwork/libstdc++.a(eh_exception.o)
                0x00119f9c                _ZTIN10__cxxabiv115__forced_unwindE
 .rodata._ZTSSt13bad_exception
                0x00119fa4       0x14 /vagrant/gnuarm/lib/gcc/arm-elf/4.4.2/../../../../arm-elf/lib/thumb/interwork/libstdc++.a(eh_exception.o)
                0x00119fa4                _ZTSSt13bad_exception
 .rodata._ZTISt13bad_exception
                0x00119fb8        0xc /vagrant/gnuarm/lib/gcc/arm-elf/4.4.2/../../../../arm-elf/lib/thumb/interwork/libstdc++.a(eh_exception.o)
                0x00119fb8                _ZTISt13bad_exception
 .rodata._ZTSSt9exception
                0x00119fc4       0x10 /vagrant/gnuarm/lib/gcc/arm-elf/4.4.2/../../../../arm-elf/lib/thumb/interwork/libstdc++.a(eh_exception.o)
                0x00119fc4                _ZTSSt9exception
 .rodata._ZTISt9exception
                0x00119fd4        0x8 /vagrant/gnuarm/lib/gcc/arm-elf/4.4.2/../../../../arm-elf/lib/thumb/interwork/libstdc++.a(eh_exception.o)
                0x00119fd4                _ZTISt9exception
 .rodata.str1.4
                0x00119fdc       0x23 /vagrant/gnuarm/lib/gcc/arm-elf/4.4.2/../../../../arm-elf/lib/thumb/interwork/libstdc++.a(eh_exception.o)
                                 0x24 (size before relaxing)
 *fill*         0x00119fff        0x1 00
 .rodata._ZTVN10__cxxabiv120__si_class_type_infoE
                0x0011a000       0x2c /vagrant/gnuarm/lib/gcc/arm-elf/4.4.2/../../../../arm-elf/lib/thumb/interwork/libstdc++.a(si_class_type_info.o)
                0x0011a000                _ZTVN10__cxxabiv120__si_class_type_infoE
 .rodata._ZTSN10__cxxabiv120__si_class_type_infoE
                0x0011a02c       0x28 /vagrant/gnuarm/lib/gcc/arm-elf/4.4.2/../../../../arm-elf/lib/thumb/interwork/libstdc++.a(si_class_type_info.o)
                0x0011a02c                _ZTSN10__cxxabiv120__si_class_type_infoE
 .rodata._ZTIN10__cxxabiv120__si_class_type_infoE
                0x0011a054        0xc /vagrant/gnuarm/lib/gcc/arm-elf/4.4.2/../../../../arm-elf/lib/thumb/interwork/libstdc++.a(si_class_type_info.o)
                0x0011a054                _ZTIN10__cxxabiv120__si_class_type_infoE
 .rodata._ZTVSt9type_info
                0x0011a060       0x20 /vagrant/gnuarm/lib/gcc/arm-elf/4.4.2/../../../../arm-elf/lib/thumb/interwork/libstdc++.a(tinfo.o)
                0x0011a060                _ZTVSt9type_info
 .rodata._ZTSSt9type_info
                0x0011a080       0x10 /vagrant/gnuarm/lib/gcc/arm-elf/4.4.2/../../../../arm-elf/lib/thumb/interwork/libstdc++.a(tinfo.o)
                0x0011a080                _ZTSSt9type_info
 .rodata._ZTISt9type_info
                0x0011a090        0x8 /vagrant/gnuarm/lib/gcc/arm-elf/4.4.2/../../../../arm-elf/lib/thumb/interwork/libstdc++.a(tinfo.o)
                0x0011a090                _ZTISt9type_info
 .rodata.str1.4
                0x0011a098       0x92 /vagrant/gnuarm/lib/gcc/arm-elf/4.4.2/../../../../arm-elf/lib/thumb/interwork/libstdc++.a(vterminate.o)
                                 0x94 (size before relaxing)
 *fill*         0x0011a12a        0x2 00
 .rodata._ZTVN10__cxxabiv117__class_type_infoE
                0x0011a12c       0x2c /vagrant/gnuarm/lib/gcc/arm-elf/4.4.2/../../../../arm-elf/lib/thumb/interwork/libstdc++.a(class_type_info.o)
                0x0011a12c                _ZTVN10__cxxabiv117__class_type_infoE
 .rodata._ZTSN10__cxxabiv117__class_type_infoE
                0x0011a158       0x24 /vagrant/gnuarm/lib/gcc/arm-elf/4.4.2/../../../../arm-elf/lib/thumb/interwork/libstdc++.a(class_type_info.o)
                0x0011a158                _ZTSN10__cxxabiv117__class_type_infoE
 .rodata._ZTIN10__cxxabiv117__class_type_infoE
                0x0011a17c        0xc /vagrant/gnuarm/lib/gcc/arm-elf/4.4.2/../../../../arm-elf/lib/thumb/interwork/libstdc++.a(class_type_info.o)
                0x0011a17c                _ZTIN10__cxxabiv117__class_type_infoE
 .rodata        0x0011a188      0xd78 /vagrant/gnuarm/lib/gcc/arm-elf/4.4.2/../../../../arm-elf/lib/thumb/interwork/libstdc++.a(cp-demangle.o)
 .rodata.str1.4
                0x0011af00      0x6a3 /vagrant/gnuarm/lib/gcc/arm-elf/4.4.2/../../../../arm-elf/lib/thumb/interwork/libstdc++.a(cp-demangle.o)
                                0x6d0 (size before relaxing)
 *fill*         0x0011b5a3        0x1 00
 .rodata        0x0011b5a4        0x4 /vagrant/gnuarm/lib/gcc/arm-elf/4.4.2/../../../../arm-elf/lib/thumb/interwork/libc.a(lib_a-impure.o)
                0x0011b5a4                _global_impure_ptr
 .rodata.str1.4
                0x0011b5a8        0x2 /vagrant/gnuarm/lib/gcc/arm-elf/4.4.2/../../../../arm-elf/lib/thumb/interwork/libc.a(lib_a-impure.o)
                                  0x4 (size before relaxing)
 *fill*         0x0011b5aa        0x2 00
 .rodata        0x0011b5ac      0x184 /vagrant/gnuarm/lib/gcc/arm-elf/4.4.2/../../../../arm-elf/lib/thumb/interwork/libc.a(lib_a-svfprintf.o)
 .rodata.str1.4
                0x0011b730       0x42 /vagrant/gnuarm/lib/gcc/arm-elf/4.4.2/../../../../arm-elf/lib/thumb/interwork/libc.a(lib_a-svfprintf.o)
                                 0x44 (size before relaxing)
 *fill*         0x0011b772        0x2 00
 .rodata.str1.4
                0x0011b774        0x4 /vagrant/gnuarm/lib/gcc/arm-elf/4.4.2/../../../../arm-elf/lib/thumb/interwork/libc.a(lib_a-syscalls.o)
 .rodata.str1.4
                0x0011b778       0x10 /vagrant/gnuarm/lib/gcc/arm-elf/4.4.2/../../../../arm-elf/lib/thumb/interwork/libc.a(lib_a-dtoa.o)
                                 0x14 (size before relaxing)
 .rodata        0x0011b788       0x38 /vagrant/gnuarm/lib/gcc/arm-elf/4.4.2/../../../../arm-elf/lib/thumb/interwork/libc.a(lib_a-locale.o)
 .rodata.str1.4
                0x0011b7c0        0x8 /vagrant/gnuarm/lib/gcc/arm-elf/4.4.2/../../../../arm-elf/lib/thumb/interwork/libc.a(lib_a-locale.o)
                                 0x14 (size before relaxing)
 .rodata        0x0011b7c8      0x124 /vagrant/gnuarm/lib/gcc/arm-elf/4.4.2/../../../../arm-elf/lib/thumb/interwork/libc.a(lib_a-mprec.o)
                0x0011b7c8                __mprec_tens
                0x0011b89c                __mprec_bigtens
                0x0011b8c4                __mprec_tinytens
 .rodata        0x0011b8ec      0x184 /vagrant/gnuarm/lib/gcc/arm-elf/4.4.2/../../../../arm-elf/lib/thumb/interwork/libc.a(lib_a-svfiprintf.o)
 .rodata.str1.4
                0x00000000       0x30 /vagrant/gnuarm/lib/gcc/arm-elf/4.4.2/../../../../arm-elf/lib/thumb/interwork/libc.a(lib_a-svfiprintf.o)
                0x0011ba70                . = ALIGN (0x10)
 *(*.gnu.linkonce.* .gcc_except_table)
 .gnu.linkonce.r._ZTVN7ecrobot3I2cE
                0x0011ba70       0x10 ../ecrobot/../ecrobot/libecrobot++.a(I2c.o)
                0x0011ba70                _ZTVN7ecrobot3I2cE
 .gnu.linkonce.r._ZTVN7ecrobot11LightSensorE
                0x0011ba80       0x10 ../ecrobot/../ecrobot/libecrobot++.a(LightSensor.o)
                0x0011ba80                _ZTVN7ecrobot11LightSensorE
 .gcc_except_table
                0x0011ba90       0x20 /vagrant/gnuarm/lib/gcc/arm-elf/4.4.2/../../../../arm-elf/lib/thumb/interwork/libstdc++.a(eh_personality.o)
 .gcc_except_table
                0x0011bab0       0x10 /vagrant/gnuarm/lib/gcc/arm-elf/4.4.2/../../../../arm-elf/lib/thumb/interwork/libstdc++.a(eh_terminate.o)
 .gcc_except_table
                0x0011bac0       0x20 /vagrant/gnuarm/lib/gcc/arm-elf/4.4.2/../../../../arm-elf/lib/thumb/interwork/libstdc++.a(eh_alloc.o)
 .gcc_except_table
                0x0011bae0       0x10 /vagrant/gnuarm/lib/gcc/arm-elf/4.4.2/../../../../arm-elf/lib/thumb/interwork/libstdc++.a(eh_catch.o)
 .gcc_except_table
                0x0011baf0       0x18 /vagrant/gnuarm/lib/gcc/arm-elf/4.4.2/../../../../arm-elf/lib/thumb/interwork/libstdc++.a(vterminate.o)
 .gcc_except_table.stub
                0x0011bb08       0x98 linker stubs
                0x0011bba0                . = ALIGN (0x10)
 *fill*         0x0011bba0        0x0 00

.vfp11_veneer   0x00204650        0x0