Archive member included because of file (symbol)

../../ecrobot/../ecrobot/libecrobot.a(ecrobot_device_hook.o)
                              build/ecrobot.o (ecrobot_device_initialize)
../../ecrobot/../ecrobot/libecrobot.a(ecrobot_interface.o)
                              build/ecrobot_base.o (ecrobot_get_battery_voltage)
../../ecrobot/../ecrobot/libecrobot.a(colorsensor.o)
                              ../../ecrobot/../ecrobot/libecrobot.a(ecrobot_interface.o) (colorsensor_init)
../../ecrobot/../ecrobot/libecrobot.a(uart.oram)
                              build/config/armv4/at91sam7s/irq.oram (uart_isr_C_0)
../../ecrobot/../ecrobot/libecrobot.a(systick.oram)
                              build/config/armv4/at91sam7s/irq.oram (systick_low_priority_C)
../../ecrobot/../ecrobot/libecrobot.a(byte_fifo.oram)
                              ../../ecrobot/../ecrobot/libecrobot.a(uart.oram) (byte_fifo_put)
../../ecrobot/../ecrobot/libecrobot.a(aic.oram)
                              ../../ecrobot/../ecrobot/libecrobot.a(uart.oram) (aic_set_vector)
../../ecrobot/../ecrobot/libecrobot.a(udp.oram)
                              build/config/armv4/at91sam7s/irq.oram (udp_isr_C)
../../ecrobot/../ecrobot/libecrobot.a(twi.oram)
                              build/config/armv4/at91sam7s/irq.oram (twi_isr_C)
../../ecrobot/../ecrobot/libecrobot.a(nxt_spi.oram)
                              build/config/armv4/at91sam7s/irq.oram (spi_isr_C)
../../ecrobot/../ecrobot/libecrobot.a(nxt_motors.oram)
                              ../../ecrobot/../ecrobot/libecrobot.a(ecrobot_interface.o) (nxt_motor_get_count)
../../ecrobot/../ecrobot/libecrobot.a(data_abort.oram)
                              build/ecrobot_init.o (data_abort_C)
../../ecrobot/../ecrobot/libecrobot.a(display.oram)
                              build/ecrobot_base.o (display_update)
../../ecrobot/../ecrobot/libecrobot.a(i2c.oram)
                              build/config/armv4/at91sam7s/irq.oram (i2c_timer_isr_C)
../../ecrobot/../ecrobot/libecrobot.a(sound.oram)
                              ../../ecrobot/../ecrobot/libecrobot.a(ecrobot_interface.o) (sound_get_time)
../../ecrobot/../ecrobot/libecrobot.a(bt.oram)
                              build/ecrobot_bluetooth.o (bt_send)
../../ecrobot/../ecrobot/libecrobot.a(nxt_avr.oram)
                              build/ecrobot_base.o (nxt_avr_power_down)
../../ecrobot/../ecrobot/libecrobot.a(sensors.oram)
                              ../../ecrobot/../ecrobot/libecrobot.a(ecrobot_interface.o) (unset_digi0)
../../ecrobot/../ecrobot/libecrobot.a(sensors1.oram)
                              ../../ecrobot/../ecrobot/libecrobot.a(colorsensor.o) (sensor_pins)
../../ecrobot/../ecrobot/libecrobot.a(nxt_lcd.oram)
                              ../../ecrobot/../ecrobot/libecrobot.a(display.oram) (nxt_lcd_force_update)
../../ecrobot/../ecrobot/libecrobot.a(flash_loader.oram)
                              build/ecrobot_base.o (set_flash_request)
../../ecrobot/../ecrobot/libecrobot.a(interrupts.oram)
                              build/ecrobot.o (interrupts_get_and_disable)
../../ecrobot/../ecrobot/libecrobot.a(nxtjsp_splash.obmp)
                              build/ecrobot_base.o (nxtjsp_splash_bmp_start)
../../ecrobot/../ecrobot/libecrobot.a(ecrobot_usb.o)
                              ../../ecrobot/../ecrobot/libecrobot.a(flash_loader.oram) (ecrobot_init_usb)
../../ecrobot/../ecrobot/libecrobot.a(flashprog.oram)
                              ../../ecrobot/../ecrobot/libecrobot.a(flash_loader.oram) (flash_write_page)
/vagrant/gnuarm/lib/gcc/arm-elf/4.4.2/thumb/interwork/libgcc.a(_udivsi3.o)
                              build/ecrobot_base.o (__udivsi3)
/vagrant/gnuarm/lib/gcc/arm-elf/4.4.2/thumb/interwork/libgcc.a(_divsi3.o)
                              ../../ecrobot/../ecrobot/libecrobot.a(uart.oram) (__divsi3)
/vagrant/gnuarm/lib/gcc/arm-elf/4.4.2/thumb/interwork/libgcc.a(_umodsi3.o)
                              build/kernel/mempfix.o (__umodsi3)
/vagrant/gnuarm/lib/gcc/arm-elf/4.4.2/thumb/interwork/libgcc.a(_modsi3.o)
                              ../../ecrobot/../ecrobot/libecrobot.a(sound.oram) (__modsi3)
/vagrant/gnuarm/lib/gcc/arm-elf/4.4.2/thumb/interwork/libgcc.a(_dvmd_tls.o)
                              /vagrant/gnuarm/lib/gcc/arm-elf/4.4.2/thumb/interwork/libgcc.a(_udivsi3.o) (__div0)
/vagrant/gnuarm/lib/gcc/arm-elf/4.4.2/thumb/interwork/libgcc.a(_arm_addsubdf3.o)
                              ../../ecrobot/../ecrobot/libecrobot.a(colorsensor.o) (__floatsidf)
/vagrant/gnuarm/lib/gcc/arm-elf/4.4.2/thumb/interwork/libgcc.a(_arm_muldivdf3.o)
                              ../../ecrobot/../ecrobot/libecrobot.a(colorsensor.o) (__muldf3)
/vagrant/gnuarm/lib/gcc/arm-elf/4.4.2/thumb/interwork/libgcc.a(_arm_cmpdf2.o)
                              ../../ecrobot/../ecrobot/libecrobot.a(colorsensor.o) (__gtdf2)
/vagrant/gnuarm/lib/gcc/arm-elf/4.4.2/thumb/interwork/libgcc.a(_muldi3.o)
[...]
Memory Configuration

Name             Origin             Length             Attributes
rom              0x00108000         0x00038000
vector_ram       0x00200000         0x00000040
ram              0x00200040         0x0000ffc0
*default*        0x00000000         0xffffffff

Linker script and memory map

LOAD build/kernel/banner.o
LOAD build/kernel/cyclic.o
LOAD build/kernel/dataqueue.o
LOAD build/kernel/eventflag.o
LOAD build/kernel/exception.o
LOAD build/kernel/interrupt.o
LOAD build/kernel/mailbox.o
LOAD build/kernel/mempfix.o
LOAD build/kernel/semaphore.o
LOAD build/kernel/startup.o
LOAD build/kernel/sys_manage.o
LOAD build/kernel/syslog.o
LOAD build/kernel/task.o
LOAD build/kernel/task_except.o
LOAD build/kernel/task_manage.o
LOAD build/kernel/task_sync.o
LOAD build/kernel/time_event.o
LOAD build/kernel/time_manage.o
LOAD build/kernel/wait.o
LOAD build/config/armv4/cpu_config.o
LOAD build/config/armv4/at91sam7s/sys_config.o
LOAD build/./kernel_cfg.o
LOAD build/syscalls.o
LOAD build/ecrobot_bluetooth.o
LOAD build/ecrobot_base.o
LOAD build/ecrobot.o
LOAD build/helloworld.o
LOAD build/library/log_output.oram
LOAD build/library/strerror.oram
LOAD build/library/t_perror.oram
LOAD build/library/vasyslog.oram
LOAD build/nxtvm/platform/nxt/vectors.o
LOAD build/nxt_binary_header.o
LOAD build/nxt_entry_point.o
LOAD build/ecrobot_init.o
LOAD build/config/armv4/cpu_support.oram
LOAD build/config/armv4/at91sam7s/irq.oram
LOAD ../../ecrobot/../c++/liblejososek.a
LOAD ../../ecrobot/../ecrobot/libecrobot.a
LOAD /vagrant/gnuarm/lib/gcc/arm-elf/4.4.2/../../../../arm-elf/lib/thumb/interwork/libstdc++.a
LOAD /vagrant/gnuarm/lib/gcc/arm-elf/4.4.2/../../../../arm-elf/lib/thumb/interwork/libm.a
START GROUP
LOAD /vagrant/gnuarm/lib/gcc/arm-elf/4.4.2/thumb/interwork/libgcc.a
LOAD /vagrant/gnuarm/lib/gcc/arm-elf/4.4.2/../../../../arm-elf/lib/thumb/interwork/libc.a
END GROUP
                0x00108000                ROM_BASE = 0x108000
                0x00038000                ROM_SIZE = 0x38000
                0x00200000                RAM_BASE = 0x200000
                0x00010000                RAM_SIZE = 0x10000

.vectors        0x00200000       0x40 load address 0x00108000
 vectors.o(*.text *.text.*)
 .text          0x00200000       0x38 build/nxtvm/platform/nxt/vectors.o
                0x00200040                . = ALIGN (0x10)
 *fill*         0x00200038        0x8 00
                0x00200000                __vectors_ram_start__ = ADDR (.vectors)
                0x00200040                __vectors_ram_end__ = (ADDR (.vectors) + SIZEOF (.vectors))
                0x00108000                __vectors_load_start__ = LOADADDR (.vectors)
                0x00108040                __vectors_load_end__ = (LOADADDR (.vectors) + SIZEOF (.vectors))

.init           0x00108040      0x280
 *ecrobot_init.o(*.text *.text.*)
 .text          0x00108040      0x280 build/ecrobot_init.o
                0x00108040                start
                0x001081ac                undef_handler
                0x001081b0                swi_handler
                0x001081b4                prefetch_abort_handler
                0x001081b8                data_abort_handler
                0x001081d4                reserved_handler
                0x001082c0                . = ALIGN (0x10)

.ram_text       0x00200040     0x3b20 load address 0x001082c0
                0x00200040                . = ALIGN (0x10)
 *.oram(*.text *.text.* *.glue*)
 .text.convert  0x00200040       0xa8 build/library/log_output.oram
 .text.syslog_printf
                0x002000e8      0x114 build/library/log_output.oram
                0x002000e8                syslog_printf
 .text.syslog_print
                0x002001fc       0x2c build/library/log_output.oram
                0x002001fc                syslog_print
 *fill*         0x00200228        0x8 00
 .text          0x00200230      0x1b0 build/config/armv4/cpu_support.oram
                0x00200230                _kernel_dispatch
                0x00200278                _kernel_exit_and_dispatch
                0x002002f8                _kernel_activate_r
                0x00200318                _kernel_ret_exc
                0x00200318                _kernel_ret_int
                0x00200354                _kernel_break_wait
                0x0020038c                sil_dly_nse
                0x002003ac                current_sr
                0x002003b4                set_sr
 .text          0x002003e0      0xcc8 build/config/armv4/at91sam7s/irq.oram
                0x002003e0                default_isr
                0x002003e0                default_fiq
                0x002003e0                spurious_isr
                0x002003e4                systick_isr_entry
                0x00200520                systick_low_priority_entry
                0x0020065c                udp_isr_entry
                0x00200798                spi_isr_entry
                0x002008d4                twi_isr_entry
                0x00200a10                sound_isr_entry
                0x00200b4c                uart_isr_entry_0
                0x00200c88                uart_isr_entry_1
                0x00200dc4                nxt_motor_isr_entry
                0x00200f00                i2c_timer_isr_entry
                0x0020103c                lejos_osek_run
                0x00201048                lejos_osek_stop
 .text.uart_process_isr
                0x002010a8       0x88 ../../ecrobot/../ecrobot/libecrobot.a(uart.oram)
 .text.uart_isr_C_0
                0x00201130        0xc ../../ecrobot/../ecrobot/libecrobot.a(uart.oram)
                0x00201130                uart_isr_C_0
 .text.uart_isr_C_1
                0x0020113c        0xc ../../ecrobot/../ecrobot/libecrobot.a(uart.oram)
                0x0020113c                uart_isr_C_1
 .text.systick_low_priority_C
                0x00201148       0x1c ../../ecrobot/../ecrobot/libecrobot.a(systick.oram)
                0x00201148                systick_low_priority_C
 .text.systick_isr_C
                0x00201164       0x24 ../../ecrobot/../ecrobot/libecrobot.a(systick.oram)
                0x00201164                systick_isr_C
 .text.systick_get_ms
                0x00201188        0xc ../../ecrobot/../ecrobot/libecrobot.a(systick.oram)
                0x00201188                systick_get_ms
 .text.systick_wait_ms
                0x00201194       0x1c ../../ecrobot/../ecrobot/libecrobot.a(systick.oram)
                0x00201194                systick_wait_ms
 .text.systick_wait_ns
                0x002011b0       0x1c ../../ecrobot/../ecrobot/libecrobot.a(systick.oram)
                0x002011b0                systick_wait_ns
 .text.systick_init
                0x002011cc       0x58 ../../ecrobot/../ecrobot/libecrobot.a(systick.oram)
                0x002011cc                systick_init
 .text.systick_suspend
                0x00201224        0xc ../../ecrobot/../ecrobot/libecrobot.a(systick.oram)
                0x00201224                systick_suspend
 .text.systick_resume
                0x00201230        0xc ../../ecrobot/../ecrobot/libecrobot.a(systick.oram)
                0x00201230                systick_resume
 .text.byte_fifo_put
                0x0020123c       0x58 ../../ecrobot/../ecrobot/libecrobot.a(byte_fifo.oram)
                0x0020123c                byte_fifo_put
 .text.byte_fifo_get
                0x00201294       0x2c ../../ecrobot/../ecrobot/libecrobot.a(byte_fifo.oram)
                0x00201294                byte_fifo_get
 .text.aic_initialise
                0x002012c0       0x5c ../../ecrobot/../ecrobot/libecrobot.a(aic.oram)
                0x002012c0                aic_initialise
 .text.aic_set_vector
                0x0020131c       0x30 ../../ecrobot/../ecrobot/libecrobot.a(aic.oram)
                0x0020131c                aic_set_vector
 .text.aic_mask_on
                0x0020134c       0x24 ../../ecrobot/../ecrobot/libecrobot.a(aic.oram)
                0x0020134c                aic_mask_on
 .text.aic_mask_off
                0x00201370       0x24 ../../ecrobot/../ecrobot/libecrobot.a(aic.oram)
                0x00201370                aic_mask_off
 .text.aic_clear
                0x00201394       0x24 ../../ecrobot/../ecrobot/libecrobot.a(aic.oram)
                0x00201394                aic_clear
 .text.reset    0x002013b8       0x4c ../../ecrobot/../ecrobot/libecrobot.a(udp.oram)
 .text.udp_send_null
                0x00201404       0x2c ../../ecrobot/../ecrobot/libecrobot.a(udp.oram)
 .text.udp_send_stall
                0x00201430       0x2c ../../ecrobot/../ecrobot/libecrobot.a(udp.oram)
 .text.udp_send_control
                0x0020145c       0x60 ../../ecrobot/../ecrobot/libecrobot.a(udp.oram)
 .text.udp_isr_C
                0x002014bc      0x7d0 ../../ecrobot/../ecrobot/libecrobot.a(udp.oram)
                0x002014bc                udp_isr_C
 .text.twi_status
                0x00201c8c       0x20 ../../ecrobot/../ecrobot/libecrobot.a(twi.oram)
                0x00201c8c                twi_status
 .text.twi_isr_C
                0x00201cac       0xc4 ../../ecrobot/../ecrobot/libecrobot.a(twi.oram)
                0x00201cac                twi_isr_C
 .text.twi_reset
                0x00201d70       0xb4 ../../ecrobot/../ecrobot/libecrobot.a(twi.oram)
                0x00201d70                twi_reset
 .text.twi_init
                0x00201e24       0x4c ../../ecrobot/../ecrobot/libecrobot.a(twi.oram)
                0x00201e24                twi_init
 .text.twi_start_read
                0x00201e70       0x60 ../../ecrobot/../ecrobot/libecrobot.a(twi.oram)
                0x00201e70                twi_start_read
 .text.twi_start_write
                0x00201ed0       0x64 ../../ecrobot/../ecrobot/libecrobot.a(twi.oram)
                0x00201ed0                twi_start_write
 .text.spi_set_mode
                0x00201f34       0x40 ../../ecrobot/../ecrobot/libecrobot.a(nxt_spi.oram)
 .text.spi_isr_C
                0x00201f74       0x8c ../../ecrobot/../ecrobot/libecrobot.a(nxt_spi.oram)
                0x00201f74                spi_isr_C
 .text.nxt_spi_init
                0x00202000      0x12c ../../ecrobot/../ecrobot/libecrobot.a(nxt_spi.oram)
                0x00202000                nxt_spi_init
 .text.nxt_spi_write
                0x0020212c       0x44 ../../ecrobot/../ecrobot/libecrobot.a(nxt_spi.oram)
                0x0020212c                nxt_spi_write
 .text.nxt_spi_set_display
                0x00202170       0x10 ../../ecrobot/../ecrobot/libecrobot.a(nxt_spi.oram)
                0x00202170                nxt_spi_set_display
 .text.nxt_spi_refresh
                0x00202180       0x24 ../../ecrobot/../ecrobot/libecrobot.a(nxt_spi.oram)
                0x00202180                nxt_spi_refresh
 .text.nxt_motor_get_count
                0x002021a4       0x14 ../../ecrobot/../ecrobot/libecrobot.a(nxt_motors.oram)
                0x002021a4                nxt_motor_get_count
 .text.nxt_motor_set_count
                0x002021b8       0x10 ../../ecrobot/../ecrobot/libecrobot.a(nxt_motors.oram)
                0x002021b8                nxt_motor_set_count
 .text.nxt_motor_1kHz_process
                0x002021c8       0x28 ../../ecrobot/../ecrobot/libecrobot.a(nxt_motors.oram)
                0x002021c8                nxt_motor_1kHz_process
 .text.nxt_motor_quad_decode
                0x002021f0       0x30 ../../ecrobot/../ecrobot/libecrobot.a(nxt_motors.oram)
                0x002021f0                nxt_motor_quad_decode
 .text.nxt_motor_isr_C
                0x00202220       0x88 ../../ecrobot/../ecrobot/libecrobot.a(nxt_motors.oram)
                0x00202220                nxt_motor_isr_C
 .text.nxt_motor_init
                0x002022a8       0x68 ../../ecrobot/../ecrobot/libecrobot.a(nxt_motors.oram)
                0x002022a8                nxt_motor_init
 .text.data_abort_C
                0x00202310       0x7c ../../ecrobot/../ecrobot/libecrobot.a(data_abort.oram)
                0x00202310                data_abort_C
 .text.display_update
                0x0020238c       0x14 ../../ecrobot/../ecrobot/libecrobot.a(display.oram)
                0x0020238c                display_update
 .text.display_force_update
                0x002023a0        0xc ../../ecrobot/../ecrobot/libecrobot.a(display.oram)
                0x002023a0                display_force_update
 .text.display_clear
                0x002023ac       0x24 ../../ecrobot/../ecrobot/libecrobot.a(display.oram)
                0x002023ac                display_clear
 .text.display_goto_xy
                0x002023d0       0x14 ../../ecrobot/../ecrobot/libecrobot.a(display.oram)
                0x002023d0                display_goto_xy
 .text.display_char
                0x002023e4       0x60 ../../ecrobot/../ecrobot/libecrobot.a(display.oram)
                0x002023e4                display_char
 .text.display_string
                0x00202444       0x3c ../../ecrobot/../ecrobot/libecrobot.a(display.oram)
                0x00202444                display_string
 .text.display_hex
                0x00202480       0x50 ../../ecrobot/../ecrobot/libecrobot.a(display.oram)
                0x00202480                display_hex
 .text.display_unsigned_worker
                0x002024d0       0x70 ../../ecrobot/../ecrobot/libecrobot.a(display.oram)
 .text.display_unsigned
                0x00202540        0xc ../../ecrobot/../ecrobot/libecrobot.a(display.oram)
                0x00202540                display_unsigned
 .text.display_int
                0x0020254c       0x14 ../../ecrobot/../ecrobot/libecrobot.a(display.oram)
                0x0020254c                display_int
 .text.display_bitmap_copy
                0x00202560       0x5c ../../ecrobot/../ecrobot/libecrobot.a(display.oram)
                0x00202560                display_bitmap_copy
 .text.display_init
                0x002025bc       0x50 ../../ecrobot/../ecrobot/libecrobot.a(display.oram)
                0x002025bc                display_init
 .text.i2c_timer_isr_C
                0x0020260c      0x314 ../../ecrobot/../ecrobot/libecrobot.a(i2c.oram)
                0x0020260c                i2c_timer_isr_C
 .text.i2c_disable
                0x00202920       0x20 ../../ecrobot/../ecrobot/libecrobot.a(i2c.oram)
                0x00202920                i2c_disable
 .text.i2c_init
                0x00202940       0xa4 ../../ecrobot/../ecrobot/libecrobot.a(i2c.oram)
                0x00202940                i2c_init
 .text.sound_fill_sample_buffer
                0x002029e4       0xe4 ../../ecrobot/../ecrobot/libecrobot.a(sound.oram)
                0x002029e4                sound_fill_sample_buffer
 .text.sound_init
                0x00202ac8       0xa0 ../../ecrobot/../ecrobot/libecrobot.a(sound.oram)
                0x00202ac8                sound_init
 .text.sound_isr_C
                0x00202b68      0x180 ../../ecrobot/../ecrobot/libecrobot.a(sound.oram)
                0x00202b68                sound_isr_C
 .text.bt_init  0x00202ce8      0x1c0 ../../ecrobot/../ecrobot/libecrobot.a(bt.oram)
                0x00202ce8                bt_init
 .text.nxt_avr_power_down
                0x00202ea8       0x10 ../../ecrobot/../ecrobot/libecrobot.a(nxt_avr.oram)
                0x00202ea8                nxt_avr_power_down
 .text.nxt_avr_link_init
                0x00202eb8       0x20 ../../ecrobot/../ecrobot/libecrobot.a(nxt_avr.oram)
                0x00202eb8                nxt_avr_link_init
 .text.nxt_avr_init
                0x00202ed8       0x6c ../../ecrobot/../ecrobot/libecrobot.a(nxt_avr.oram)
                0x00202ed8                nxt_avr_init
 .text.nxt_avr_1kHz_update
                0x00202f44      0x1cc ../../ecrobot/../ecrobot/libecrobot.a(nxt_avr.oram)
                0x00202f44                nxt_avr_1kHz_update
 .text.buttons_get
                0x00203110        0xc ../../ecrobot/../ecrobot/libecrobot.a(nxt_avr.oram)
                0x00203110                buttons_get
 .text.battery_voltage
                0x0020311c       0x28 ../../ecrobot/../ecrobot/libecrobot.a(nxt_avr.oram)
                0x0020311c                battery_voltage
 .text.sensor_adc
                0x00203144       0x20 ../../ecrobot/../ecrobot/libecrobot.a(nxt_avr.oram)
                0x00203144                sensor_adc
 .text.nxt_avr_set_input_power
                0x00203164       0x3c ../../ecrobot/../ecrobot/libecrobot.a(nxt_avr.oram)
                0x00203164                nxt_avr_set_input_power
 .text.unset_digi0
                0x002031a0       0x44 ../../ecrobot/../ecrobot/libecrobot.a(sensors.oram)
                0x002031a0                unset_digi0
 .text.unset_digi1
                0x002031e4       0x44 ../../ecrobot/../ecrobot/libecrobot.a(sensors.oram)
                0x002031e4                unset_digi1
 .text.init_sensors
                0x00203228       0x4c ../../ecrobot/../ecrobot/libecrobot.a(sensors.oram)
                0x00203228                init_sensors
 .text.nxt_lcd_command
                0x00203274       0x18 ../../ecrobot/../ecrobot/libecrobot.a(nxt_lcd.oram)
                0x00203274                nxt_lcd_command
 .text.nxt_lcd_set_col
                0x0020328c       0x24 ../../ecrobot/../ecrobot/libecrobot.a(nxt_lcd.oram)
                0x0020328c                nxt_lcd_set_col
 .text.nxt_lcd_set_multiplex_rate
                0x002032b0       0x18 ../../ecrobot/../ecrobot/libecrobot.a(nxt_lcd.oram)
                0x002032b0                nxt_lcd_set_multiplex_rate
 .text.nxt_lcd_set_page_address
                0x002032c8       0x18 ../../ecrobot/../ecrobot/libecrobot.a(nxt_lcd.oram)
                0x002032c8                nxt_lcd_set_page_address
 .text.nxt_lcd_set_pot
                0x002032e0       0x1c ../../ecrobot/../ecrobot/libecrobot.a(nxt_lcd.oram)
                0x002032e0                nxt_lcd_set_pot
 .text.nxt_lcd_set_ram_address_control
                0x002032fc       0x18 ../../ecrobot/../ecrobot/libecrobot.a(nxt_lcd.oram)
                0x002032fc                nxt_lcd_set_ram_address_control
 .text.nxt_lcd_enable
                0x00203314       0x14 ../../ecrobot/../ecrobot/libecrobot.a(nxt_lcd.oram)
                0x00203314                nxt_lcd_enable
 .text.nxt_lcd_set_map_control
                0x00203328       0x18 ../../ecrobot/../ecrobot/libecrobot.a(nxt_lcd.oram)
                0x00203328                nxt_lcd_set_map_control
 .text.nxt_lcd_reset
                0x00203340        0xc ../../ecrobot/../ecrobot/libecrobot.a(nxt_lcd.oram)
                0x00203340                nxt_lcd_reset
 .text.nxt_lcd_set_bias_ratio
                0x0020334c       0x18 ../../ecrobot/../ecrobot/libecrobot.a(nxt_lcd.oram)
                0x0020334c                nxt_lcd_set_bias_ratio
 .text.nxt_lcd_force_update
                0x00203364       0x30 ../../ecrobot/../ecrobot/libecrobot.a(nxt_lcd.oram)
                0x00203364                nxt_lcd_force_update
 .text.nxt_lcd_update
                0x00203394        0xc ../../ecrobot/../ecrobot/libecrobot.a(nxt_lcd.oram)
                0x00203394                nxt_lcd_update
 .text.nxt_lcd_power_up
                0x002033a0       0x48 ../../ecrobot/../ecrobot/libecrobot.a(nxt_lcd.oram)
                0x002033a0                nxt_lcd_power_up
 .text.nxt_lcd_power_down
                0x002033e8        0xc ../../ecrobot/../ecrobot/libecrobot.a(nxt_lcd.oram)
                0x002033e8                nxt_lcd_power_down
 .text.nxt_lcd_init
                0x002033f4       0x18 ../../ecrobot/../ecrobot/libecrobot.a(nxt_lcd.oram)
                0x002033f4                nxt_lcd_init
 .text.verify_flash_page
                0x0020340c       0x34 ../../ecrobot/../ecrobot/libecrobot.a(flash_loader.oram)
 .text.set_flash_request
                0x00203440       0x38 ../../ecrobot/../ecrobot/libecrobot.a(flash_loader.oram)
                0x00203440                set_flash_request
 .text.nxt_device_init
                0x00203478       0x38 ../../ecrobot/../ecrobot/libecrobot.a(flash_loader.oram)
                0x00203478                nxt_device_init
 .text          0x002034b0       0x68 ../../ecrobot/../ecrobot/libecrobot.a(interrupts.oram)
                0x002034b0                interrupts_get_and_disable
                0x002034d4                interrupts_enable
                0x002034e4                fiq_get_and_disable
                0x00203508                fiq_enable
 .text.flash_write_page
                0x00203518       0xc0 ../../ecrobot/../ecrobot/libecrobot.a(flashprog.oram)
                0x00203518                flash_write_page
                0x002035e0                . = ALIGN (0x10)
 *fill*         0x002035d8        0x8 00
 *.oram(*.rodata *.rodata.*)
 .rodata.radHEX
                0x002035e0       0x14 build/library/log_output.oram
 .rodata.str1.1
                0x002035f4       0x34 build/library/log_output.oram
 .rodata.radhex
                0x00203628       0x14 build/library/log_output.oram
 .rodata.raddec
                0x0020363c        0xc build/library/log_output.oram
 .rodata.ld     0x00203648        0x4 ../../ecrobot/../ecrobot/libecrobot.a(udp.oram)
 .rodata.cfd    0x0020364c       0x20 ../../ecrobot/../ecrobot/libecrobot.a(udp.oram)
 .rodata.dd     0x0020366c       0x12 ../../ecrobot/../ecrobot/libecrobot.a(udp.oram)
 *fill*         0x0020367e        0x2 00
 .rodata.str1.4
                0x00203680       0x22 ../../ecrobot/../ecrobot/libecrobot.a(data_abort.oram)
                                 0x24 (size before relaxing)
 .rodata.font   0x002036a2      0x280 ../../ecrobot/../ecrobot/libecrobot.a(display.oram)
 *fill*         0x00203922        0x2 00
 .rodata.str1.4
                0x00203924       0x76 ../../ecrobot/../ecrobot/libecrobot.a(display.oram)
                                 0x78 (size before relaxing)
 *fill*         0x0020399a        0x2 00
 .rodata.i2c_pin
                0x0020399c       0x20 ../../ecrobot/../ecrobot/libecrobot.a(i2c.oram)
 .rodata.i2c_timer_isr_C
                0x002039bc       0x38 ../../ecrobot/../ecrobot/libecrobot.a(i2c.oram)
 .rodata.silence
                0x002039f4       0x40 ../../ecrobot/../ecrobot/libecrobot.a(sound.oram)
                0x002039f4                silence
 .rodata.sample_pattern
                0x00203a34       0x84 ../../ecrobot/../ecrobot/libecrobot.a(sound.oram)
                0x00203a34                sample_pattern
 .rodata        0x00203ab8        0xc ../../ecrobot/../ecrobot/libecrobot.a(sound.oram)
 .rodata.avr_brainwash_string
                0x00203ac4       0x30 ../../ecrobot/../ecrobot/libecrobot.a(nxt_avr.oram)
                0x00203ac4                avr_brainwash_string
 .rodata.nxt_avr_1kHz_update
                0x00203af4       0x14 ../../ecrobot/../ecrobot/libecrobot.a(nxt_avr.oram)
 .rodata.C.33.1823
                0x00203b08       0x10 ../../ecrobot/../ecrobot/libecrobot.a(sensors.oram)
 .rodata.C.37.1857
                0x00203b18       0x10 ../../ecrobot/../ecrobot/libecrobot.a(sensors.oram)
 .rodata.str1.4
                0x00203b28       0x24 ../../ecrobot/../ecrobot/libecrobot.a(flash_loader.oram)
 *fill*         0x00203b4c        0x4 00
 .rodata.str1.4.stub
                0x00203b50       0x10 linker stubs
                0x00203b60                . = ALIGN (0x10)
 *fill*         0x00203b60        0x0 00
                0x00200040                __ramtext_ram_start__ = ADDR (.ram_text)
                0x00203b60                __ramtext_ram_end__ = (ADDR (.ram_text) + SIZEOF (.ram_text))
                0x001082c0                __ramtext_load_start__ = LOADADDR (.ram_text)
                0x0010bde0                __ramtext_load_end__ = (__ramtext_load_start__ + SIZEOF (.ram_text))

.wav_data       0x0010bde0        0x0
 *.owav(*.data *.data.*)
                0x0010bde0                . = ALIGN (0x10)

.bmp_data       0x0010bde0      0x440
 *.obmp(*.data *.data.*)
 .data          0x0010bde0      0x43e ../../ecrobot/../ecrobot/libecrobot.a(nxtjsp_splash.obmp)
                0x0010bde0                nxtjsp_splash_bmp_start
                0x0010c21e                nxtjsp_splash_bmp_end
                0x0010c220                . = ALIGN (0x10)
 *fill*         0x0010c21e        0x2 00

.spr_data       0x0010c220        0x0
 *.ospr(*.data *.data.*)
                0x0010c220                . = ALIGN (0x10)

.data           0x00203b60       0x70 load address 0x0010c220
 *(*.data *.data.*)
 .data.bt_status
                0x00203b60        0x1 build/ecrobot_bluetooth.o
 *fill*         0x00203b61        0x3 00
 .data.distance_state
                0x00203b64       0x10 ../../ecrobot/../ecrobot/libecrobot.a(ecrobot_interface.o)
 .data.deviceStatus
                0x00203b74        0x1 ../../ecrobot/../ecrobot/libecrobot.a(ecrobot_interface.o)
 .data.named    0x00203b75       0x22 ../../ecrobot/../ecrobot/libecrobot.a(udp.oram)
 .data.snd      0x00203b97       0x1a ../../ecrobot/../ecrobot/libecrobot.a(udp.oram)
 *fill*         0x00203bb1        0x3 00
 .data.configured
                0x00203bb4        0x4 ../../ecrobot/../ecrobot/libecrobot.a(udp.oram)
 .data.mode     0x00203bb8        0x1 ../../ecrobot/../ecrobot/libecrobot.a(nxt_spi.oram)
                0x00203bb8                mode
 *fill*         0x00203bb9        0x3 00
 .bss.data      0x00203bbc        0x4 ../../ecrobot/../ecrobot/libecrobot.a(nxt_spi.oram)
                0x00203bbc                data
 .data.display_auto_update
                0x00203bc0        0x4 ../../ecrobot/../ecrobot/libecrobot.a(display.oram)
                0x00203bc0                display_auto_update
 .data.display_buffer
                0x00203bc4        0x4 ../../ecrobot/../ecrobot/libecrobot.a(display.oram)
                0x00203bd0                . = ALIGN (0x10)
 *fill*         0x00203bc8        0x8 00
                0x00203b60                __data_ram_start__ = ADDR (.data)
                0x00203bd0                __data_ram_end__ = (ADDR (.data) + SIZEOF (.data))
                0x0010c220                __data_load_start__ = LOADADDR (.data)
                0x0010c290                __data_load_end__ = (__data_load_start__ + SIZEOF (.data))

.text           0x0010c290     0x1500
                0x0010c290                . = ALIGN (0x10)
 *(*.text *.text.* *.glue*)
 .glue_7        0x0010c290       0x18 linker stubs
                0x0010c290                ___kernel_call_texrtn_from_arm
                0x0010c29c                __kernel_start_from_arm
 .glue_7t       0x00000000        0x0 linker stubs
 .text._kernel_print_banner
                0x0010c2a8       0x2c build/kernel/banner.o
                0x0010c2a8                _kernel_print_banner
 .text._kernel_interrupt_initialize
                0x0010c2d4       0x2c build/kernel/interrupt.o
                0x0010c2d4                _kernel_interrupt_initialize
 .text.kernel_start
                0x0010c300       0x30 build/kernel/startup.o
                0x0010c300                kernel_start
 .text._kernel_syslog_initialize
                0x0010c330       0x38 build/kernel/syslog.o
                0x0010c330                _kernel_syslog_initialize
 .text.lock_cpu
                0x0010c368       0x14 build/kernel/syslog.o
 .text.unlock_cpu
                0x0010c37c       0x14 build/kernel/syslog.o
 .text.vwri_log
                0x0010c390       0xc0 build/kernel/syslog.o
                0x0010c390                vwri_log
 .text._kernel_make_runnable
                0x0010c450       0x54 build/kernel/task.o
                0x0010c450                _kernel_make_runnable
 .text._kernel_make_active
                0x0010c4a4       0x2c build/kernel/task.o
                0x0010c4a4                _kernel_make_active
 .text._kernel_task_initialize
                0x0010c4d0       0xb0 build/kernel/task.o
                0x0010c4d0                _kernel_task_initialize
 .text._kernel_call_texrtn
                0x0010c580       0x60 build/kernel/task.o
                0x0010c580                _kernel_call_texrtn
 .text.queue_empty
                0x0010c5e0       0x40 build/kernel/task.o
 .text._kernel_search_schedtsk
                0x0010c620       0x6c build/kernel/task.o
                0x0010c620                _kernel_search_schedtsk
 .text._kernel_make_non_runnable
                0x0010c68c       0x70 build/kernel/task.o
                0x0010c68c                _kernel_make_non_runnable
 .text._kernel_exit_task
                0x0010c6fc       0x48 build/kernel/task.o
                0x0010c6fc                _kernel_exit_task
 .text.sense_lock
                0x0010c744       0x10 build/kernel/task_manage.o
 .text.lock_cpu
                0x0010c754       0x14 build/kernel/task_manage.o
 .text.ext_tsk  0x0010c768       0x78 build/kernel/task_manage.o
                0x0010c768                ext_tsk
 .text._kernel_tmevt_initialize
                0x0010c7e0       0x28 build/kernel/time_event.o
                0x0010c7e0                _kernel_tmevt_initialize
 .text._kernel_cpu_initialize
                0x0010c808        0xc build/config/armv4/cpu_config.o
                0x0010c808                _kernel_cpu_initialize
 .text._kernel_sys_initialize
                0x0010c814        0x4 build/config/armv4/at91sam7s/sys_config.o
                0x0010c814                _kernel_sys_initialize
 .text._kernel_sys_putc
                0x0010c818        0x4 build/config/armv4/at91sam7s/sys_config.o
                0x0010c818                _kernel_sys_putc
 .text.define_inh
                0x0010c81c       0x3c build/config/armv4/at91sam7s/sys_config.o
                0x0010c81c                define_inh
 .text._kernel_call_inirtn
                0x0010c858        0x4 build/./kernel_cfg.o
                0x0010c858                _kernel_call_inirtn
 .text._kernel_object_initialize
                0x0010c85c       0x10 build/./kernel_cfg.o
                0x0010c85c                _kernel_object_initialize
 .text.ecrobot_get_bt_status
                0x0010c86c        0xc build/ecrobot_bluetooth.o
                0x0010c86c                ecrobot_get_bt_status
 .text.init_OS_flag
                0x0010c878        0xc build/ecrobot_base.o
                0x0010c878                init_OS_flag
 .text.set_OS_flag
                0x0010c884        0xc build/ecrobot_base.o
                0x0010c884                set_OS_flag
 .text.get_OS_flag
                0x0010c890        0xc build/ecrobot_base.o
                0x0010c890                get_OS_flag
 .text.cpp_constructor
                0x0010c89c       0x28 build/ecrobot_base.o
                0x0010c89c                cpp_constructor
 .text.cpp_destructor
                0x0010c8c4       0x28 build/ecrobot_base.o
                0x0010c8c4                cpp_destructor
 .text.execution_mode
                0x0010c8ec       0x14 build/ecrobot_base.o
                0x0010c8ec                execution_mode
 .text.shutdown_NXT
                0x0010c900       0x2c build/ecrobot_base.o
                0x0010c900                shutdown_NXT
 .text.restart_NXT
                0x0010c92c       0x2c build/ecrobot_base.o
                0x0010c92c                restart_NXT
 .text.check_NXT_buttons
                0x0010c958       0x38 build/ecrobot_base.o
                0x0010c958                check_NXT_buttons
 .text.add_status_info
                0x0010c990       0x68 build/ecrobot_base.o
                0x0010c990                add_status_info
 .text.show_main_screen
                0x0010c9f8       0x48 build/ecrobot_base.o
                0x0010c9f8                show_main_screen
 .text.display_status_bar
                0x0010ca40       0x5c build/ecrobot_base.o
                0x0010ca40                display_status_bar
 .text.show_splash_screen
                0x0010ca9c       0x98 build/ecrobot_base.o
                0x0010ca9c                show_splash_screen
 .text.main     0x0010cb34      0x108 build/ecrobot.o
                0x0010cb34                main
 .text.tsk0     0x0010cc3c       0x18 build/helloworld.o
                0x0010cc3c                tsk0
 .text.jsp_systick_low_priority
                0x0010cc54       0x14 build/helloworld.o
                0x0010cc54                jsp_systick_low_priority
 .text.ecrobot_device_initialize
                0x0010cc68        0x4 ../../ecrobot/../ecrobot/libecrobot.a(ecrobot_device_hook.o)
                0x0010cc68                ecrobot_device_initialize
 .text.ecrobot_device_terminate
                0x0010cc6c        0x4 ../../ecrobot/../ecrobot/libecrobot.a(ecrobot_device_hook.o)
                0x0010cc6c                ecrobot_device_terminate
 .text.getDistance
                0x0010cc70       0x20 ../../ecrobot/../ecrobot/libecrobot.a(ecrobot_interface.o)
 .text.ecrobot_get_battery_voltage
                0x0010cc90        0xc ../../ecrobot/../ecrobot/libecrobot.a(ecrobot_interface.o)
                0x0010cc90                ecrobot_get_battery_voltage
 .text.ecrobot_get_button_state
                0x0010cc9c        0xc ../../ecrobot/../ecrobot/libecrobot.a(ecrobot_interface.o)
                0x0010cc9c                ecrobot_get_button_state
 .text.ecrobot_init_nxtstate
                0x0010cca8       0x28 ../../ecrobot/../ecrobot/libecrobot.a(ecrobot_interface.o)
                0x0010cca8                ecrobot_init_nxtstate
 .text.ecrobot_poll_nxtstate
                0x0010ccd0       0x64 ../../ecrobot/../ecrobot/libecrobot.a(ecrobot_interface.o)
                0x0010ccd0                ecrobot_poll_nxtstate
 .text.ecrobot_setDeviceInitialized
                0x0010cd34       0x18 ../../ecrobot/../ecrobot/libecrobot.a(ecrobot_interface.o)
                0x0010cd34                ecrobot_setDeviceInitialized
 .text.ecrobot_initDeviceStatus
                0x0010cd4c        0xc ../../ecrobot/../ecrobot/libecrobot.a(ecrobot_interface.o)
                0x0010cd4c                ecrobot_initDeviceStatus
 .text.ecrobot_bmp2lcd
                0x0010cd58      0x1c8 ../../ecrobot/../ecrobot/libecrobot.a(ecrobot_interface.o)
                0x0010cd58                ecrobot_bmp2lcd
 .text.ecrobot_status_monitor
                0x0010cf20      0x138 ../../ecrobot/../ecrobot/libecrobot.a(ecrobot_interface.o)
                0x0010cf20                ecrobot_status_monitor
 .text          0x0010d058       0x8c /vagrant/gnuarm/lib/gcc/arm-elf/4.4.2/thumb/interwork/libgcc.a(_udivsi3.o)
                0x0010d058                __udivsi3
                0x0010d058                __aeabi_uidiv
                0x0010d0d4                __aeabi_uidivmod
 .text          0x0010d0e4       0xc8 /vagrant/gnuarm/lib/gcc/arm-elf/4.4.2/thumb/interwork/libgcc.a(_umodsi3.o)
                0x0010d0e4                __umodsi3
 .text          0x0010d1ac        0x4 /vagrant/gnuarm/lib/gcc/arm-elf/4.4.2/thumb/interwork/libgcc.a(_dvmd_tls.o)
                0x0010d1ac                __aeabi_ldiv0
                0x0010d1ac                __div0
                0x0010d1ac                __aeabi_idiv0
 .text          0x0010d1b0       0x94 /vagrant/gnuarm/lib/gcc/arm-elf/4.4.2/../../../../arm-elf/lib/thumb/interwork/libc.a(lib_a-memset.o)
                0x0010d1b0                memset
 .text          0x0010d244       0x10 /vagrant/gnuarm/lib/gcc/arm-elf/4.4.2/../../../../arm-elf/lib/thumb/interwork/libc.a(lib_a-strcpy.o)
                0x0010d244                strcpy
 .text          0x0010d254       0x10 /vagrant/gnuarm/lib/gcc/arm-elf/4.4.2/../../../../arm-elf/lib/thumb/interwork/libc.a(lib_a-strlen.o)
                0x0010d254                strlen
                0x0010d270                . = ALIGN (0x10)
 *fill*         0x0010d264        0xc 00
 *(*.rodata *.rodata.*)
 .rodata.banner
                0x0010d270      0x200 build/kernel/banner.o
 .rodata.search_table.1413
                0x0010d470       0x10 build/kernel/task.o
 .rodata.str1.1
                0x0010d480       0x98 build/kernel/task.o
 .rodata.str1.1
                0x0010d518       0x83 build/kernel/task_manage.o
 .rodata.str1.1
                0x0010d59b       0x85 build/config/armv4/at91sam7s/sys_config.o
 .rodata._kernel_tinib_table
                0x0010d620       0x20 build/./kernel_cfg.o
                0x0010d620                _kernel_tinib_table
 .rodata._kernel_torder_table
                0x0010d640        0x4 build/./kernel_cfg.o
                0x0010d640                _kernel_torder_table
 .rodata._kernel_inhinib_table
                0x0010d644        0xc build/./kernel_cfg.o
                0x0010d644                _kernel_inhinib_table
 .rodata._kernel_tmax_tskid
                0x0010d650        0x4 build/./kernel_cfg.o
                0x0010d650                _kernel_tmax_tskid
 .rodata._kernel_tnum_inhno
                0x0010d654        0x4 build/./kernel_cfg.o
                0x0010d654                _kernel_tnum_inhno
 .rodata.str1.1
                0x0010d658       0x6c build/ecrobot_base.o
 .rodata.exec_addr
                0x0010d6c4        0x4 build/ecrobot_base.o
                0x0010d6c4                exec_addr
 .rodata.str1.1
                0x0010d6c8       0x10 build/helloworld.o
 .rodata.str1.4
                0x0010d6d8       0x84 ../../ecrobot/../ecrobot/libecrobot.a(ecrobot_interface.o)
 *fill*         0x0010d75c        0x4 00
 .rodata.str1.4.stub
                0x0010d760       0x30 linker stubs
                0x0010d790                . = ALIGN (0x10)
 *fill*         0x0010d790        0x0 00
 *(*.gnu.linkonce.* .gcc_except_table)
                0x0010d790                . = ALIGN (0x10)

.vfp11_veneer   0x00203bd0        0x0
 .vfp11_veneer  0x00000000        0x0 linker stubs

.v4_bx          0x00203bd0        0x0
 .v4_bx         0x00000000        0x0 linker stubs

.tors           0x0010d790        0x0
                0x0010d790                . = ALIGN (0x10)
                0x0010d790                __ctor_begin = .
 *(*.ctors*)
                0x0010d790                __ctor_end = .
                0x0010d790                . = ALIGN (0x10)
                0x0010d790                __dtor_begin = .
 *(*.dtors*)
                0x0010d790                __dtor_end = .
                0x0010d790                . = ALIGN (0x10)
                0x0010d790                __rom_end__ = __dtor_end

.bss            0x00203bd0     0x1b38
 *(*.bss *.bss.*)
 .bss.__stack_TSK0
                0x00203bd0      0x400 build/./kernel_cfg.o
 .bss.status_bar_position
                0x00203fd0        0x4 build/ecrobot_base.o
 .bss.last_act_time.2849
                0x00203fd4        0x4 build/ecrobot_base.o
 .bss.lcd.2771  0x00203fd8      0x320 build/ecrobot_base.o
 .bss.status_bar
                0x002042f8       0x10 build/ecrobot_base.o
 .bss.OS_flag   0x00204308        0x4 build/ecrobot_base.o
 .bss.buttons_i
                0x0020430c        0x4 ../../ecrobot/../ecrobot/libecrobot.a(ecrobot_interface.o)
 .bss.buttons_states
                0x00204310       0x14 ../../ecrobot/../ecrobot/libecrobot.a(ecrobot_interface.o)
 .bss.ecrobot_inputs
                0x00204324        0x8 ../../ecrobot/../ecrobot/libecrobot.a(ecrobot_interface.o)
 .bss.systick_ms
                0x0020432c        0x4 ../../ecrobot/../ecrobot/libecrobot.a(systick.oram)
 .bss.delayedEnable
                0x00204330        0x1 ../../ecrobot/../ecrobot/libecrobot.a(udp.oram)
 *fill*         0x00204331        0x3 00
 .bss.outCnt    0x00204334        0x4 ../../ecrobot/../ecrobot/libecrobot.a(udp.oram)
 .bss.outPtr    0x00204338        0x4 ../../ecrobot/../ecrobot/libecrobot.a(udp.oram)
 .bss.newAddress
                0x0020433c        0x4 ../../ecrobot/../ecrobot/libecrobot.a(udp.oram)
 .bss.currentRxBank
                0x00204340        0x4 ../../ecrobot/../ecrobot/libecrobot.a(udp.oram)
 .bss.currentFeatures
                0x00204344        0x4 ../../ecrobot/../ecrobot/libecrobot.a(udp.oram)
 .bss.currentConfig
                0x00204348        0x1 ../../ecrobot/../ecrobot/libecrobot.a(udp.oram)
 *fill*         0x00204349        0x3 00
 .bss.twi_mask  0x0020434c        0x4 ../../ecrobot/../ecrobot/libecrobot.a(twi.oram)
 .bss.twi_ptr   0x00204350        0x4 ../../ecrobot/../ecrobot/libecrobot.a(twi.oram)
 .bss.twi_pending
                0x00204354        0x4 ../../ecrobot/../ecrobot/libecrobot.a(twi.oram)
 .bss.twi_state
                0x00204358        0x4 ../../ecrobot/../ecrobot/libecrobot.a(twi.oram)
 .bss.page      0x0020435c        0x1 ../../ecrobot/../ecrobot/libecrobot.a(nxt_spi.oram)
                0x0020435c                page
 .bss.dirty     0x0020435d        0x1 ../../ecrobot/../ecrobot/libecrobot.a(nxt_spi.oram)
                0x0020435d                dirty
 *fill*         0x0020435e        0x2 00
 .bss.display   0x00204360        0x4 ../../ecrobot/../ecrobot/libecrobot.a(nxt_spi.oram)
                0x00204360                display
 .bss.interrupts_this_period
                0x00204364        0x4 ../../ecrobot/../ecrobot/libecrobot.a(nxt_motors.oram)
 .bss.nxt_motor_initialised
                0x00204368        0x4 ../../ecrobot/../ecrobot/libecrobot.a(nxt_motors.oram)
 .bss.motor     0x0020436c       0x30 ../../ecrobot/../ecrobot/libecrobot.a(nxt_motors.oram)
 .bss.display_tick
                0x0020439c        0x4 ../../ecrobot/../ecrobot/libecrobot.a(display.oram)
                0x0020439c                display_tick
 .bss.display_array
                0x002043a0      0x388 ../../ecrobot/../ecrobot/libecrobot.a(display.oram)
 .bss.i2c_int_count
                0x00204728        0x4 ../../ecrobot/../ecrobot/libecrobot.a(i2c.oram)
 .bss.i2c_port  0x0020472c      0x170 ../../ecrobot/../ecrobot/libecrobot.a(i2c.oram)
 .bss.sound_mode
                0x0020489c        0x1 ../../ecrobot/../ecrobot/libecrobot.a(sound.oram)
                0x0020489c                sound_mode
 *fill*         0x0020489d        0x3 00
 .bss.in_buf_idx
                0x002048a0        0x4 ../../ecrobot/../ecrobot/libecrobot.a(bt.oram)
 .bss.buf_ptr   0x002048a4        0x4 ../../ecrobot/../ecrobot/libecrobot.a(bt.oram)
 .bss.out_buf_ptr
                0x002048a8        0x1 ../../ecrobot/../ecrobot/libecrobot.a(bt.oram)
 .bss.in_buf_in_ptr
                0x002048a9        0x1 ../../ecrobot/../ecrobot/libecrobot.a(bt.oram)
 .bss.in_buf    0x002048aa      0x100 ../../ecrobot/../ecrobot/libecrobot.a(bt.oram)
 *fill*         0x002049aa        0x2 00
 .bss.link_state
                0x002049ac        0x4 ../../ecrobot/../ecrobot/libecrobot.a(nxt_avr.oram)
 .bss.update_count
                0x002049b0        0x4 ../../ecrobot/../ecrobot/libecrobot.a(nxt_avr.oram)
 .bss.nxt_avr_stats
                0x002049b4       0x14 ../../ecrobot/../ecrobot/libecrobot.a(nxt_avr.oram)
 .bss.debounce_cnt
                0x002049c8        0x2 ../../ecrobot/../ecrobot/libecrobot.a(nxt_avr.oram)
 .bss.debounce_state
                0x002049ca        0x2 ../../ecrobot/../ecrobot/libecrobot.a(nxt_avr.oram)
 .bss.button_state
                0x002049cc        0x2 ../../ecrobot/../ecrobot/libecrobot.a(nxt_avr.oram)
 .bss.prev_buttons
                0x002049ce        0x2 ../../ecrobot/../ecrobot/libecrobot.a(nxt_avr.oram)
 .bss.from_buf  0x002049d0        0x4 ../../ecrobot/../ecrobot/libecrobot.a(nxt_avr.oram)
 .bss.io_from_avr
                0x002049d4        0x4 ../../ecrobot/../ecrobot/libecrobot.a(nxt_avr.oram)
 .bss.data_from_avr
                0x002049d8       0x1a ../../ecrobot/../ecrobot/libecrobot.a(nxt_avr.oram)
 .bss.data_to_avr
                0x002049f2        0x9 ../../ecrobot/../ecrobot/libecrobot.a(nxt_avr.oram)
 .bss.io_to_avr
                0x002049fb        0x8 ../../ecrobot/../ecrobot/libecrobot.a(nxt_avr.oram)
 *fill*         0x00204a03        0x1 00
 .bss.display   0x00204a04        0x4 ../../ecrobot/../ecrobot/libecrobot.a(nxt_lcd.oram)
                0x00204a10                . = ALIGN (0x10)
 *fill*         0x00204a08        0x8 00
                0x00204a10                __bss_end__ = .
 COMMON         0x00204a10        0x4 build/kernel/startup.o
                0x00204a10                _kernel_iniflg
 COMMON         0x00204a14      0x418 build/kernel/syslog.o
                0x00204a14                _kernel_syslog_count
                0x00204a18                _kernel_syslog_logmask
                0x00204a1c                _kernel_syslog_lowmask
                0x00204a20                _kernel_syslog_head
                0x00204a24                _kernel_syslog_tail
                0x00204a28                _kernel_syslog_lost
                0x00204a2c                _kernel_syslog_buffer
 COMMON         0x00204e2c       0x94 build/kernel/task.o
                0x00204e2c                _kernel_reqflg
                0x00204e30                _kernel_ready_queue
                0x00204eb0                _kernel_ready_primap
                0x00204eb4                _kernel_runtsk
                0x00204eb8                _kernel_enadsp
                0x00204ebc                _kernel_schedtsk
 COMMON         0x00204ec0       0x10 build/kernel/time_event.o
                0x00204ec0                _kernel_current_time
                0x00204ec4                _kernel_next_time
                0x00204ec8                _kernel_systim_offset
                0x00204ecc                _kernel_last_index
 COMMON         0x00204ed0       0x1c build/config/armv4/cpu_config.o
                0x00204ed0                _kernel_interrupt_count
                0x00204ed4                _kernel_int_stack
 COMMON         0x00204eec      0x480 build/config/armv4/at91sam7s/sys_config.o
                0x00204eec                nontask_stack
                0x002052ec                _kernel_int_table
 COMMON         0x0020536c       0x28 build/./kernel_cfg.o
                0x0020536c                _kernel_cyccb_table
                0x0020536c                _kernel_dtqinib_table
                0x0020536c                _kernel_dtqcb_table
                0x0020536c                _kernel_semcb_table
                0x0020536c                _kernel_mbxinib_table
                0x0020536c                _kernel_flginib_table
                0x0020536c                _kernel_tmevt_heap
                0x00205374                _kernel_seminib_table
                0x00205374                _kernel_cycinib_table
                0x00205374                _kernel_excinib_table
                0x00205374                _kernel_mpfcb_table
                0x00205374                _kernel_tcb_table
                0x00205394                _kernel_mpfinib_table
                0x00205394                _kernel_flgcb_table
                0x00205394                _kernel_mbxcb_table
 COMMON         0x00205394       0x44 ../../ecrobot/../ecrobot/libecrobot.a(uart.oram)
                0x00205394                uart
 COMMON         0x002053d8        0x4 ../../ecrobot/../ecrobot/libecrobot.a(data_abort.oram)
                0x002053d8                data_abort_pc
 COMMON         0x002053dc        0x8 ../../ecrobot/../ecrobot/libecrobot.a(display.oram)
                0x002053dc                display_x
                0x002053e0                display_y
 COMMON         0x002053e4      0x324 ../../ecrobot/../ecrobot/libecrobot.a(sound.oram)
                0x002053e4                sample
                0x00203bd0                __bss_start__ = ADDR (.bss)
                0x00205708                __bss_end__ = (ADDR (.bss) + SIZEOF (.bss))
                0x00205708                PROVIDE (end, .)

.heap_area      0x00205708     0xa470
                0x0020fb78                . = (. + (0x20fb78 - end))
 *fill*         0x00205708     0xa470 00

.stack          0x0020fb78      0x488
                0x0020fbf8                . = (. + 0x80)
 *fill*         0x0020fb78       0x80 00
                0x0020fc00                . = ALIGN (0x10)
 *fill*         0x0020fbf8        0x8 00
                0x0020fc00                __irq_stack__ = .
                0x0020fc00                __system_stack_bottom__ = .
                0x00210000                . = (. + 0x400)
 *fill*         0x0020fc00      0x400 00
                0x00210000                . = ALIGN (0x10)
                0x00210000                __system_stack__ = .
                0x00210000                __system_stack_top__ = .
                0x0020fb78                __stack_start__ = ADDR (.stack)
                0x00210000                __stack_end__ = (ADDR (.stack) + SIZEOF (.stack))
OUTPUT(helloworld_JSP_rom.elf elf32-littlearm)

.comment        0x00000000      0x1af
 .comment       0x00000000       0x11 build/kernel/banner.o
                                 0x12 (size before relaxing)
 .comment       0x00000000       0x12 build/kernel/cyclic.o
 .comment       0x00000000       0x12 build/kernel/dataqueue.o
 .comment       0x00000000       0x12 build/kernel/eventflag.o
 .comment       0x00000000       0x12 build/kernel/exception.o
 .comment       0x00000000       0x12 build/kernel/interrupt.o
 .comment       0x00000000       0x12 build/kernel/mailbox.o
 .comment       0x00000000       0x12 build/kernel/mempfix.o
 .comment       0x00000000       0x12 build/kernel/semaphore.o
 .comment       0x00000000       0x12 build/kernel/startup.o
 .comment       0x00000000       0x12 build/kernel/sys_manage.o
 .comment       0x00000000       0x12 build/kernel/syslog.o
 .comment       0x00000000       0x12 build/kernel/task.o
 .comment       0x00000000       0x12 build/kernel/task_except.o
 .comment       0x00000000       0x12 build/kernel/task_manage.o
 .comment       0x00000000       0x12 build/kernel/task_sync.o
 .comment       0x00000000       0x12 build/kernel/time_event.o
 .comment       0x00000000       0x12 build/kernel/time_manage.o
 .comment       0x00000000       0x12 build/kernel/wait.o
 .comment       0x00000000       0x12 build/config/armv4/cpu_config.o
 .comment       0x00000000       0x12 build/config/armv4/at91sam7s/sys_config.o
 .comment       0x00000000       0x12 build/./kernel_cfg.o
 .comment       0x00000000       0x12 build/syscalls.o
 .comment       0x00000000       0x12 build/ecrobot_bluetooth.o
 .comment       0x00000000       0x12 build/ecrobot_base.o
 .comment       0x00000000       0x12 build/ecrobot.o
 .comment       0x00000000       0x12 build/helloworld.o
 .comment       0x00000000       0x12 build/library/log_output.oram
 .comment       0x00000000       0x12 build/library/strerror.oram
 .comment       0x00000000       0x12 build/library/t_perror.oram
 .comment       0x00000000       0x12 build/library/vasyslog.oram
 .comment       0x00000011       0x12 ../../ecrobot/../ecrobot/libecrobot.a(ecrobot_device_hook.o)
 .comment       0x00000023       0x12 ../../ecrobot/../ecrobot/libecrobot.a(ecrobot_interface.o)
 .comment       0x00000035       0x12 ../../ecrobot/../ecrobot/libecrobot.a(colorsensor.o)
 .comment       0x00000047       0x12 ../../ecrobot/../ecrobot/libecrobot.a(uart.oram)
 .comment       0x00000059       0x12 ../../ecrobot/../ecrobot/libecrobot.a(systick.oram)
 .comment       0x0000006b       0x12 ../../ecrobot/../ecrobot/libecrobot.a(byte_fifo.oram)
 .comment       0x0000007d       0x12 ../../ecrobot/../ecrobot/libecrobot.a(aic.oram)
 .comment       0x0000008f       0x12 ../../ecrobot/../ecrobot/libecrobot.a(udp.oram)
 .comment       0x000000a1       0x12 ../../ecrobot/../ecrobot/libecrobot.a(twi.oram)
 .comment       0x000000b3       0x12 ../../ecrobot/../ecrobot/libecrobot.a(nxt_spi.oram)
 .comment       0x000000c5       0x12 ../../ecrobot/../ecrobot/libecrobot.a(nxt_motors.oram)
 .comment       0x000000d7       0x12 ../../ecrobot/../ecrobot/libecrobot.a(data_abort.oram)
 .comment       0x000000e9       0x12 ../../ecrobot/../ecrobot/libecrobot.a(display.oram)
 .comment       0x000000fb       0x12 ../../ecrobot/../ecrobot/libecrobot.a(i2c.oram)
 .comment       0x0000010d       0x12 ../../ecrobot/../ecrobot/libecrobot.a(sound.oram)
 .comment       0x0000011f       0x12 ../../ecrobot/../ecrobot/libecrobot.a(bt.oram)
 .comment       0x00000131       0x12 ../../ecrobot/../ecrobot/libecrobot.a(nxt_avr.oram)
 .comment       0x00000143       0x12 ../../ecrobot/../ecrobot/libecrobot.a(sensors.oram)
 .comment       0x00000155       0x12 ../../ecrobot/../ecrobot/libecrobot.a(sensors1.oram)
 .comment       0x00000167       0x12 ../../ecrobot/../ecrobot/libecrobot.a(nxt_lcd.oram)
 .comment       0x00000179       0x12 ../../ecrobot/../ecrobot/libecrobot.a(flash_loader.oram)
 .comment       0x0000018b       0x12 ../../ecrobot/../ecrobot/libecrobot.a(ecrobot_usb.o)
 .comment       0x0000019d       0x12 ../../ecrobot/../ecrobot/libecrobot.a(flashprog.oram)
 .comment       0x00000000       0x12 /vagrant/gnuarm/lib/gcc/arm-elf/4.4.2/thumb/interwork/libgcc.a(_muldi3.o)
 .comment       0x00000000       0x12 /vagrant/gnuarm/lib/gcc/arm-elf/4.4.2/thumb/interwork/libgcc.a(_divdi3.o)
 .comment       0x00000000       0x12 /vagrant/gnuarm/lib/gcc/arm-elf/4.4.2/../../../../arm-elf/lib/thumb/interwork/libc.a(lib_a-memcpy.o)
 .comment       0x00000000       0x12 /vagrant/gnuarm/lib/gcc/arm-elf/4.4.2/../../../../arm-elf/lib/thumb/interwork/libc.a(lib_a-memset.o)
 .comment       0x00000000       0x12 /vagrant/gnuarm/lib/gcc/arm-elf/4.4.2/../../../../arm-elf/lib/thumb/interwork/libc.a(lib_a-strcmp.o)
 .comment       0x00000000       0x12 /vagrant/gnuarm/lib/gcc/arm-elf/4.4.2/../../../../arm-elf/lib/thumb/interwork/libc.a(lib_a-strcpy.o)
 .comment       0x00000000       0x12 /vagrant/gnuarm/lib/gcc/arm-elf/4.4.2/../../../../arm-elf/lib/thumb/interwork/libc.a(lib_a-strlen.o)
 .comment       0x00000000       0x12 /vagrant/gnuarm/lib/gcc/arm-elf/4.4.2/../../../../arm-elf/lib/thumb/interwork/libc.a(lib_a-strncpy.o)

.ARM.attributes
                0x00000000       0x10
 .ARM.attributes
                0x00000000       0x10 build/kernel/banner.o
 .ARM.attributes
                0x00000010       0x10 build/kernel/cyclic.o
 .ARM.attributes
                0x00000020       0x10 build/kernel/dataqueue.o
 .ARM.attributes
                0x00000030       0x10 build/kernel/eventflag.o
 .ARM.attributes
                0x00000040       0x10 build/kernel/exception.o
 .ARM.attributes
                0x00000050       0x10 build/kernel/interrupt.o
 .ARM.attributes
                0x00000060       0x10 build/kernel/mailbox.o
 .ARM.attributes
                0x00000070       0x10 build/kernel/mempfix.o
 .ARM.attributes
                0x00000080       0x10 build/kernel/semaphore.o
 .ARM.attributes
                0x00000090       0x10 build/kernel/startup.o
 .ARM.attributes
                0x000000a0       0x10 build/kernel/sys_manage.o
 .ARM.attributes
                0x000000b0       0x10 build/kernel/syslog.o
 .ARM.attributes
                0x000000c0       0x10 build/kernel/task.o
 .ARM.attributes
                0x000000d0       0x10 build/kernel/task_except.o
 .ARM.attributes
                0x000000e0       0x10 build/kernel/task_manage.o
 .ARM.attributes
                0x000000f0       0x10 build/kernel/task_sync.o
 .ARM.attributes
                0x00000100       0x10 build/kernel/time_event.o
 .ARM.attributes
                0x00000110       0x10 build/kernel/time_manage.o
 .ARM.attributes
                0x00000120       0x10 build/kernel/wait.o
 .ARM.attributes
                0x00000130       0x10 build/config/armv4/cpu_config.o
 .ARM.attributes
                0x00000140       0x10 build/config/armv4/at91sam7s/sys_config.o
 .ARM.attributes
                0x00000150       0x10 build/./kernel_cfg.o
 .ARM.attributes
                0x00000160       0x10 build/syscalls.o
 .ARM.attributes
                0x00000170       0x10 build/ecrobot_bluetooth.o
 .ARM.attributes
                0x00000180       0x10 build/ecrobot_base.o
 .ARM.attributes
                0x00000190       0x10 build/ecrobot.o
 .ARM.attributes
                0x000001a0       0x10 build/helloworld.o
 .ARM.attributes
                0x000001b0       0x10 build/library/log_output.oram
 .ARM.attributes
                0x000001c0       0x10 build/library/strerror.oram
 .ARM.attributes
                0x000001d0       0x10 build/library/t_perror.oram
 .ARM.attributes
                0x000001e0       0x10 build/library/vasyslog.oram
 .ARM.attributes
                0x000001f0       0x10 build/nxtvm/platform/nxt/vectors.o
 .ARM.attributes
                0x00000200       0x10 build/nxt_binary_header.o
 .ARM.attributes
                0x00000210       0x10 build/nxt_entry_point.o
 .ARM.attributes
                0x00000220       0x10 build/ecrobot_init.o
 .ARM.attributes
                0x00000230       0x10 build/config/armv4/cpu_support.oram
 .ARM.attributes
                0x00000240       0x10 build/config/armv4/at91sam7s/irq.oram
 .ARM.attributes
                0x00000250       0x10 /vagrant/gnuarm/lib/gcc/arm-elf/4.4.2/thumb/interwork/libgcc.a(_udivsi3.o)
 .ARM.attributes
                0x00000260       0x10 /vagrant/gnuarm/lib/gcc/arm-elf/4.4.2/thumb/interwork/libgcc.a(_divsi3.o)
 .ARM.attributes
                0x00000270       0x10 /vagrant/gnuarm/lib/gcc/arm-elf/4.4.2/thumb/interwork/libgcc.a(_umodsi3.o)
 .ARM.attributes
                0x00000280       0x10 /vagrant/gnuarm/lib/gcc/arm-elf/4.4.2/thumb/interwork/libgcc.a(_modsi3.o)
 .ARM.attributes
                0x00000290       0x10 /vagrant/gnuarm/lib/gcc/arm-elf/4.4.2/thumb/interwork/libgcc.a(_dvmd_tls.o)
 .ARM.attributes
                0x000002a0       0x10 /vagrant/gnuarm/lib/gcc/arm-elf/4.4.2/thumb/interwork/libgcc.a(_arm_addsubdf3.o)
 .ARM.attributes
                0x000002b0       0x10 /vagrant/gnuarm/lib/gcc/arm-elf/4.4.2/thumb/interwork/libgcc.a(_arm_muldivdf3.o)
 .ARM.attributes
                0x000002c0       0x10 /vagrant/gnuarm/lib/gcc/arm-elf/4.4.2/thumb/interwork/libgcc.a(_arm_cmpdf2.o)
 .ARM.attributes
                0x000002d0       0x10 /vagrant/gnuarm/lib/gcc/arm-elf/4.4.2/thumb/interwork/libgcc.a(_muldi3.o)
 .ARM.attributes
                0x000002e0       0x10 /vagrant/gnuarm/lib/gcc/arm-elf/4.4.2/thumb/interwork/libgcc.a(_divdi3.o)
 .ARM.attributes
                0x000002f0       0x10 /vagrant/gnuarm/lib/gcc/arm-elf/4.4.2/thumb/interwork/libgcc.a(_clzsi2.o)
 .ARM.attributes
                0x00000300       0x10 /vagrant/gnuarm/lib/gcc/arm-elf/4.4.2/../../../../arm-elf/lib/thumb/interwork/libc.a(lib_a-memcpy.o)
 .ARM.attributes
                0x00000310       0x10 /vagrant/gnuarm/lib/gcc/arm-elf/4.4.2/../../../../arm-elf/lib/thumb/interwork/libc.a(lib_a-memset.o)
 .ARM.attributes
                0x00000320       0x10 /vagrant/gnuarm/lib/gcc/arm-elf/4.4.2/../../../../arm-elf/lib/thumb/interwork/libc.a(lib_a-strcmp.o)
 .ARM.attributes
                0x00000330       0x10 /vagrant/gnuarm/lib/gcc/arm-elf/4.4.2/../../../../arm-elf/lib/thumb/interwork/libc.a(lib_a-strcpy.o)
 .ARM.attributes
                0x00000340       0x10 /vagrant/gnuarm/lib/gcc/arm-elf/4.4.2/../../../../arm-elf/lib/thumb/interwork/libc.a(lib_a-strlen.o)
 .ARM.attributes
                0x00000350       0x10 /vagrant/gnuarm/lib/gcc/arm-elf/4.4.2/../../../../arm-elf/lib/thumb/interwork/libc.a(lib_a-strncpy.o)
 .ARM.attributes
                0x00000360       0x10 build/nxtvm/platform/nxt/vectors.o

.debug_frame    0x00000000       0xa0
 .debug_frame   0x00000000       0x28 /vagrant/gnuarm/lib/gcc/arm-elf/4.4.2/thumb/interwork/libgcc.a(_udivsi3.o)
 .debug_frame   0x00000028       0x28 /vagrant/gnuarm/lib/gcc/arm-elf/4.4.2/thumb/interwork/libgcc.a(_divsi3.o)
 .debug_frame   0x00000050       0x28 /vagrant/gnuarm/lib/gcc/arm-elf/4.4.2/thumb/interwork/libgcc.a(_umodsi3.o)
 .debug_frame   0x00000078       0x28 /vagrant/gnuarm/lib/gcc/arm-elf/4.4.2/thumb/interwork/libgcc.a(_modsi3.o)

.debug_line     0x00000000      0xd75
 .debug_line    0x00000000       0x84 /vagrant/gnuarm/lib/gcc/arm-elf/4.4.2/thumb/interwork/libgcc.a(_udivsi3.o)
 .debug_line    0x00000084       0x90 /vagrant/gnuarm/lib/gcc/arm-elf/4.4.2/thumb/interwork/libgcc.a(_divsi3.o)
 .debug_line    0x00000114       0x7c /vagrant/gnuarm/lib/gcc/arm-elf/4.4.2/thumb/interwork/libgcc.a(_umodsi3.o)
 .debug_line    0x00000190       0x85 /vagrant/gnuarm/lib/gcc/arm-elf/4.4.2/thumb/interwork/libgcc.a(_modsi3.o)
 .debug_line    0x00000215       0x6e /vagrant/gnuarm/lib/gcc/arm-elf/4.4.2/thumb/interwork/libgcc.a(_dvmd_tls.o)
 .debug_line    0x00000283      0x176 /vagrant/gnuarm/lib/gcc/arm-elf/4.4.2/thumb/interwork/libgcc.a(_arm_addsubdf3.o)
 .debug_line    0x000003f9      0x18b /vagrant/gnuarm/lib/gcc/arm-elf/4.4.2/thumb/interwork/libgcc.a(_arm_muldivdf3.o)
 .debug_line    0x00000584       0xb8 /vagrant/gnuarm/lib/gcc/arm-elf/4.4.2/thumb/interwork/libgcc.a(_arm_cmpdf2.o)
 .debug_line    0x0000063c       0x79 /vagrant/gnuarm/lib/gcc/arm-elf/4.4.2/thumb/interwork/libgcc.a(_muldi3.o)
 .debug_line    0x000006b5       0xda /vagrant/gnuarm/lib/gcc/arm-elf/4.4.2/thumb/interwork/libgcc.a(_divdi3.o)
 .debug_line    0x0000078f       0x7b /vagrant/gnuarm/lib/gcc/arm-elf/4.4.2/thumb/interwork/libgcc.a(_clzsi2.o)
 .debug_line    0x0000080a      0x123 /vagrant/gnuarm/lib/gcc/arm-elf/4.4.2/../../../../arm-elf/lib/thumb/interwork/libc.a(lib_a-memcpy.o)
 .debug_line    0x0000092d      0x11e /vagrant/gnuarm/lib/gcc/arm-elf/4.4.2/../../../../arm-elf/lib/thumb/interwork/libc.a(lib_a-memset.o)
 .debug_line    0x00000a4b       0xa7 /vagrant/gnuarm/lib/gcc/arm-elf/4.4.2/../../../../arm-elf/lib/thumb/interwork/libc.a(lib_a-strcmp.o)
 .debug_line    0x00000af2       0xa7 /vagrant/gnuarm/lib/gcc/arm-elf/4.4.2/../../../../arm-elf/lib/thumb/interwork/libc.a(lib_a-strcpy.o)
 .debug_line    0x00000b99       0xe4 /vagrant/gnuarm/lib/gcc/arm-elf/4.4.2/../../../../arm-elf/lib/thumb/interwork/libc.a(lib_a-strlen.o)
 .debug_line    0x00000c7d       0xf8 /vagrant/gnuarm/lib/gcc/arm-elf/4.4.2/../../../../arm-elf/lib/thumb/interwork/libc.a(lib_a-strncpy.o)

.debug_info     0x00000000     0x13a6
 .debug_info    0x00000000       0x9e /vagrant/gnuarm/lib/gcc/arm-elf/4.4.2/thumb/interwork/libgcc.a(_udivsi3.o)
 .debug_info    0x0000009e       0x9e /vagrant/gnuarm/lib/gcc/arm-elf/4.4.2/thumb/interwork/libgcc.a(_divsi3.o)
 .debug_info    0x0000013c       0x9e /vagrant/gnuarm/lib/gcc/arm-elf/4.4.2/thumb/interwork/libgcc.a(_umodsi3.o)
 .debug_info    0x000001da       0x9e /vagrant/gnuarm/lib/gcc/arm-elf/4.4.2/thumb/interwork/libgcc.a(_modsi3.o)
 .debug_info    0x00000278       0x9e /vagrant/gnuarm/lib/gcc/arm-elf/4.4.2/thumb/interwork/libgcc.a(_dvmd_tls.o)
 .debug_info    0x00000316       0x9d /vagrant/gnuarm/lib/gcc/arm-elf/4.4.2/thumb/interwork/libgcc.a(_arm_addsubdf3.o)
 .debug_info    0x000003b3       0x9d /vagrant/gnuarm/lib/gcc/arm-elf/4.4.2/thumb/interwork/libgcc.a(_arm_muldivdf3.o)
 .debug_info    0x00000450       0x9d /vagrant/gnuarm/lib/gcc/arm-elf/4.4.2/thumb/interwork/libgcc.a(_arm_cmpdf2.o)
 .debug_info    0x000004ed      0x20e /vagrant/gnuarm/lib/gcc/arm-elf/4.4.2/thumb/interwork/libgcc.a(_muldi3.o)
 .debug_info    0x000006fb      0x669 /vagrant/gnuarm/lib/gcc/arm-elf/4.4.2/thumb/interwork/libgcc.a(_divdi3.o)
 .debug_info    0x00000d64       0x9e /vagrant/gnuarm/lib/gcc/arm-elf/4.4.2/thumb/interwork/libgcc.a(_clzsi2.o)
 .debug_info    0x00000e02      0x13e /vagrant/gnuarm/lib/gcc/arm-elf/4.4.2/../../../../arm-elf/lib/thumb/interwork/libc.a(lib_a-memcpy.o)
 .debug_info    0x00000f40      0x111 /vagrant/gnuarm/lib/gcc/arm-elf/4.4.2/../../../../arm-elf/lib/thumb/interwork/libc.a(lib_a-memset.o)
 .debug_info    0x00001051       0xaf /vagrant/gnuarm/lib/gcc/arm-elf/4.4.2/../../../../arm-elf/lib/thumb/interwork/libc.a(lib_a-strcmp.o)
 .debug_info    0x00001100       0xb7 /vagrant/gnuarm/lib/gcc/arm-elf/4.4.2/../../../../arm-elf/lib/thumb/interwork/libc.a(lib_a-strcpy.o)
 .debug_info    0x000011b7       0xcb /vagrant/gnuarm/lib/gcc/arm-elf/4.4.2/../../../../arm-elf/lib/thumb/interwork/libc.a(lib_a-strlen.o)
 .debug_info    0x00001282      0x124 /vagrant/gnuarm/lib/gcc/arm-elf/4.4.2/../../../../arm-elf/lib/thumb/interwork/libc.a(lib_a-strncpy.o)

.debug_abbrev   0x00000000      0x674
 .debug_abbrev  0x00000000       0x14 /vagrant/gnuarm/lib/gcc/arm-elf/4.4.2/thumb/interwork/libgcc.a(_udivsi3.o)
 .debug_abbrev  0x00000014       0x14 /vagrant/gnuarm/lib/gcc/arm-elf/4.4.2/thumb/interwork/libgcc.a(_divsi3.o)
 .debug_abbrev  0x00000028       0x14 /vagrant/gnuarm/lib/gcc/arm-elf/4.4.2/thumb/interwork/libgcc.a(_umodsi3.o)
 .debug_abbrev  0x0000003c       0x14 /vagrant/gnuarm/lib/gcc/arm-elf/4.4.2/thumb/interwork/libgcc.a(_modsi3.o)
 .debug_abbrev  0x00000050       0x14 /vagrant/gnuarm/lib/gcc/arm-elf/4.4.2/thumb/interwork/libgcc.a(_dvmd_tls.o)
 .debug_abbrev  0x00000064       0x14 /vagrant/gnuarm/lib/gcc/arm-elf/4.4.2/thumb/interwork/libgcc.a(_arm_addsubdf3.o)
 .debug_abbrev  0x00000078       0x14 /vagrant/gnuarm/lib/gcc/arm-elf/4.4.2/thumb/interwork/libgcc.a(_arm_muldivdf3.o)
 .debug_abbrev  0x0000008c       0x14 /vagrant/gnuarm/lib/gcc/arm-elf/4.4.2/thumb/interwork/libgcc.a(_arm_cmpdf2.o)
 .debug_abbrev  0x000000a0       0xf5 /vagrant/gnuarm/lib/gcc/arm-elf/4.4.2/thumb/interwork/libgcc.a(_muldi3.o)
 .debug_abbrev  0x00000195      0x169 /vagrant/gnuarm/lib/gcc/arm-elf/4.4.2/thumb/interwork/libgcc.a(_divdi3.o)
 .debug_abbrev  0x000002fe       0x14 /vagrant/gnuarm/lib/gcc/arm-elf/4.4.2/thumb/interwork/libgcc.a(_clzsi2.o)
 .debug_abbrev  0x00000312       0xa0 /vagrant/gnuarm/lib/gcc/arm-elf/4.4.2/../../../../arm-elf/lib/thumb/interwork/libc.a(lib_a-memcpy.o)
 .debug_abbrev  0x000003b2       0xa1 /vagrant/gnuarm/lib/gcc/arm-elf/4.4.2/../../../../arm-elf/lib/thumb/interwork/libc.a(lib_a-memset.o)
 .debug_abbrev  0x00000453       0x76 /vagrant/gnuarm/lib/gcc/arm-elf/4.4.2/../../../../arm-elf/lib/thumb/interwork/libc.a(lib_a-strcmp.o)
 .debug_abbrev  0x000004c9       0x76 /vagrant/gnuarm/lib/gcc/arm-elf/4.4.2/../../../../arm-elf/lib/thumb/interwork/libc.a(lib_a-strcpy.o)
 .debug_abbrev  0x0000053f       0x92 /vagrant/gnuarm/lib/gcc/arm-elf/4.4.2/../../../../arm-elf/lib/thumb/interwork/libc.a(lib_a-strlen.o)
 .debug_abbrev  0x000005d1       0xa3 /vagrant/gnuarm/lib/gcc/arm-elf/4.4.2/../../../../arm-elf/lib/thumb/interwork/libc.a(lib_a-strncpy.o)

.debug_aranges  0x00000000      0x220
 .debug_aranges
                0x00000000       0x20 /vagrant/gnuarm/lib/gcc/arm-elf/4.4.2/thumb/interwork/libgcc.a(_udivsi3.o)
 .debug_aranges
                0x00000020       0x20 /vagrant/gnuarm/lib/gcc/arm-elf/4.4.2/thumb/interwork/libgcc.a(_divsi3.o)
 .debug_aranges
                0x00000040       0x20 /vagrant/gnuarm/lib/gcc/arm-elf/4.4.2/thumb/interwork/libgcc.a(_umodsi3.o)
 .debug_aranges
                0x00000060       0x20 /vagrant/gnuarm/lib/gcc/arm-elf/4.4.2/thumb/interwork/libgcc.a(_modsi3.o)
 .debug_aranges
                0x00000080       0x20 /vagrant/gnuarm/lib/gcc/arm-elf/4.4.2/thumb/interwork/libgcc.a(_dvmd_tls.o)
 .debug_aranges
                0x000000a0       0x20 /vagrant/gnuarm/lib/gcc/arm-elf/4.4.2/thumb/interwork/libgcc.a(_arm_addsubdf3.o)
 .debug_aranges
                0x000000c0       0x20 /vagrant/gnuarm/lib/gcc/arm-elf/4.4.2/thumb/interwork/libgcc.a(_arm_muldivdf3.o)
 .debug_aranges
                0x000000e0       0x20 /vagrant/gnuarm/lib/gcc/arm-elf/4.4.2/thumb/interwork/libgcc.a(_arm_cmpdf2.o)
 .debug_aranges
                0x00000100       0x20 /vagrant/gnuarm/lib/gcc/arm-elf/4.4.2/thumb/interwork/libgcc.a(_muldi3.o)
 .debug_aranges
                0x00000120       0x20 /vagrant/gnuarm/lib/gcc/arm-elf/4.4.2/thumb/interwork/libgcc.a(_divdi3.o)
 .debug_aranges
                0x00000140       0x20 /vagrant/gnuarm/lib/gcc/arm-elf/4.4.2/thumb/interwork/libgcc.a(_clzsi2.o)
 .debug_aranges
                0x00000160       0x20 /vagrant/gnuarm/lib/gcc/arm-elf/4.4.2/../../../../arm-elf/lib/thumb/interwork/libc.a(lib_a-memcpy.o)
 .debug_aranges
                0x00000180       0x20 /vagrant/gnuarm/lib/gcc/arm-elf/4.4.2/../../../../arm-elf/lib/thumb/interwork/libc.a(lib_a-memset.o)
 .debug_aranges
                0x000001a0       0x20 /vagrant/gnuarm/lib/gcc/arm-elf/4.4.2/../../../../arm-elf/lib/thumb/interwork/libc.a(lib_a-strcmp.o)
 .debug_aranges
                0x000001c0       0x20 /vagrant/gnuarm/lib/gcc/arm-elf/4.4.2/../../../../arm-elf/lib/thumb/interwork/libc.a(lib_a-strcpy.o)
 .debug_aranges
                0x000001e0       0x20 /vagrant/gnuarm/lib/gcc/arm-elf/4.4.2/../../../../arm-elf/lib/thumb/interwork/libc.a(lib_a-strlen.o)
 .debug_aranges
                0x00000200       0x20 /vagrant/gnuarm/lib/gcc/arm-elf/4.4.2/../../../../arm-elf/lib/thumb/interwork/libc.a(lib_a-strncpy.o)

.debug_loc      0x00000000      0xcd8
 .debug_loc     0x00000000      0x156 /vagrant/gnuarm/lib/gcc/arm-elf/4.4.2/thumb/interwork/libgcc.a(_muldi3.o)
 .debug_loc     0x00000156      0x800 /vagrant/gnuarm/lib/gcc/arm-elf/4.4.2/thumb/interwork/libgcc.a(_divdi3.o)
 .debug_loc     0x00000956      0x13b /vagrant/gnuarm/lib/gcc/arm-elf/4.4.2/../../../../arm-elf/lib/thumb/interwork/libc.a(lib_a-memcpy.o)
 .debug_loc     0x00000a91       0xfc /vagrant/gnuarm/lib/gcc/arm-elf/4.4.2/../../../../arm-elf/lib/thumb/interwork/libc.a(lib_a-memset.o)
 .debug_loc     0x00000b8d       0x13 /vagrant/gnuarm/lib/gcc/arm-elf/4.4.2/../../../../arm-elf/lib/thumb/interwork/libc.a(lib_a-strcmp.o)
 .debug_loc     0x00000ba0       0x13 /vagrant/gnuarm/lib/gcc/arm-elf/4.4.2/../../../../arm-elf/lib/thumb/interwork/libc.a(lib_a-strcpy.o)
 .debug_loc     0x00000bb3       0x26 /vagrant/gnuarm/lib/gcc/arm-elf/4.4.2/../../../../arm-elf/lib/thumb/interwork/libc.a(lib_a-strlen.o)
 .debug_loc     0x00000bd9       0xff /vagrant/gnuarm/lib/gcc/arm-elf/4.4.2/../../../../arm-elf/lib/thumb/interwork/libc.a(lib_a-strncpy.o)

.debug_pubnames
                0x00000000       0xed
 .debug_pubnames
                0x00000000       0x1f /vagrant/gnuarm/lib/gcc/arm-elf/4.4.2/thumb/interwork/libgcc.a(_muldi3.o)
 .debug_pubnames
                0x0000001f       0x1f /vagrant/gnuarm/lib/gcc/arm-elf/4.4.2/thumb/interwork/libgcc.a(_divdi3.o)
 .debug_pubnames
                0x0000003e       0x1d /vagrant/gnuarm/lib/gcc/arm-elf/4.4.2/../../../../arm-elf/lib/thumb/interwork/libc.a(lib_a-memcpy.o)
 .debug_pubnames
                0x0000005b       0x1d /vagrant/gnuarm/lib/gcc/arm-elf/4.4.2/../../../../arm-elf/lib/thumb/interwork/libc.a(lib_a-memset.o)
 .debug_pubnames
                0x00000078       0x1d /vagrant/gnuarm/lib/gcc/arm-elf/4.4.2/../../../../arm-elf/lib/thumb/interwork/libc.a(lib_a-strcmp.o)
 .debug_pubnames
                0x00000095       0x1d /vagrant/gnuarm/lib/gcc/arm-elf/4.4.2/../../../../arm-elf/lib/thumb/interwork/libc.a(lib_a-strcpy.o)
 .debug_pubnames
                0x000000b2       0x1d /vagrant/gnuarm/lib/gcc/arm-elf/4.4.2/../../../../arm-elf/lib/thumb/interwork/libc.a(lib_a-strlen.o)
 .debug_pubnames
                0x000000cf       0x1e /vagrant/gnuarm/lib/gcc/arm-elf/4.4.2/../../../../arm-elf/lib/thumb/interwork/libc.a(lib_a-strncpy.o)

.debug_ranges   0x00000000      0x120
 .debug_ranges  0x00000000       0x40 /vagrant/gnuarm/lib/gcc/arm-elf/4.4.2/thumb/interwork/libgcc.a(_muldi3.o)
 .debug_ranges  0x00000040       0xe0 /vagrant/gnuarm/lib/gcc/arm-elf/4.4.2/thumb/interwork/libgcc.a(_divdi3.o)

.debug_str      0x00000000      0x340
 .debug_str     0x00000000      0x12f /vagrant/gnuarm/lib/gcc/arm-elf/4.4.2/thumb/interwork/libgcc.a(_muldi3.o)
                                0x183 (size before relaxing)
 .debug_str     0x0000012f       0x3c /vagrant/gnuarm/lib/gcc/arm-elf/4.4.2/thumb/interwork/libgcc.a(_divdi3.o)
                                0x1b6 (size before relaxing)
 .debug_str     0x0000016b       0x6c /vagrant/gnuarm/lib/gcc/arm-elf/4.4.2/../../../../arm-elf/lib/thumb/interwork/libc.a(lib_a-memcpy.o)
                                0x101 (size before relaxing)
 .debug_str     0x000001d7       0x52 /vagrant/gnuarm/lib/gcc/arm-elf/4.4.2/../../../../arm-elf/lib/thumb/interwork/libc.a(lib_a-memset.o)
                                 0xee (size before relaxing)
 .debug_str     0x00000229       0x43 /vagrant/gnuarm/lib/gcc/arm-elf/4.4.2/../../../../arm-elf/lib/thumb/interwork/libc.a(lib_a-strcmp.o)
                                 0xd8 (size before relaxing)
 .debug_str     0x0000026c       0x43 /vagrant/gnuarm/lib/gcc/arm-elf/4.4.2/../../../../arm-elf/lib/thumb/interwork/libc.a(lib_a-strcpy.o)
                                 0xd8 (size before relaxing)
 .debug_str     0x000002af       0x4b /vagrant/gnuarm/lib/gcc/arm-elf/4.4.2/../../../../arm-elf/lib/thumb/interwork/libc.a(lib_a-strlen.o)
                                 0xe7 (size before relaxing)
 .debug_str     0x000002fa       0x46 /vagrant/gnuarm/lib/gcc/arm-elf/4.4.2/../../../../arm-elf/lib/thumb/interwork/libc.a(lib_a-strncpy.o)
                                0x104 (size before relaxing)

Cross Reference Table

Symbol                                            File
NXT_COLORSENSOR_PROTOCOLS                         ../../ecrobot/../ecrobot/libecrobot.a(ecrobot_interface.o)
NXT_Entry_Point                                   build/nxt_entry_point.o
                                                  build/nxt_binary_header.o
___kernel_call_texrtn_from_arm                    linker stubs
__adddf3                                          /vagrant/gnuarm/lib/gcc/arm-elf/4.4.2/thumb/interwork/libgcc.a(_arm_addsubdf3.o)
__aeabi_cdcmpeq                                   /vagrant/gnuarm/lib/gcc/arm-elf/4.4.2/thumb/interwork/libgcc.a(_arm_cmpdf2.o)
__aeabi_cdcmple                                   /vagrant/gnuarm/lib/gcc/arm-elf/4.4.2/thumb/interwork/libgcc.a(_arm_cmpdf2.o)
__aeabi_cdrcmple                                  /vagrant/gnuarm/lib/gcc/arm-elf/4.4.2/thumb/interwork/libgcc.a(_arm_cmpdf2.o)
__aeabi_dadd                                      /vagrant/gnuarm/lib/gcc/arm-elf/4.4.2/thumb/interwork/libgcc.a(_arm_addsubdf3.o)
__aeabi_dcmpeq                                    /vagrant/gnuarm/lib/gcc/arm-elf/4.4.2/thumb/interwork/libgcc.a(_arm_cmpdf2.o)
__aeabi_dcmpge                                    /vagrant/gnuarm/lib/gcc/arm-elf/4.4.2/thumb/interwork/libgcc.a(_arm_cmpdf2.o)
__aeabi_dcmpgt                                    /vagrant/gnuarm/lib/gcc/arm-elf/4.4.2/thumb/interwork/libgcc.a(_arm_cmpdf2.o)
__aeabi_dcmple                                    /vagrant/gnuarm/lib/gcc/arm-elf/4.4.2/thumb/interwork/libgcc.a(_arm_cmpdf2.o)
__aeabi_dcmplt                                    /vagrant/gnuarm/lib/gcc/arm-elf/4.4.2/thumb/interwork/libgcc.a(_arm_cmpdf2.o)
__aeabi_ddiv                                      /vagrant/gnuarm/lib/gcc/arm-elf/4.4.2/thumb/interwork/libgcc.a(_arm_muldivdf3.o)
__aeabi_dmul                                      /vagrant/gnuarm/lib/gcc/arm-elf/4.4.2/thumb/interwork/libgcc.a(_arm_muldivdf3.o)
__aeabi_drsub                                     /vagrant/gnuarm/lib/gcc/arm-elf/4.4.2/thumb/interwork/libgcc.a(_arm_addsubdf3.o)
__aeabi_dsub                                      /vagrant/gnuarm/lib/gcc/arm-elf/4.4.2/thumb/interwork/libgcc.a(_arm_addsubdf3.o)
__aeabi_f2d                                       /vagrant/gnuarm/lib/gcc/arm-elf/4.4.2/thumb/interwork/libgcc.a(_arm_addsubdf3.o)
__aeabi_i2d                                       /vagrant/gnuarm/lib/gcc/arm-elf/4.4.2/thumb/interwork/libgcc.a(_arm_addsubdf3.o)
__aeabi_idiv                                      /vagrant/gnuarm/lib/gcc/arm-elf/4.4.2/thumb/interwork/libgcc.a(_divsi3.o)
__aeabi_idiv0                                     /vagrant/gnuarm/lib/gcc/arm-elf/4.4.2/thumb/interwork/libgcc.a(_dvmd_tls.o)
__aeabi_idivmod                                   /vagrant/gnuarm/lib/gcc/arm-elf/4.4.2/thumb/interwork/libgcc.a(_divsi3.o)
__aeabi_l2d                                       /vagrant/gnuarm/lib/gcc/arm-elf/4.4.2/thumb/interwork/libgcc.a(_arm_addsubdf3.o)
__aeabi_ldiv0                                     /vagrant/gnuarm/lib/gcc/arm-elf/4.4.2/thumb/interwork/libgcc.a(_dvmd_tls.o)
__aeabi_ui2d                                      /vagrant/gnuarm/lib/gcc/arm-elf/4.4.2/thumb/interwork/libgcc.a(_arm_addsubdf3.o)
__aeabi_uidiv                                     /vagrant/gnuarm/lib/gcc/arm-elf/4.4.2/thumb/interwork/libgcc.a(_udivsi3.o)
__aeabi_uidivmod                                  /vagrant/gnuarm/lib/gcc/arm-elf/4.4.2/thumb/interwork/libgcc.a(_udivsi3.o)
__aeabi_ul2d                                      /vagrant/gnuarm/lib/gcc/arm-elf/4.4.2/thumb/interwork/libgcc.a(_arm_addsubdf3.o)
__bss_end__                                       build/ecrobot_init.o
__bss_start__                                     build/ecrobot_init.o
__clzsi2                                          /vagrant/gnuarm/lib/gcc/arm-elf/4.4.2/thumb/interwork/libgcc.a(_clzsi2.o)
                                                  /vagrant/gnuarm/lib/gcc/arm-elf/4.4.2/thumb/interwork/libgcc.a(_divdi3.o)
__cmpdf2                                          /vagrant/gnuarm/lib/gcc/arm-elf/4.4.2/thumb/interwork/libgcc.a(_arm_cmpdf2.o)
__ctor_begin                                      build/ecrobot_base.o
__ctor_end                                        build/ecrobot_base.o
__data_load_end__                                 build/ecrobot_init.o
__data_load_start__                               build/ecrobot_init.o
__data_ram_start__                                build/ecrobot_init.o
__div0                                            /vagrant/gnuarm/lib/gcc/arm-elf/4.4.2/thumb/interwork/libgcc.a(_dvmd_tls.o)
                                                  /vagrant/gnuarm/lib/gcc/arm-elf/4.4.2/thumb/interwork/libgcc.a(_modsi3.o)
                                                  /vagrant/gnuarm/lib/gcc/arm-elf/4.4.2/thumb/interwork/libgcc.a(_umodsi3.o)
                                                  /vagrant/gnuarm/lib/gcc/arm-elf/4.4.2/thumb/interwork/libgcc.a(_divsi3.o)
                                                  /vagrant/gnuarm/lib/gcc/arm-elf/4.4.2/thumb/interwork/libgcc.a(_udivsi3.o)
__divdf3                                          /vagrant/gnuarm/lib/gcc/arm-elf/4.4.2/thumb/interwork/libgcc.a(_arm_muldivdf3.o)
__divdi3                                          /vagrant/gnuarm/lib/gcc/arm-elf/4.4.2/thumb/interwork/libgcc.a(_divdi3.o)
                                                  ../../ecrobot/../ecrobot/libecrobot.a(sound.oram)
__divsi3                                          /vagrant/gnuarm/lib/gcc/arm-elf/4.4.2/thumb/interwork/libgcc.a(_divsi3.o)
                                                  ../../ecrobot/../ecrobot/libecrobot.a(sound.oram)
                                                  ../../ecrobot/../ecrobot/libecrobot.a(uart.oram)
__dtor_begin                                      build/ecrobot_base.o
__dtor_end                                        build/ecrobot_base.o
__eqdf2                                           /vagrant/gnuarm/lib/gcc/arm-elf/4.4.2/thumb/interwork/libgcc.a(_arm_cmpdf2.o)
__extendsfdf2                                     /vagrant/gnuarm/lib/gcc/arm-elf/4.4.2/thumb/interwork/libgcc.a(_arm_addsubdf3.o)
__floatdidf                                       /vagrant/gnuarm/lib/gcc/arm-elf/4.4.2/thumb/interwork/libgcc.a(_arm_addsubdf3.o)
__floatsidf                                       /vagrant/gnuarm/lib/gcc/arm-elf/4.4.2/thumb/interwork/libgcc.a(_arm_addsubdf3.o)
                                                  ../../ecrobot/../ecrobot/libecrobot.a(colorsensor.o)
__floatundidf                                     /vagrant/gnuarm/lib/gcc/arm-elf/4.4.2/thumb/interwork/libgcc.a(_arm_addsubdf3.o)
__floatunsidf                                     /vagrant/gnuarm/lib/gcc/arm-elf/4.4.2/thumb/interwork/libgcc.a(_arm_addsubdf3.o)
__gedf2                                           /vagrant/gnuarm/lib/gcc/arm-elf/4.4.2/thumb/interwork/libgcc.a(_arm_cmpdf2.o)
__gtdf2                                           /vagrant/gnuarm/lib/gcc/arm-elf/4.4.2/thumb/interwork/libgcc.a(_arm_cmpdf2.o)
                                                  ../../ecrobot/../ecrobot/libecrobot.a(colorsensor.o)
__irq_stack__                                     build/ecrobot_init.o
__kernel_start_from_arm                           linker stubs
__ledf2                                           /vagrant/gnuarm/lib/gcc/arm-elf/4.4.2/thumb/interwork/libgcc.a(_arm_cmpdf2.o)
__ltdf2                                           /vagrant/gnuarm/lib/gcc/arm-elf/4.4.2/thumb/interwork/libgcc.a(_arm_cmpdf2.o)
__modsi3                                          /vagrant/gnuarm/lib/gcc/arm-elf/4.4.2/thumb/interwork/libgcc.a(_modsi3.o)
                                                  ../../ecrobot/../ecrobot/libecrobot.a(sound.oram)
__muldf3                                          /vagrant/gnuarm/lib/gcc/arm-elf/4.4.2/thumb/interwork/libgcc.a(_arm_muldivdf3.o)
                                                  ../../ecrobot/../ecrobot/libecrobot.a(colorsensor.o)
__muldi3                                          /vagrant/gnuarm/lib/gcc/arm-elf/4.4.2/thumb/interwork/libgcc.a(_muldi3.o)
                                                  ../../ecrobot/../ecrobot/libecrobot.a(sound.oram)
__nedf2                                           /vagrant/gnuarm/lib/gcc/arm-elf/4.4.2/thumb/interwork/libgcc.a(_arm_cmpdf2.o)
__ramtext_load_end__                              build/ecrobot_init.o
__ramtext_load_start__                            build/ecrobot_init.o
__ramtext_ram_start__                             build/ecrobot_init.o
__stack_end__                                     build/ecrobot_init.o
__stack_start__                                   build/ecrobot_init.o
__subdf3                                          /vagrant/gnuarm/lib/gcc/arm-elf/4.4.2/thumb/interwork/libgcc.a(_arm_addsubdf3.o)
__system_stack__                                  build/ecrobot_init.o
__udivsi3                                         /vagrant/gnuarm/lib/gcc/arm-elf/4.4.2/thumb/interwork/libgcc.a(_udivsi3.o)
                                                  /vagrant/gnuarm/lib/gcc/arm-elf/4.4.2/thumb/interwork/libgcc.a(_divdi3.o)
                                                  ../../ecrobot/../ecrobot/libecrobot.a(sound.oram)
                                                  ../../ecrobot/../ecrobot/libecrobot.a(display.oram)
                                                  ../../ecrobot/../ecrobot/libecrobot.a(ecrobot_interface.o)
                                                  build/library/log_output.oram
                                                  build/ecrobot_base.o
__umodsi3                                         /vagrant/gnuarm/lib/gcc/arm-elf/4.4.2/thumb/interwork/libgcc.a(_umodsi3.o)
                                                  /vagrant/gnuarm/lib/gcc/arm-elf/4.4.2/thumb/interwork/libgcc.a(_divdi3.o)
                                                  ../../ecrobot/../ecrobot/libecrobot.a(display.oram)
                                                  build/library/log_output.oram
                                                  build/kernel/mempfix.o
__vectors_load_end__                              build/ecrobot_init.o
__vectors_load_start__                            build/ecrobot_init.o
__vectors_ram_start__                             build/ecrobot_init.o
_checker_magic_number                             build/./kernel_cfg.o
_kernel_activate_r                                build/config/armv4/cpu_support.oram
                                                  build/kernel/task.o
_kernel_break_wait                                build/config/armv4/cpu_support.oram
_kernel_call_cychdr                               build/kernel/cyclic.o
_kernel_call_inirtn                               build/./kernel_cfg.o
                                                  build/kernel/startup.o
_kernel_call_terrtn                               build/./kernel_cfg.o
                                                  build/kernel/startup.o
_kernel_call_texrtn                               build/kernel/task.o
                                                  build/config/armv4/cpu_support.oram
                                                  build/kernel/task_except.o
_kernel_change_priority                           build/kernel/task.o
                                                  build/kernel/task_manage.o
_kernel_cpu_initialize                            build/config/armv4/cpu_config.o
                                                  build/kernel/startup.o
_kernel_cpu_terminate                             build/config/armv4/cpu_config.o
                                                  build/kernel/startup.o
_kernel_current_time                              build/kernel/time_manage.o
                                                  build/kernel/time_event.o
                                                  build/kernel/syslog.o
_kernel_cyccb_table                               build/./kernel_cfg.o
                                                  build/kernel/cyclic.o
_kernel_cycinib_table                             build/./kernel_cfg.o
                                                  build/kernel/cyclic.o
_kernel_cyclic_initialize                         build/kernel/cyclic.o
_kernel_dataqueue_initialize                      build/kernel/dataqueue.o
_kernel_dequeue_data                              build/kernel/dataqueue.o
_kernel_dispatch                                  build/config/armv4/cpu_support.oram
                                                  build/kernel/task_sync.o
                                                  build/kernel/task_manage.o
                                                  build/kernel/sys_manage.o
                                                  build/kernel/semaphore.o
                                                  build/kernel/mempfix.o
                                                  build/kernel/mailbox.o
                                                  build/kernel/eventflag.o
                                                  build/kernel/dataqueue.o
_kernel_dtqcb_table                               build/./kernel_cfg.o
                                                  build/kernel/dataqueue.o
_kernel_dtqinib_table                             build/./kernel_cfg.o
                                                  build/kernel/dataqueue.o
_kernel_enadsp                                    build/config/armv4/cpu_support.oram
                                                  build/kernel/task_sync.o
                                                  build/kernel/task_manage.o
                                                  build/kernel/task.o
                                                  build/kernel/sys_manage.o
                                                  build/kernel/semaphore.o
                                                  build/kernel/mempfix.o
                                                  build/kernel/mailbox.o
                                                  build/kernel/exception.o
                                                  build/kernel/eventflag.o
                                                  build/kernel/dataqueue.o
_kernel_enqueue_data                              build/kernel/dataqueue.o
_kernel_eventflag_cond                            build/kernel/eventflag.o
_kernel_eventflag_initialize                      build/kernel/eventflag.o
_kernel_exception_initialize                      build/kernel/exception.o
_kernel_excinib_table                             build/./kernel_cfg.o
                                                  build/kernel/exception.o
_kernel_exit_and_dispatch                         build/config/armv4/cpu_support.oram
                                                  build/kernel/task.o
                                                  build/kernel/startup.o
_kernel_exit_task                                 build/kernel/task.o
                                                  build/kernel/task_manage.o
_kernel_flgcb_table                               build/./kernel_cfg.o
                                                  build/kernel/eventflag.o
_kernel_flginib_table                             build/./kernel_cfg.o
                                                  build/kernel/eventflag.o
_kernel_force_enqueue_data                        build/kernel/dataqueue.o
_kernel_inhinib_table                             build/./kernel_cfg.o
                                                  build/kernel/interrupt.o
_kernel_iniflg                                    build/config/armv4/at91sam7s/irq.oram
                                                  build/kernel/startup.o
_kernel_int_stack                                 build/config/armv4/cpu_config.o
_kernel_int_table                                 build/config/armv4/at91sam7s/irq.oram
                                                  build/config/armv4/at91sam7s/sys_config.o
_kernel_interrupt_count                           build/config/armv4/at91sam7s/irq.oram
                                                  build/config/armv4/cpu_support.oram
                                                  build/config/armv4/cpu_config.o
                                                  build/kernel/time_manage.o
                                                  build/kernel/time_event.o
                                                  build/kernel/task_sync.o
                                                  build/kernel/task_manage.o
                                                  build/kernel/task_except.o
                                                  build/kernel/sys_manage.o
                                                  build/kernel/semaphore.o
                                                  build/kernel/mempfix.o
                                                  build/kernel/mailbox.o
                                                  build/kernel/exception.o
                                                  build/kernel/eventflag.o
                                                  build/kernel/dataqueue.o
                                                  build/kernel/cyclic.o
_kernel_interrupt_initialize                      build/kernel/interrupt.o
                                                  build/./kernel_cfg.o
_kernel_last_index                                build/kernel/time_event.o
_kernel_mailbox_initialize                        build/kernel/mailbox.o
_kernel_make_active                               build/kernel/task.o
                                                  build/kernel/task_manage.o
_kernel_make_dormant                              build/kernel/task.o
                                                  build/kernel/task_manage.o
_kernel_make_non_runnable                         build/kernel/task.o
                                                  build/kernel/wait.o
                                                  build/kernel/task_sync.o
                                                  build/kernel/task_manage.o
                                                  build/kernel/dataqueue.o
_kernel_make_runnable                             build/kernel/task.o
                                                  build/kernel/wait.o
                                                  build/kernel/task_sync.o
_kernel_make_wait_tmout                           build/kernel/wait.o
                                                  build/kernel/task_sync.o
                                                  build/kernel/dataqueue.o
_kernel_mbxcb_table                               build/./kernel_cfg.o
                                                  build/kernel/mailbox.o
_kernel_mbxinib_table                             build/./kernel_cfg.o
                                                  build/kernel/mailbox.o
_kernel_mempfix_get_block                         build/kernel/mempfix.o
_kernel_mempfix_initialize                        build/kernel/mempfix.o
_kernel_mpfcb_table                               build/./kernel_cfg.o
                                                  build/kernel/mempfix.o
_kernel_mpfinib_table                             build/./kernel_cfg.o
                                                  build/kernel/mempfix.o
_kernel_next_time                                 build/kernel/wait.o
                                                  build/kernel/time_event.o
                                                  build/kernel/task_sync.o
                                                  build/kernel/cyclic.o
_kernel_object_initialize                         build/./kernel_cfg.o
                                                  build/kernel/startup.o
_kernel_print_banner                              build/kernel/banner.o
                                                  build/kernel/startup.o
_kernel_ready_primap                              build/kernel/task.o
_kernel_ready_queue                               build/kernel/task.o
_kernel_receive_data_swait                        build/kernel/dataqueue.o
_kernel_reqflg                                    build/config/armv4/at91sam7s/irq.oram
                                                  build/kernel/wait.o
                                                  build/kernel/task_sync.o
                                                  build/kernel/task_manage.o
                                                  build/kernel/task_except.o
                                                  build/kernel/task.o
                                                  build/kernel/sys_manage.o
                                                  build/kernel/semaphore.o
                                                  build/kernel/eventflag.o
                                                  build/kernel/dataqueue.o
_kernel_ret_exc                                   build/config/armv4/cpu_support.oram
_kernel_ret_int                                   build/config/armv4/cpu_support.oram
                                                  build/config/armv4/at91sam7s/irq.oram
_kernel_rotate_ready_queue                        build/kernel/task.o
                                                  build/kernel/sys_manage.o
_kernel_runtsk                                    build/config/armv4/cpu_support.oram
                                                  build/kernel/wait.o
                                                  build/kernel/task_sync.o
                                                  build/kernel/task_manage.o
                                                  build/kernel/task_except.o
                                                  build/kernel/task.o
                                                  build/kernel/sys_manage.o
                                                  build/kernel/exception.o
                                                  build/kernel/dataqueue.o
_kernel_schedtsk                                  build/config/armv4/cpu_support.oram